  4013D0      8E5 Code                ABBREAK_TEXT
  401CB8     4A73 Code                ABBROWSE_TEXT
  40672C     112F Code                ABEIP_TEXT
  40785C     28B4 Code                ABERROR_TEXT
  40A110     63E7 Code                ABFILE_TEXT
  4104F8      159 Code                ABFUZZY_TEXT
  410654     21CC Code                ABPOPUP_TEXT
  412820     27F6 Code                ABQUERY_TEXT
  415018     157A Code                ABREPORT_TEXT
  416594     1D40 Code                ABRESIZE_TEXT
  4182D4       37 Code                ABRPATMG_TEXT
  41830C      DFD Code                ABRPPSEL_TEXT
  41910C      8C2 Code                ABTOOLBA_TEXT
  4199D0     2B0D Code                ABUTIL_TEXT
  41C4E0     1DF6 Code                ABWINDOW_TEXT
  41E2D8     56E6 Code                ABWMFPAR_TEXT
  4239C0       80 Code                CWSYNCHC_TEXT
  423A40       23 Code                IEXE32_TEXT
  423A64      937 Code                INIT_TEXT
  42439C       37 Code                INST00_TEXT
  4243D4      482 Code                PADRON001_TEXT
  424858     1CF6 Code                PADRON002_TEXT
  426550      993 Code                PADRON014_TEXT
  426EE4     219A Code                PADRON015_TEXT
  429080      6DF Code                PADRON016_TEXT
  429760      814 Code                PADRON017_TEXT
  429F74      936 Code                PADRON018_TEXT
  42A8AC      7B3 Code                PADRON019_TEXT
  42B060      6DF Code                PADRON020_TEXT
  42B740      777 Code                PADRON021_TEXT
  42BEB8      B9E Code                PADRON022_TEXT
  42CA58      757 Code                PADRON023_TEXT
  42D1B0     1B2F Code                PADRON024_TEXT
  42ECE0     47F6 Code                PADRON_BC0_TEXT
  4334D8       13 Code                PADRON_BC_TEXT
  4334EC       B0 Code                PADRON_TEXT
  434000     1290 Initialized Data    $DEFAULTERRORS_DATA
  435290       6F Initialized Data    ABBREAK_CONST
  435300      105 Initialized Data    ABBROWSE_CONST
  435408      AD0 Initialized Data    ABBROWSE_DATA
  435ED8       23 Initialized Data    ABEIP_CONST
  435EFC       B4 Initialized Data    ABEIP_DATA
  435FB0      16F Initialized Data    ABERROR_CONST
  436120      AA4 Initialized Data    ABERROR_DATA
  436BC4       CD Initialized Data    ABFILE_CONST
  436C94      410 Initialized Data    ABFILE_DATA
  4370A4       B4 Initialized Data    ABFUZZY_DATA
  437158       2D Initialized Data    ABPOPUP_CONST
  437188      128 Initialized Data    ABPOPUP_DATA
  4372B0       DE Initialized Data    ABQUERY_CONST
  437390       87 Initialized Data    ABQUERY_DATA
  437418       46 Initialized Data    ABREPORT_CONST
  437460       47 Initialized Data    ABREPORT_DATA
  4374A8       30 Initialized Data    ABRESIZE_CONST
  4374D8      23F Initialized Data    ABRESIZE_DATA
  437718        1 Initialized Data    ABRPATMG_CONST
  43771C       44 Initialized Data    ABRPATMG_DATA
  437760       7F Initialized Data    ABRPPSEL_CONST
  4377E0      11D Initialized Data    ABRPPSEL_DATA
  437900      390 Initialized Data    ABTOOLBA_DATA
  437C90       71 Initialized Data    ABUTIL_CONST
  437D04      261 Initialized Data    ABUTIL_DATA
  437F68       9B Initialized Data    ABWINDOW_DATA
  438004      104 Initialized Data    ABWMFPAR_CONST
  438108      E61 Initialized Data    ABWMFPAR_DATA
  438F6C       48 Initialized Data    CWSYNCHC_DATA
  438FB4        E Initialized Data    CWUTIL_CONST
  438FC4       36 Initialized Data    CWUTIL_DATA
  438FFC       44 Initialized Data    IEXE32_DATA
  439040       3C Initialized Data    PADRON001_CONST
  43907C      28C Initialized Data    PADRON001_DATA
  439308       77 Initialized Data    PADRON002_CONST
  439380      A90 Initialized Data    PADRON002_DATA
  439E10       80 Initialized Data    PADRON014_CONST
  439E90      63C Initialized Data    PADRON014_DATA
  43A4CC       60 Initialized Data    PADRON015_CONST
  43A52C      3D0 Initialized Data    PADRON015_DATA
  43A8FC       33 Initialized Data    PADRON016_CONST
  43A930      908 Initialized Data    PADRON016_DATA
  43B238       33 Initialized Data    PADRON017_CONST
  43B26C      940 Initialized Data    PADRON017_DATA
  43BBAC       33 Initialized Data    PADRON018_CONST
  43BBE0      950 Initialized Data    PADRON018_DATA
  43C530       31 Initialized Data    PADRON019_CONST
  43C564      938 Initialized Data    PADRON019_DATA
  43CE9C       32 Initialized Data    PADRON020_CONST
  43CED0      910 Initialized Data    PADRON020_DATA
  43D7E0       41 Initialized Data    PADRON021_CONST
  43D824      920 Initialized Data    PADRON021_DATA
  43E144       5F Initialized Data    PADRON022_CONST
  43E1A4      9A4 Initialized Data    PADRON022_DATA
  43EB48       39 Initialized Data    PADRON023_CONST
  43EB84      93C Initialized Data    PADRON023_DATA
  43F4C0       9D Initialized Data    PADRON024_CONST
  43F560     18F0 Initialized Data    PADRON024_DATA
  440E50       B8 Initialized Data    PADRON_BC0_CONST
  440F08     41E0 Initialized Data    PADRON_BC0_DATA
  4450E8      70F Initialized Data    PADRON_CONST
  4457F8     102C Initialized Data    PADRON_DATA
  446824        0 Initialized Data    __CPPINI_CONS
  446824      3D4 Initialized Data    __CPPINI_CONST
  446BF8        4 Initialized Data    __CPPINI_END
  446BFC        0 Initialized Data    __INIVMT_CONS
  446BFC      348 Initialized Data    __INIVMT_CONST
  446F44        0 Initialized Data    __INIVMT_CONST_END
  446F50     1623 Un-initialized Data $FUZZYMATCHER_BSS
  448574       40 Un-initialized Data ABEIP_BSS
  4485B4      404 Un-initialized Data ABERROR_BSS
  4489B8       10 Un-initialized Data ABFILE_BSS
  4489C8        4 Un-initialized Data ABFUZZY_BSS
  4489CC      104 Un-initialized Data ABUTIL_BSS
  448AD0        0 Un-initialized Data ABWMFPAR_BSS
  448AD0        0 Un-initialized Data CWUTIL_BSS
  448AD0      14C Un-initialized Data PADRON_BSS
  449000        8 __T_L_S__DAT
  449008     13D8 __T_L_S__DATA
  44A3E0        0 __T_L_S__DATA_END
  44A3E0        0 __T_L_S__BS
  44A3E0    14160 __T_L_S__BSS
  45E540        0 __T_L_S__BSS_END

  4013D0 EVALUATELEVEL@F17LEVELMANAGERCLASSs
  40145C RESTORERESETBUFFER@F17LEVELMANAGERCLASSs
  4014D4 SAVERESETBUFFER@F17LEVELMANAGERCLASSs
  40156C RESTOREBUFFEROFF@F17LEVELMANAGERCLASS
  4015C0 RESTOREBUFFERON@F17LEVELMANAGERCLASS
  40162C SAVEBUFFER@F17LEVELMANAGERCLASS
  401680 REFRESHFIELDS@F17LEVELMANAGERCLASSs
  4017B8 RESETTOTALS@F17LEVELMANAGERCLASSs
  40188C ASKLEVELOFF@F17LEVELMANAGERCLASSs
  401954 ASKLEVELON@F17LEVELMANAGERCLASSs
  4019C0 ASKLEVEL@F17LEVELMANAGERCLASSUc
  401A80 RESET@F17LEVELMANAGERCLASS
  401C0C ASKBREAK@F17BREAKMANAGERCLASSUc
  401C64 RESET@F17BREAKMANAGERCLASS
  4022D4 KILL_@_WINDOWCOMPONENT_@_BROWSECLASS@F15WINDOWCOMPONENT
  4022E4 RESET_@_WINDOWCOMPONENT_@_BROWSECLASS@F15WINDOWCOMPONENTUc
  4022F8 RESETREQUIRED_@_WINDOWCOMPONENT_@_BROWSECLASS@F15WINDOWCOMPONENT
  402308 SETALERTS_@_WINDOWCOMPONENT_@_BROWSECLASS@F15WINDOWCOMPONENT
  40231C TAKEEVENT_@_WINDOWCOMPONENT_@_BROWSECLASS@F15WINDOWCOMPONENT
  402330 UPDATE_@_WINDOWCOMPONENT_@_BROWSECLASS@F15WINDOWCOMPONENT
  402344 UPDATEWINDOW_@_WINDOWCOMPONENT_@_BROWSECLASS@F15WINDOWCOMPONENT
  402358 DOSHOWWAITCURSOR@F11BROWSECLASSUc
  402390 SHOWWAITCURSOR@F11BROWSECLASSUc
  4023A4 SETUSEWAITCURSOR@F11BROWSECLASSUc
  4023AC UPDATEWINDOW@F11BROWSECLASS
  40258C UPDATEVIEWRECORD@F11BROWSECLASS
  402670 UPDATETOOLBARBUTTONS@F11BROWSECLASS
  4026F8 UPDATETHUMBFIXED@F11BROWSECLASS
  4028A8 UPDATETHUMB@F11BROWSECLASS
  402B4C UPDATERESETS@F11BROWSECLASS
  402B60 UPDATEBUFFER@F11BROWSECLASS
  402B98 TAKEVCRSCROLL@F11BROWSECLASSl
  402C80 TAKESCROLL@F11BROWSECLASSl
  402D04 TAKENEWSELECTION@F11BROWSECLASS
  402D98 TAKELOCATE@F11BROWSECLASS
  402E10 TAKEKEY@F11BROWSECLASS
  4030B4 TAKEEVENT@F11BROWSECLASS
  4037C4 TAKECHOICECHANGED@F11BROWSECLASS
  40382C TAKEACCEPTEDLOCATOR@F11BROWSECLASS
  403920 GETUSEMRP@F11BROWSECLASS
  403924 SETUSEMRP@F11BROWSECLASSUc
  403928 SETUSEPOPUP@F11BROWSECLASSUc
  40392C SETSORT@F11BROWSECLASSUcUc
  403A68 SETQUEUERECORD@F11BROWSECLASS
  403A88 SETALERTS@F11BROWSECLASS
  403F9C SCROLLPAGE@F11BROWSECLASSl
  404080 SCROLLONE@F11BROWSECLASSl
  4040E0 SCROLLEND@F11BROWSECLASSl
  404158 SAVESORT@F11BROWSECLASS
  40424C RESETTHUMBLIMITS@F11BROWSECLASS
  404388 RESETSORT@F11BROWSECLASSUc
  4043AC RESETRESETS@F11BROWSECLASS
  4043C0 RESETQUEUE@F11BROWSECLASSUc
  404968 RESETFROMVIEW@F11BROWSECLASS
  4049A0 RESETFROMFILE@F11BROWSECLASS
  4049C4 RESETFROMBUFFER@F11BROWSECLASS
  404A34 RESETFROMASK@F11BROWSECLASSRUcRUc
  404C2C REPLACESORT@F11BROWSECLASSsb12LOCATORCLASS9STEPCLASS
  404D04 RECORDS@F11BROWSECLASS
  404D6C PREVIOUS@F11BROWSECLASS
  404DB8 POSTNEWSELECTION@F11BROWSECLASS
  404E10 NOTIFYUPDATEERROR@F11BROWSECLASS
  404E30 NEXT@F11BROWSECLASS
  404E7C KILL@F11BROWSECLASS
  4050C0 INITSORT@F11BROWSECLASSUc
  405114 INIT@F11BROWSECLASS12ILISTCONTROLBi11BROWSEQUEUE15RELATIONMANAGER13WINDOWMANAGER
  405220 INIT@F11BROWSECLASSlRsbBiBq15RELATIONMANAGER13WINDOWMANAGER
  405284 FETCH@F11BROWSECLASSUc
  405510 CHECKEIP@F11BROWSECLASS
  4055D4 ASKRECORD@F11BROWSECLASSUc
  4055E8 ASK@F11BROWSECLASSUc
  4056B8 APPLYRANGE@F11BROWSECLASS
  405724 ADDTOOLBARTARGET@F11BROWSECLASS12TOOLBARCLASS
  405778 ADDSORTORDER@F11BROWSECLASS9STEPCLASSBk
  4057F4 ADDLOCATOR@F11BROWSECLASS12LOCATORCLASS
  405810 ADDFIELD@F11BROWSECLASSRlRl
  405870 ADDFIELD@F11BROWSECLASSRuRu
  4058B0 RECORDS_@_BROWSEQUEUE_@_STANDARDBEHAVIOR@F11BROWSEQUEUE
  4058BC INSERT_@_BROWSEQUEUE_@_STANDARDBEHAVIOR@F11BROWSEQUEUE
  4058C8 INSERT_@_BROWSEQUEUE_@_STANDARDBEHAVIOR@F11BROWSEQUEUEl
  4058D4 FETCH_@_BROWSEQUEUE_@_STANDARDBEHAVIOR@F11BROWSEQUEUEl
  4058E0 UPDATE_@_BROWSEQUEUE_@_STANDARDBEHAVIOR@F11BROWSEQUEUE
  4058EC DELETE_@_BROWSEQUEUE_@_STANDARDBEHAVIOR@F11BROWSEQUEUE
  4058F8 FREE_@_BROWSEQUEUE_@_STANDARDBEHAVIOR@F11BROWSEQUEUE
  405904 WHO_@_BROWSEQUEUE_@_STANDARDBEHAVIOR@F11BROWSEQUEUEl
  405914 GETVIEWPOSITION_@_BROWSEQUEUE_@_STANDARDBEHAVIOR@F11BROWSEQUEUE
  40592C SETVIEWPOSITION_@_BROWSEQUEUE_@_STANDARDBEHAVIOR@F11BROWSEQUEUEsb
  405964 CHOICE_@_ILISTCONTROL_@_STANDARDBEHAVIOR@F12ILISTCONTROL
  405970 GETCONTROL_@_ILISTCONTROL_@_STANDARDBEHAVIOR@F12ILISTCONTROL
  405974 GETITEMS_@_ILISTCONTROL_@_STANDARDBEHAVIOR@F12ILISTCONTROL
  4059A8 GETVISIBLE_@_ILISTCONTROL_@_STANDARDBEHAVIOR@F12ILISTCONTROL
  4059DC SETCHOICE_@_ILISTCONTROL_@_STANDARDBEHAVIOR@F12ILISTCONTROLl
  405A30 SETCONTROL_@_ILISTCONTROL_@_STANDARDBEHAVIOR@F12ILISTCONTROLl
  405A34 GETSELECTEDITEM_@_ILISTCONTROL_@_STANDARDBEHAVIOR@F12ILISTCONTROL
  405A90 INIT@F16STANDARDBEHAVIORBqRsbl
  405AA8 TAKENEWSELECTION@F16BROWSEEIPMANAGER
  405B40 TAKECOMPLETED@F16BROWSEEIPMANAGERUc
  405D28 KILL@F16BROWSEEIPMANAGER
  405D5C INIT@F16BROWSEEIPMANAGER
  406120 CLEARCOLUMN@F16BROWSEEIPMANAGER
  406168 TAKEKEY@F16STEPLOCATORCLASS
  406394 SET@F16STEPLOCATORCLASS
  406398 INIT@F16STEPLOCATORCLASSlRuUc
  4063C0 UPDATEWINDOW@F12LOCATORCLASS
  4063C8 TAKEACCEPTED@F12LOCATORCLASS
  4063CC SETSHADOW@F12LOCATORCLASSsb
  4063E8 SETENABLED@F12LOCATORCLASSUc
  40642C SETALERTS@F12LOCATORCLASSl
  406430 SETLOCATORFIELD@F12LOCATORCLASSRu
  406484 RESET@F12LOCATORCLASS
  406488 INIT@F12LOCATORCLASSlRuUc11BROWSECLASS
  4064BC INIT@F12LOCATORCLASSlRuUc
  4064D8 GETSHADOW@F12LOCATORCLASS
  4064F4 DESTRUCT@F12LOCATORCLASS
  406508 SETLIMIT@F13STEPLONGCLASSuu
  4065F4 GETVALUE@F13STEPLONGCLASSUc
  406654 GETPERCENTILE@F13STEPLONGCLASSu
  4066FC SETLIMITNEEDED@F9STEPCLASS
  406700 SETLIMIT@F9STEPCLASSuu
  406704 KILL@F9STEPCLASS
  406708 INIT@F9STEPCLASSUc
  40670C GETVALUE@F9STEPCLASSUc
  406728 GETPERCENTILE@F9STEPCLASSu
  40672C TAKENEWSELECTION@F10EIPMANAGER
  4067A4 TAKEFOCUSLOSS@F10EIPMANAGER
  4067F8 TAKEFIELDEVENT@F10EIPMANAGER
  406948 TAKEEVENT@F10EIPMANAGER
  4069D8 TAKECOMPLETED@F10EIPMANAGERUc
  406A24 TAKEACTION@F10EIPMANAGERl
  406D2C TAKEACCEPTALL@F10EIPMANAGER
  406E78 RUN@F10EIPMANAGERUc
  406F10 RESETCOLUMN@F10EIPMANAGER
  406FD8 GETEDIT@F10EIPMANAGER
  407034 NEXT@F10EIPMANAGER
  407110 KILL@F10EIPMANAGER
  407298 INITCONTROLS@F10EIPMANAGER
  4074A4 INIT@F10EIPMANAGER
  407510 CLEARCOLUMN@F10EIPMANAGER
  407558 ADDCONTROL@F10EIPMANAGER9EDITCLASSlUc
  4075B4 CREATECONTROL@F14EDITENTRYCLASS
  4075D8 RESETCONTROL@F9EDITCLASS
  4075DC GETFEQ@F9EDITCLASS
  4075E0 TAKEEVENT@F9EDITCLASSl
  407628 TAKEACCEPTED@F9EDITCLASSUc
  407640 SETREADONLY@F9EDITCLASSUc
  40769C SETALERTS@F9EDITCLASS
  40779C KILL@F9EDITCLASS
  4077CC INIT@F9EDITCLASSllRu
  407978 KILL_@_WINDOWCOMPONENT_@_HISTHANDLERCLASS@F15WINDOWCOMPONENT
  40797C RESET_@_WINDOWCOMPONENT_@_HISTHANDLERCLASS@F15WINDOWCOMPONENTUc
  407980 RESETREQUIRED_@_WINDOWCOMPONENT_@_HISTHANDLERCLASS@F15WINDOWCOMPONENT
  407984 SETALERTS_@_WINDOWCOMPONENT_@_HISTHANDLERCLASS@F15WINDOWCOMPONENT
  407988 TAKEEVENT_@_WINDOWCOMPONENT_@_HISTHANDLERCLASS@F15WINDOWCOMPONENT
  407990 UPDATE_@_WINDOWCOMPONENT_@_HISTHANDLERCLASS@F15WINDOWCOMPONENT
  407994 UPDATEWINDOW_@_WINDOWCOMPONENT_@_HISTHANDLERCLASS@F15WINDOWCOMPONENT
  4079A8 VLBPROC@F16HISTHANDLERCLASSls
  407A54 TAKEEVENT@F16HISTHANDLERCLASS
  407B1C INIT@F16HISTHANDLERCLASSBw10ERRORCLASS16ERRORHISTORYLIST
  407B28 _VLBPROC@F16HISTHANDLERCLASSls
  407B38 TAKEACCEPTED@F11MSGBOXCLASS
  407B74 SETUPADDITIONALFEQS@F11MSGBOXCLASS
  407BFC KILL@F11MSGBOXCLASS
  407C3C INIT@F11MSGBOXCLASS
  407EEC INIT@F11MSGBOXCLASSBw10ERRORCLASSOsbllll
  407F84 FETCHSTDBUTTON@F11MSGBOXCLASSs
  407FB8 GETALLSTATUSVARIABLES@F10ERRORCLASS16ERRORSTATUSGROUP
  407FE8 GETERRORBUFFERFATALITY@F10ERRORCLASS
  408018 GETERRORBUFFERTITLE@F10ERRORCLASS
  408050 GETERRORBUFFERID@F10ERRORCLASS
  408074 SETMESSAGETEXT@F10ERRORCLASSsb
  4080C4 SETKEYNAME@F10ERRORCLASSsb
  408114 SETFIELDNAME@F10ERRORCLASSsb
  408164 SETFILENAME@F10ERRORCLASSsb
  4081B4 STOREERRORENTRY@F10ERRORCLASSUs
  4082E4 GETHISTORYRESETONVIEW@F10ERRORCLASS
  408330 SETHISTORYRESETONVIEW@F10ERRORCLASSUc
  408378 GETHISTORYVIEWLEVEL@F10ERRORCLASS
  4083C4 SETHISTORYVIEWLEVEL@F10ERRORCLASSl
  40840C GETHISTORYTHRESHOLD@F10ERRORCLASS
  408458 SETHISTORYTHRESHOLD@F10ERRORCLASSl
  4084A0 GETLOGERRORS@F10ERRORCLASS
  4084EC GETSILENT@F10ERRORCLASS
  408538 SETDEFAULTCATEGORY@F10ERRORCLASSsa
  408580 GETDEFAULTCATEGORY@F10ERRORCLASS
  4085CC VIEWHISTORY@F10ERRORCLASS
  4085F8 THROWMESSAGE@F10ERRORCLASSssb
  408648 THROW@F10ERRORCLASSs
  40865C TAKEUSER@F10ERRORCLASS
  4086B8 TAKEPROGRAM@F10ERRORCLASS
  4086C0 TAKEOTHER@F10ERRORCLASS
  4086C8 TAKENOTIFY@F10ERRORCLASS
  408714 TAKEFATAL@F10ERRORCLASS
  4087A0 TAKEERROR@F10ERRORCLASSs
  4089A4 TAKEBENIGN@F10ERRORCLASS
  4089A8 SUBSSTRING@F10ERRORCLASS
  408D5C SETPROCEDURENAME@F10ERRORCLASSOsb
  408E0C GETERRORENTRY@F10ERRORCLASSUs15ERRORENTRYGROUPl
  408EB0 GETERRORENTRY@F10ERRORCLASSUs15ERRORENTRYGROUP
  408EE4 SETID@F10ERRORCLASSUsl
  408F1C SETID@F10ERRORCLASSUs
  408F38 SETKEY@F10ERRORCLASSsb
  408F74 SETFILE@F10ERRORCLASSsb
  408FB0 SETFIELD@F10ERRORCLASSsb
  408FEC SETERRORS@F10ERRORCLASS
  409070 SETERRORLOG@F10ERRORCLASS17ERRORLOGINTERFACE
  409110 SETCATEGORY@F10ERRORCLASSssa
  40915C RESETHISTORY@F10ERRORCLASS
  409184 REMOVEERROR@F10ERRORCLASSUs
  4091C4 MESSAGEBOX@F10ERRORCLASSUcsbOsbOsblll
  40925C MSG@F10ERRORCLASSsbOsbOsblll
  4095A8 MESSAGE@F10ERRORCLASSsll
  40960C KILL@F10ERRORCLASS
  4096B0 INIT@F10ERRORCLASS16ERRORSTATUSCLASS
  40970C INIT@F10ERRORCLASS
  4097E0 HISTORYMSG@F10ERRORCLASSsblll
  4099A0 GETPROCEDURENAME@F10ERRORCLASS
  409A74 GETCATEGORY@F10ERRORCLASSs
  409AFC ADDHISTORY@F10ERRORCLASS
  409B2C ADDERRORS@F10ERRORCLASS10ERRORBLOCK
  409CD8 ADDERROR@F10ERRORCLASSUsRsbRsbUcsa
  409D84 DESTRUCT@F10ERRORCLASS
  409DA0 CONSTRUCT@F10ERRORCLASS
  409DB8 DESTRUCT@F16ERRORSTATUSCLASS
  409DEC CONSTRUCT@F16ERRORSTATUSCLASS
  409F24 CLOSE_@_ERRORLOGINTERFACE_@_STANDARDERRORLOGCLASS@F17ERRORLOGINTERFACEUc
  409F2C OPEN_@_ERRORLOGINTERFACE_@_STANDARDERRORLOGCLASS@F17ERRORLOGINTERFACEUc
  409F34 TAKE_@_ERRORLOGINTERFACE_@_STANDARDERRORLOGCLASS@F17ERRORLOGINTERFACEsb
  409FD8 CLOSE@F21STANDARDERRORLOGCLASSUc
  40A054 OPEN@F21STANDARDERRORLOGCLASSUc
  40A0FC DESTRUCT@F21STANDARDERRORLOGCLASS
  40A108 CONSTRUCT@F21STANDARDERRORLOGCLASS
  40A354 REMOVERELATIONFILEMAPPING@F12FILESMANAGER15RELATIONMANAGER
  40A374 REMOVERELATIONFILEMAPPING@F12FILESMANAGERl
  40A390 REMOVEFILEMAPPING@F12FILESMANAGER11FILEMANAGER
  40A3AC REMOVEFILEMAPPING@F12FILESMANAGERl
  40A3C8 NOTEUSAGE@F12FILESMANAGER11FILEMANAGERUc
  40A4A0 NOTEOPEN@F12FILESMANAGER11FILEMANAGER
  40A4E4 NOTECLOSE@F12FILESMANAGER11FILEMANAGER
  40A574 GETRELATIONFILEMAPPING@F12FILESMANAGERl
  40A5AC GETFILEMAPPING@F12FILESMANAGERl
  40A5E4 GETFILEID@F12FILESMANAGERBf
  40A5FC FINDRECORD@F12FILESMANAGER11FILEMANAGER
  40A6A8 ADDFILEMAPPING@F12FILESMANAGER15RELATIONMANAGER
  40A704 ADDFILEMAPPING@F12FILESMANAGER11FILEMANAGER
  40A760 DESTRUCT@F12FILESMANAGER
  40A7A0 CONSTRUCT@F12FILESMANAGER
  40AEF8 OPENFILE_@_IFILEOPENSERVER_@_UNTHREADEDFILEOPENSERVER@F15IFILEOPENSERVERl
  40AF88 CLOSEFILE_@_IFILEOPENSERVER_@_UNTHREADEDFILEOPENSERVER@F15IFILEOPENSERVER
  40B008 LINK_@_IFILEOPENSERVER_@_UNTHREADEDFILEOPENSERVER@F15IFILEOPENSERVER
  40B058 RELEASE_@_IFILEOPENSERVER_@_UNTHREADEDFILEOPENSERVER@F15IFILEOPENSERVER
  40B0E4 INIT@F24UNTHREADEDFILEOPENSERVERBf
  40B0F8 DESTRUCT@F24UNTHREADEDFILEOPENSERVER
  40B11C CONSTRUCT@F24UNTHREADEDFILEOPENSERVER
  40B14C OPENFILE_@_IFILEOPENSERVER_@_THREADEDFILEOPENSERVER@F15IFILEOPENSERVERl
  40B178 CLOSEFILE_@_IFILEOPENSERVER_@_THREADEDFILEOPENSERVER@F15IFILEOPENSERVER
  40B188 LINK_@_IFILEOPENSERVER_@_THREADEDFILEOPENSERVER@F15IFILEOPENSERVER
  40B194 RELEASE_@_IFILEOPENSERVER_@_THREADEDFILEOPENSERVER@F15IFILEOPENSERVER
  40B1A0 RELEASE@F14FILEOPENSERVER
  40B1CC LINK@F14FILEOPENSERVER
  40B1D0 INIT@F14FILEOPENSERVERBf
  40B1D4 DESTRUCT@F14FILEOPENSERVER
  40B1DC CONSTRUCT@F14FILEOPENSERVER
  40B1E8 VALIDATERECORD@F11VIEWMANAGER
  40B1EC UNUSEVIEW@F11VIEWMANAGER
  40B284 USEVIEW@F11VIEWMANAGER
  40B348 SETSORT@F11VIEWMANAGERUc
  40B374 SETORDER@F11VIEWMANAGERsb
  40B404 SETFILTER@F11VIEWMANAGERsbsb
  40B540 SETFILTER@F11VIEWMANAGERsb
  40B588 SAVEBUFFERS@F11VIEWMANAGER
  40B638 RESTOREBUFFERS@F11VIEWMANAGER
  40B6A0 RESET@F11VIEWMANAGER
  40B6AC RESET@F11VIEWMANAGERUc
  40B6F4 PRIMERECORD@F11VIEWMANAGERUc
  40B838 PREVIOUS@F11VIEWMANAGER
  40B89C OPEN@F11VIEWMANAGER
  40B918 NEXT@F11VIEWMANAGER
  40B97C KILL@F11VIEWMANAGER
  40BAD4 GETFIELDASCENDING@F11VIEWMANAGERRu
  40BE38 INIT@F11VIEWMANAGERBi15RELATIONMANAGER9SORTORDER
  40BE98 GETFREEELEMENTPOSITION@F11VIEWMANAGER
  40BEF0 GETFREEELEMENTNAME@F11VIEWMANAGER
  40BF44 GETFREEELEMENTASCENDING@F11VIEWMANAGER
  40BF9C CLEARFILESRECORD@F11VIEWMANAGER
  40C054 CLOSE@F11VIEWMANAGERUc
  40C070 CLOSE@F11VIEWMANAGER
  40C07C APPLYRANGE@F11VIEWMANAGER
  40C248 APPLYORDER@F11VIEWMANAGER
  40C2A0 APPLYFILTER@F11VIEWMANAGER
  40C804 APPENDORDER@F11VIEWMANAGERsb
  40C8E4 ADDSORTORDER@F11VIEWMANAGERBk
  40C9B0 DESTRUCT@F11VIEWMANAGER
  40C9C4 DEFEREDADDRELATIONS@F15RELATIONMANAGER
  40C9C8 UPDATESECONDARY@F15RELATIONMANAGERBk18BUFFEREDPAIRSCLASSUc
  40CB58 UPDATE@F15RELATIONMANAGERUc
  40CD6C INSERT@F15RELATIONMANAGER
  40CEC4 SETQUICKSCAN@F15RELATIONMANAGERUcUc
  40CFD0 SAVE@F15RELATIONMANAGER
  40D018 FORCEOPEN@F15RELATIONMANAGERUc
  40D028 OPEN@F15RELATIONMANAGERUc
  40D050 OPENCLOSESERVER@F15RELATIONMANAGERUcUc
  40D1D4 LOGOUTINSERT@F15RELATIONMANAGER
  40D268 LOGOUTUPDATE@F15RELATIONMANAGER
  40D2D4 LOGOUTPRIME@F15RELATIONMANAGER
  40D3B4 LOGOUTDELETE@F15RELATIONMANAGER
  40D430 KILL@F15RELATIONMANAGER
  40D4B4 INIT@F15RELATIONMANAGER11FILEMANAGERUc
  40D4EC DELETESECONDARY@F15RELATIONMANAGERBk18BUFFEREDPAIRSCLASSUcUc
  40D784 DELETE@F15RELATIONMANAGERUc
  40D9D0 CLOSE@F15RELATIONMANAGERUc
  40D9DC CASCADEUPDATES@F15RELATIONMANAGER
  40DAB8 CANCELAUTOINC@F15RELATIONMANAGER
  40DACC ADDRELATIONLINK@F15RELATIONMANAGERRlRl
  40DB34 ADDRELATION@F15RELATIONMANAGER15RELATIONMANAGERUcUcBk
  40DB94 ADDRELATION@F15RELATIONMANAGER15RELATIONMANAGER
  40DBC0 DEFEREDRELATIONS@F15RELATIONMANAGER
  40DBE8 CONSTRUCT@F15RELATIONMANAGER
  40DBF0 FUNCTIONCALLED_@_FILECALLBACKINTERFACE_@_FILEMANAGER@F21FILECALLBACKINTERFACEl6PARAMSRscRsc
  40DC9C FUNCTIONDONE_@_FILECALLBACKINTERFACE_@_FILEMANAGER@F21FILECALLBACKINTERFACEl6PARAMSRscRsc
  40DDE8 POSTCREATE@F11FILEMANAGERRscRsc
  40DDF0 PRECREATE@F11FILEMANAGERRscRsc
  40DDF8 POSTFETCH@F11FILEMANAGERlBksbllRscRsc
  40DE1C PREFETCH@F11FILEMANAGERlBksbllRscRsc
  40DE40 POSTUPDATE@F11FILEMANAGERRscRsc
  40DE48 PREUPDATE@F11FILEMANAGERllRscRsc
  40DE50 POSTINSERT@F11FILEMANAGERRscRsc
  40DE58 PREINSERT@F11FILEMANAGERllRscRsc
  40DE60 POSTDELETE@F11FILEMANAGERRscRsc
  40DE68 PREDELETE@F11FILEMANAGERRscRsc
  40DE70 FUNCTIONDONE@F11FILEMANAGERl6PARAMSRscRsc
  40DFA4 FUNCTIONCALLED@F11FILEMANAGERl6PARAMSRscRsc
  40E108 GETHASAUTOINC@F11FILEMANAGER
  40E110 GETAUTOINCDONE@F11FILEMANAGER
  40E118 GETMRPSIZE@F11FILEMANAGER
  40E120 SETMRPSIZE@F11FILEMANAGERUc
  40E128 GETUSEMRP@F11FILEMANAGER
  40E130 SETUSEMRP@F11FILEMANAGERUc
  40E138 DELETED@F11FILEMANAGER
  40E13C DELETERECORD@F11FILEMANAGERUc
  40E190 VALIDATERECORD@F11FILEMANAGERPl
  40E248 VALIDATEFIELDS@F11FILEMANAGERllPl
  40E304 VALIDATEFIELDSERVER@F11FILEMANAGERlUc
  40E370 TRYVALIDATEFIELD@F11FILEMANAGERl
  40E380 VALIDATEFIELD@F11FILEMANAGERl
  40E390 USEFILE@F11FILEMANAGERUc
  40E484 UPDATESERVER@F11FILEMANAGERUc
  40E57C UPDATE@F11FILEMANAGER
  40E588 TRYUPDATE@F11FILEMANAGER
  40E594 TRYREGET@F11FILEMANAGERsb
  40E63C TRYPRIMEAUTOINC@F11FILEMANAGER
  40E648 TRYPREVIOUS@F11FILEMANAGER
  40E658 TRYOPEN@F11FILEMANAGER
  40E668 TRYNEXT@F11FILEMANAGER
  40E678 TRYINSERT@F11FILEMANAGER
  40E684 TRYFETCH@F11FILEMANAGERBk
  40E6CC THROWMESSAGE@F11FILEMANAGERUssb
  40E720 THROW@F11FILEMANAGER
  40E744 THROW@F11FILEMANAGERUs
  40E75C SETKEY@F11FILEMANAGERBk
  40E7B4 SETERRORS@F11FILEMANAGER10ERRORCLASS
  40E7B8 SETERROR@F11FILEMANAGERUs
  40E7D0 SAVEFILE@F11FILEMANAGER
  40E8EC SAVEBUFFER@F11FILEMANAGER
  40EA44 RESTOREFILE@F11FILEMANAGERRUs11FILEMANAGERUc
  40EB74 RESTOREFILE@F11FILEMANAGERRUsUc
  40EB84 RESTOREBUFFER@F11FILEMANAGERRUs11FILEMANAGERUc
  40ECF4 RESTOREBUFFER@F11FILEMANAGERRUsUc
  40ED04 PRIMERECORD@F11FILEMANAGERUc
  40EE10 PRIMEFIELDS@F11FILEMANAGER
  40EE14 PRIMEAUTOINCSERVER@F11FILEMANAGERUc
  40F3C4 PRIMEAUTOINC@F11FILEMANAGER
  40F3D0 PREVIOUS@F11FILEMANAGER
  40F3E0 POSITION@F11FILEMANAGER
  40F460 OPENSERVER@F11FILEMANAGERUcUc
  40F4C0 OPENFILE@F11FILEMANAGERUc
  40F6E0 OPEN@F11FILEMANAGER
  40F6F0 NEXTSERVER@F11FILEMANAGERUcUc
  40F80C NEXT@F11FILEMANAGER
  40F81C KILL@F11FILEMANAGER
  40F860 KEYTOORDER@F11FILEMANAGERBkUc
  40F9AC ISOPENED@F11FILEMANAGER
  40F9CC INSERTSERVER@F11FILEMANAGERUc
  40FBE4 INSERT@F11FILEMANAGER
  40FBF0 INIT@F11FILEMANAGERBf10ERRORCLASS
  40FCD0 INIT@F11FILEMANAGER
  40FD0C GETOPENED@F11FILEMANAGER
  40FD14 GETNAME@F11FILEMANAGER
  40FD9C GETFIELDNAME@F11FILEMANAGERBkUc
  40FDEC GETFIELDASCENDING@F11FILEMANAGERBkUc
  40FE20 GETFIELD@F11FILEMANAGERBkUc
  40FE5C GETEOF@F11FILEMANAGER
  40FE64 GETCOMPONENTS@F11FILEMANAGERBk
  40FE80 FETCH@F11FILEMANAGERBk
  40FEB8 EQUALBUFFER@F11FILEMANAGERRUs
  40FFF4 CLOSE@F11FILEMANAGER
  410088 CLEARKEY@F11FILEMANAGERBkUcUcUc
  410138 CANCELAUTOINC@F11FILEMANAGER15RELATIONMANAGER
  4101A8 BINDFIELDS@F11FILEMANAGER
  4101CC ADDKEY@F11FILEMANAGERBksbUc
  4104C4 DESTRUCT@F11FILEMANAGER
  4104F8 SETOPTION@F10FUZZYCLASSUcUc
  41055C KILL@F10FUZZYCLASS
  410560 INIT@F10FUZZYCLASS
  410574 CONSTRUCT@F10FUZZYCLASS
  4108E8 TOOLBOX@F10POPUPCLASSsb
  410974 SETTOOLBOX@F10POPUPCLASSsbUc
  4109E0 SETICON@F10POPUPCLASSsbsb
  410A58 SETITEMENABLE@F10POPUPCLASSsbUc
  410B04 SETITEM@F10POPUPCLASSllsbsb
  410D20 RESETTOOLBOX@F10POPUPCLASS
  411128 LOCATENAME@F10POPUPCLASSsb
  4111AC KILL@F10POPUPCLASS
  4111C8 INIT@F10POPUPCLASS
  4111FC GETNAME@F10POPUPCLASSl
  411324 GETMENUTEXT@F10POPUPCLASS
  41160C GETLASTSELECTION@F10POPUPCLASS
  41161C GETITEMS@F10POPUPCLASSUc
  4116C8 EXECUTEPOPUP@F10POPUPCLASSsbllUc
  4117A0 EMPTYITEMS@F10POPUPCLASS
  4117AC DELETEITEM@F10POPUPCLASSsb
  4117F4 CHECKMIMICS@F10POPUPCLASS
  4119B4 ASKTOOLBOX@F10POPUPCLASSsb
  411E58 ASK@F10POPUPCLASSllUc
  411FB4 ASK@F10POPUPCLASSll
  411FC4 ADDSUBMENU@F10POPUPCLASSsbsbsb
  412084 ADDSUBMENU@F10POPUPCLASSsbsb
  4120EC ADDMENU@F10POPUPCLASSsbUc
  412248 ADDITEMMIMIC@F10POPUPCLASSsblOsb
  412328 ADDITEMEVENT@F10POPUPCLASSsbll
  41240C ADDITEM@F10POPUPCLASSsbsbsbUc
  4124A0 ADDITEM@F10POPUPCLASSsbsb
  412510 ADDITEM@F10POPUPCLASSsb
  412F68 CLEARQUERY@F10QUERYCLASS
  413010 GETQUERIES@F10QUERYCLASS11SECTORQUEUE
  4130B0 RESTORE@F10QUERYCLASSsb
  413840 TAKE@F10QUERYCLASS10POPUPCLASS
  4138E0 SAVE@F10QUERYCLASSsb
  413A3C SETQUICKPOPUP@F10QUERYCLASS10POPUPCLASSUs
  413FF4 QUOTE@F10QUERYCLASSsb
  4140D8 GETLIMIT@F10QUERYCLASSRscRscRUcUcRsc
  414694 GETFILTER@F10QUERYCLASS
  414BA0 MAKEOPERATOR@FsbsbRscRsc
  414F6C MAKEOPERATOR@Fsbsb
  415084 TAKEWINDOWEVENT@F13REPORTMANAGER
  4152A4 TAKERECORD@F13REPORTMANAGER
  4153C4 TAKENORECORDS@F13REPORTMANAGER
  4153D4 TAKECLOSEEVENT@F13REPORTMANAGER
  4155D4 TAKEACCEPTED@F13REPORTMANAGER
  415604 SETDYNAMICCONTROLSATTRIBUTES@F13REPORTMANAGER
  415608 SETSTATICCONTROLSATTRIBUTES@F13REPORTMANAGER
  41560C PROCESSRESULTFILES@F13REPORTMANAGER15OUTPUTFILEQUEUE
  415610 OPENREPORT@F13REPORTMANAGER
  415754 OPEN@F13REPORTMANAGER
  4157C4 KILL@F13REPORTMANAGER
  4158C8 INIT@F13REPORTMANAGER12PROCESSCLASSBr17PRINTPREVIEWCLASS
  415A00 NEXT@F13REPORTMANAGER
  415A7C CANCELPRINTREPORT@F13REPORTMANAGER
  415AB8 PRINTREPORT@F13REPORTMANAGER
  415D3C ENDREPORT@F13REPORTMANAGER
  415D74 GETTOTALPAGES@F13REPORTMANAGER
  415D80 FETCHPAGE@F13REPORTMANAGERl
  415DD0 ASKPREVIEW@F13REPORTMANAGER
  415E98 ASK@F13REPORTMANAGER
  415EEC GETOPENOUTPUTWHENFINISH@F13REPORTMANAGER
  415EF4 SETOPENOUTPUTWHENFINISH@F13REPORTMANAGERUc
  415EFC GETUSEMRP@F13REPORTMANAGER
  415F04 SETUSEMRP@F13REPORTMANAGERUc
  415F0C CHILDPROCESSINGEND@F12PROCESSCLASSUs
  415F14 CHILDPROCESSINGSTART@F12PROCESSCLASSUs
  415F48 UPDATEDISPLAY@F12PROCESSCLASS
  415FC4 TAKERECORD@F12PROCESSCLASS
  415FC8 TAKELOCATE@F12PROCESSCLASS
  415FF8 TAKEACCEPTED@F12PROCESSCLASS
  415FFC SETPROGRESSLIMITS@F12PROCESSCLASSsbsb
  4160D4 SETPROGRESSLIMITS@F12PROCESSCLASS
  4161A4 RESET@F12PROCESSCLASS
  416230 NEXT@F12PROCESSCLASSUc
  4164C4 KILL@F12PROCESSCLASS
  41651C INIT@F12PROCESSCLASSBi15RELATIONMANAGERlPUc9STEPCLASSRu
  416564 INIT@F12PROCESSCLASSBi15RELATIONMANAGERlPUcl
  4166EC SETPRIORITIES@F17WINDOWRESIZECLASS13POSITIONGROUP
  416738 SETSIZE@F17WINDOWRESIZECLASSl13POSITIONGROUP
  4167EC GETSIZEINFO@F17WINDOWRESIZECLASSl13POSITIONGROUP
  416900 RESTORECONTROLS@F17WINDOWRESIZECLASS
  416954 TAKERESIZE@F17WINDOWRESIZECLASS
  41695C SETPOSITION@F17WINDOWRESIZECLASSl13POSITIONGROUP13POSITIONGROUP13POSITIONGROUP13POSITIONGROUP
  417040 SETPARENTDEFAULT@F17WINDOWRESIZECLASS
  41732C SETPARENTDEFAULTS@F17WINDOWRESIZECLASS
  417368 SETPARENTCONTROL@F17WINDOWRESIZECLASSll
  4173DC RESTOREWINDOW@F17WINDOWRESIZECLASS
  417488 WINDOWRESIZEEND@F17WINDOWRESIZECLASS
  41748C WINDOWRESIZEBEGIN@F17WINDOWRESIZECLASS
  417490 RESIZECHILDREN@F17WINDOWRESIZECLASSl13POSITIONGROUP13POSITIONGROUP
  417658 RESIZE@F17WINDOWRESIZECLASSl
  417990 RESIZE@F17WINDOWRESIZECLASS
  4179A0 RESET@F17WINDOWRESIZECLASS
  417C90 KILL@F17WINDOWRESIZECLASS
  417D1C INIT@F17WINDOWRESIZECLASSUcUcUc
  417F2C GETCURRENTPOS@F17WINDOWRESIZECLASSl13POSITIONGROUP
  417F68 GETORIGPOS@F17WINDOWRESIZECLASSl13POSITIONGROUP
  417FB8 GETRESIZESTRATEGY@F17WINDOWRESIZECLASSsOUc
  418138 GETPOSITIONSTRATEGY@F17WINDOWRESIZECLASSsOUc
  4182B0 GETPARENTCONTROL@F17WINDOWRESIZECLASSl
  4182D4 INIT@F22REPORTATTRIBUTEMANAGERBr
  4182D8 DESTRUCT@F22REPORTATTRIBUTEMANAGER
  4182F8 CONSTRUCT@F22REPORTATTRIBUTEMANAGER
  41894C DESTRUCT@F25REPORTTARGETSELECTORCLASS
  41896C CONSTRUCT@F25REPORTTARGETSELECTORCLASS
  41898C SETDEFAULTOUTPUTGENERATOR@F25REPORTTARGETSELECTORCLASSsb
  4189D0 GETOUTPUTGENERATORINDEX@F25REPORTTARGETSELECTORCLASSsb
  418AB0 SETSELECTEDOUTPUTGENERATOR@F25REPORTTARGETSELECTORCLASSsb
  418B64 GETOUTPUTGENERATOR@F25REPORTTARGETSELECTORCLASSsb
  418BBC GETOUTPUTGENERATORNAME@F25REPORTTARGETSELECTORCLASSsUc
  418C38 FILLQUEUE@F25REPORTTARGETSELECTORCLASSBqUc
  418D04 ITEM@F25REPORTTARGETSELECTORCLASSsUc
  418DF4 ITEMS@F25REPORTTARGETSELECTORCLASSUc
  418E54 ASK@F25REPORTTARGETSELECTORCLASSUcUc
  4190EC ADDITEM@F25REPORTTARGETSELECTORCLASS22IOUTPUTGENERATORTARGETUc
  4191A0 TAKEEVENT@F12TOOLBARCLASSPl13WINDOWMANAGER
  4191CC SETTARGET@F12TOOLBARCLASSl
  419274 KILL@F12TOOLBARCLASS
  41928C INIT@F12TOOLBARCLASS
  4192AC DISPLAYBUTTONS@F12TOOLBARCLASS
  4192D4 ADDTARGET@F12TOOLBARCLASS13TOOLBARTARGETl
  419308 TRYTAKETOOLBAR@F18TOOLBARUPDATECLASS
  419314 TAKEEVENT@F18TOOLBARUPDATECLASSPl13WINDOWMANAGER
  419350 TAKETOOLBAR@F18TOOLBARUPDATECLASS
  419398 DISPLAYBUTTONS@F18TOOLBARUPDATECLASS
  419458 TRYTAKETOOLBAR@F19TOOLBARLISTBOXCLASS
  4194AC TAKEEVENT@F19TOOLBARLISTBOXCLASSPl13WINDOWMANAGER
  4195F4 TAKETOOLBAR@F19TOOLBARLISTBOXCLASS
  419618 DISPLAYBUTTONS@F19TOOLBARLISTBOXCLASS
  419644 TAKEEVENT@F13TOOLBARTARGETPl13WINDOWMANAGER
  4196C4 DISPLAYBUTTONS@F13TOOLBARTARGET
  4198A8 SETTIPS@Fsb
  4199D0 UPDATEQUEUE@F8INICLASSsbsbBqRuPuPuPu
  419BF4 UPDATE@F8INICLASSsbsbsb
  419CB0 UPDATE@F8INICLASSsbBw
  419E90 UPDATE@F8INICLASS
  419E94 TRYFETCH@F8INICLASSsbsb
  419F0C REMOVE@F8INICLASSsbsb
  41A074 KILL@F8INICLASS
  41A1AC INIT@F8INICLASSsbll
  41A2C4 GETSECTORS@F8INICLASSOsbOsbOsb11SECTORQUEUE
  41A4D4 GETSECTOR@F8INICLASSsbsbsb
  41A5C4 GETFAMILY@F8INICLASSsbRscRscRsc
  41A748 FETCHQUEUE@F8INICLASSsbsbBqRuPuPuPu
  41A9BC FETCHFIELD@F8INICLASSsbsbUc
  41AAFC FETCH@F8INICLASSsbsbRu
  41ABC0 FETCH@F8INICLASSsbBw
  41AE20 FETCH@F8INICLASSsbsb
  41AEF8 FETCH@F8INICLASS
  41AEFC ADDSECTOR@F8INICLASSsb
  41AFDC UPDATEWINDOWINFO@F8INICLASSsb10WINDOWINFO
  41B248 FETCHWINDOWINFO@F8INICLASSsb10WINDOWINFO
  41B4C0 UPDATE@F8INICLASSsbsbsbsb
  41B6AC FETCH@F8INICLASSsbsbsbsb
  41B8D0 DESTRUCT@F8INICLASS
  41B8EC CONSTRUCT@F8INICLASS
  41B900 KILL@F18BUFFEREDPAIRSCLASS
  41B97C INIT@F18BUFFEREDPAIRSCLASS
  41B99C EQUALRIGHTBUFFER@F18BUFFEREDPAIRSCLASSUc
  41BA2C EQUALLEFTBUFFER@F18BUFFEREDPAIRSCLASSUc
  41BAB8 EQUALRIGHTBUFFER@F18BUFFEREDPAIRSCLASS
  41BAC4 EQUALLEFTBUFFER@F18BUFFEREDPAIRSCLASS
  41BAD0 ASSIGNRIGHTTOBUFFER@F18BUFFEREDPAIRSCLASS
  41BB18 ASSIGNLEFTTOBUFFER@F18BUFFEREDPAIRSCLASS
  41BB5C ASSIGNBUFFERTORIGHT@F18BUFFEREDPAIRSCLASS
  41BBA4 ASSIGNBUFFERTOLEFT@F18BUFFEREDPAIRSCLASS
  41BBE8 ADDPAIR@F18BUFFEREDPAIRSCLASSRuRu
  41BC88 INIT@F15FIELDPAIRSCLASS
  41BCA4 KILL@F15FIELDPAIRSCLASS
  41BD08 EQUALLEFTRIGHT@F15FIELDPAIRSCLASS
  41BD58 EQUAL@F15FIELDPAIRSCLASS
  41BD60 CLEARRIGHT@F15FIELDPAIRSCLASS
  41BD9C CLEARLEFT@F15FIELDPAIRSCLASS
  41BDD4 ASSIGNRIGHTTOLEFT@F15FIELDPAIRSCLASS
  41BE18 ASSIGNLEFTTORIGHT@F15FIELDPAIRSCLASS
  41BE5C ADDPAIR@F15FIELDPAIRSCLASSRuRu
  41BEA0 NEXT@F13CONSTANTCLASS
  41C05C SET@F13CONSTANTCLASSRsb
  41C0B0 RESET@F13CONSTANTCLASS
  41C100 KILL@F13CONSTANTCLASS
  41C160 INIT@F13CONSTANTCLASSUc
  41C1A4 GETCSTRING@F13CONSTANTCLASS
  41C224 GETPSTRING@F13CONSTANTCLASS
  41C2B0 GETLONG@F13CONSTANTCLASS
  41C2D4 GETUSHORT@F13CONSTANTCLASS
  41C2FC GETSHORT@F13CONSTANTCLASS
  41C304 GETBYTE@F13CONSTANTCLASS
  41C318 ADDITEM@F13CONSTANTCLASSUcRu
  41C354 CONSTRUCT@F13CONSTANTCLASS
  41C36C REMOVEDOLLAR@Fsb
  41C440 ADDDOLLAR@Fsb
  41C5C4 SAVEONINSERTACTION@F13WINDOWMANAGER
  41C668 SAVEONCHANGEACTION@F13WINDOWMANAGER
  41C780 DELETEACTION@F13WINDOWMANAGER
  41C93C CHANGEACTION@F13WINDOWMANAGER
  41CCAC INSERTACTION@F13WINDOWMANAGER
  41CE9C TAKEDISABLEBUTTON@F13WINDOWMANAGERlUc
  41CEC4 UPDATE@F13WINDOWMANAGER
  41CF00 TAKEWINDOWEVENT@F13WINDOWMANAGER
  41D128 TAKESELECTED@F13WINDOWMANAGER
  41D12C TAKEREJECTED@F13WINDOWMANAGER
  41D168 TAKENOTIFY@F13WINDOWMANAGERlll
  41D16C TAKENEWSELECTION@F13WINDOWMANAGER
  41D1EC TAKEFIELDEVENT@F13WINDOWMANAGER
  41D1F0 TAKEEVENT@F13WINDOWMANAGER
  41D3A4 TAKECLOSEEVENT@F13WINDOWMANAGER
  41D548 TAKECOMPLETED@F13WINDOWMANAGER
  41D620 TAKEACCEPTED@F13WINDOWMANAGER
  41D70C SETRESPONSE@F13WINDOWMANAGERUc
  41D758 SETALERTS@F13WINDOWMANAGER
  41D808 SAVEHISTORY@F13WINDOWMANAGER
  41D8B0 RUN@F13WINDOWMANAGERUsUc
  41D8B4 RUN@F13WINDOWMANAGER
  41D900 RESTOREFIELD@F13WINDOWMANAGERl
  41D9D4 RESETBUFFERS@F13WINDOWMANAGERUc
  41DA38 RESET@F13WINDOWMANAGERUc
  41DAC0 PRIMEUPDATE@F13WINDOWMANAGER
  41DC04 PRIMEFIELDS@F13WINDOWMANAGER
  41DC08 POSTCOMPLETED@F13WINDOWMANAGER
  41DCA0 OPEN@F13WINDOWMANAGERBwBw
  41DCE8 OPEN@F13WINDOWMANAGER
  41DD2C MODALEVENT@F13WINDOWMANAGER
  41DE10 KILL@F13WINDOWMANAGER
  41DF64 INIT@F13WINDOWMANAGER
  41DFE0 REMOVEITEM@F13WINDOWMANAGER15WINDOWCOMPONENT
  41E018 ASK@F13WINDOWMANAGER
  41E07C ADDUPDATEFILE@F13WINDOWMANAGER11FILEMANAGER
  41E0BC ADDITEM@F13WINDOWMANAGER17WINDOWRESIZECLASS
  41E0C4 ADDITEM@F13WINDOWMANAGER15WINDOWCOMPONENT
  41E0F0 ADDITEM@F13WINDOWMANAGER18TOOLBARUPDATECLASS
  41E148 ADDITEM@F13WINDOWMANAGER12TOOLBARCLASS
  41E15C ADDITEM@F13WINDOWMANAGERlUc
  41E180 ADDITEM@F13WINDOWMANAGER11BROWSECLASS
  41E1A8 ADDHISTORYFILE@F13WINDOWMANAGERRgRg
  41E200 ADDHISTORYFIELD@F13WINDOWMANAGERll
  41E228 DISABLECANCELCONTROLS@F13WINDOWMANAGER
  41E280 ENABLECANCELCONTROLS@F13WINDOWMANAGER
  41E4AC PROCESSDOCUMENT@F17WMFDOCUMENTPARSER
  41E55C OPENDOCUMENT@F17WMFDOCUMENTPARSER
  41E5C8 CLOSEDOCUMENT@F17WMFDOCUMENTPARSER
  41E608 INIT@F17WMFDOCUMENTPARSER12PREVIEWQUEUE16IREPORTGENERATOR10ERRORCLASS
  41E6A0 GENERATEREPORT@F17WMFDOCUMENTPARSERUc
  41EA3C TAKERECORD@F9WMFPARSER
  4232C0 PROCESSFILE@F9WMFPARSER
  4232E0 PROCESSHEADER@F9WMFPARSER
  4234B4 ADDOBJECT@F9WMFPARSERUc
  423554 CLOSEFILE@F9WMFPARSER
  423594 RUN@F9WMFPARSER
  42359C OPENFILE@F9WMFPARSER
  423660 KILL@F9WMFPARSER
  4236C8 INIT@F9WMFPARSERsb16IREPORTGENERATOR10ERRORCLASS
  423794 GETBOXBOTTOM@F9WMFPARSER
  42379C GETBOXRIGHT@F9WMFPARSER
  4237A4 GETBOXTOP@F9WMFPARSER
  4237AC GETBOXLEFT@F9WMFPARSER
  4237B4 DESTRUCT@F9WMFPARSER
  423898 CONSTRUCT@F9WMFPARSER
  4239C0 GETIFACE@F15CRITICALSECTION
  4239C4 DESTRUCT@F15CRITICALSECTION
  4239D8 CONSTRUCT@F15CRITICALSECTION
  4239EC KILL@F17CRITICALPROCEDURE
  423A10 INIT@F17CRITICALPROCEDURE11ISYNCOBJECT
  423A30 DESTRUCT@F17CRITICALPROCEDURE
  423A38 CONSTRUCT@F17CRITICALPROCEDURE
  42439C __thr_inst0
  4243AC __thr_init_entry
  4243CC __thr_init_exit
  4247A4 MAIN@F
  425EC0 PADRON002$BROWSESOCIOS@F
  426DC0 PADRON014$PADRON@F
  428D4C PADRON015$UPDATESOCIOS@F
  429524 PADRON016$SELECTZONA_VIVIENDA@F
  429D14 PADRON017$SELECTCOBERTURA@F
  42A604 PADRON018$SELECTLOCALIDAD@F
  42AE24 PADRON019$SELECTUSUARIO@F
  42B504 PADRON020$SELECTTIPO_DOC@F
  42BC7C PADRON021$SELECTCIRCULO@F
  42C770 PADRON022$SELECTINSTITUCION@F
  42CF74 PADRON023$SELECTTIPO_TITULO@F
  42E6D8 PADRON024$LOCALIDAD@F
  42E980 PADRON024$CARGAR_PADRON@F
  42EAA4 PADRON024$SELECTBANCO@F
  42F488 KILL@F24HIDE:RELATE:MATRICULADOS
  42F4D0 INIT@F24HIDE:RELATE:MATRICULADOS
  42F508 USEFILE@F24HIDE:ACCESS:MATRICULADOSUc
  42F57C KILL@F24HIDE:ACCESS:MATRICULADOS
  42F59C INIT@F24HIDE:ACCESS:MATRICULADOS
  42F61C KILL@F25HIDE:RELATE:BANCO_COD_REG
  42F664 DEFEREDADDRELATIONS@F25HIDE:RELATE:BANCO_COD_REG
  42F684 INIT@F25HIDE:RELATE:BANCO_COD_REG
  42F6BC USEFILE@F25HIDE:ACCESS:BANCO_COD_REGUc
  42F760 KILL@F25HIDE:ACCESS:BANCO_COD_REG
  42F780 INIT@F25HIDE:ACCESS:BANCO_COD_REG
  42F800 KILL@F17HIDE:RELATE:BANCO
  42F848 DEFEREDADDRELATIONS@F17HIDE:RELATE:BANCO
  42F868 INIT@F17HIDE:RELATE:BANCO
  42F8A0 VALIDATEFIELDSERVER@F17HIDE:ACCESS:BANCOlUc
  42F980 USEFILE@F17HIDE:ACCESS:BANCOUc
  42FA4C KILL@F17HIDE:ACCESS:BANCO
  42FA6C INIT@F17HIDE:ACCESS:BANCO
  42FAEC KILL@F20HIDE:RELATE:TIPO_IVA
  42FB34 DEFEREDADDRELATIONS@F20HIDE:RELATE:TIPO_IVA
  42FB54 INIT@F20HIDE:RELATE:TIPO_IVA
  42FB8C USEFILE@F20HIDE:ACCESS:TIPO_IVAUc
  42FC58 KILL@F20HIDE:ACCESS:TIPO_IVA
  42FC78 INIT@F20HIDE:ACCESS:TIPO_IVA
  42FCF8 KILL@F23HIDE:RELATE:TIPO_TITULO
  42FD40 DEFEREDADDRELATIONS@F23HIDE:RELATE:TIPO_TITULO
  42FD60 INIT@F23HIDE:RELATE:TIPO_TITULO
  42FD98 VALIDATEFIELDSERVER@F23HIDE:ACCESS:TIPO_TITULOlUc
  42FE78 USEFILE@F23HIDE:ACCESS:TIPO_TITULOUc
  42FF44 KILL@F23HIDE:ACCESS:TIPO_TITULO
  42FF64 INIT@F23HIDE:ACCESS:TIPO_TITULO
  42FFE4 KILL@F27HIDE:RELATE:NIVEL_FORMACION
  43002C DEFEREDADDRELATIONS@F27HIDE:RELATE:NIVEL_FORMACION
  43004C INIT@F27HIDE:RELATE:NIVEL_FORMACION
  430084 USEFILE@F27HIDE:ACCESS:NIVEL_FORMACIONUc
  430128 KILL@F27HIDE:ACCESS:NIVEL_FORMACION
  430148 INIT@F27HIDE:ACCESS:NIVEL_FORMACION
  4301C8 KILL@F25HIDE:RELATE:ZONA_VIVIENDA
  430210 DEFEREDADDRELATIONS@F25HIDE:RELATE:ZONA_VIVIENDA
  430230 INIT@F25HIDE:RELATE:ZONA_VIVIENDA
  430268 USEFILE@F25HIDE:ACCESS:ZONA_VIVIENDAUc
  430334 KILL@F25HIDE:ACCESS:ZONA_VIVIENDA
  430354 INIT@F25HIDE:ACCESS:ZONA_VIVIENDA
  4303D4 KILL@F19HIDE:RELATE:USUARIO
  43041C DEFEREDADDRELATIONS@F19HIDE:RELATE:USUARIO
  43043C INIT@F19HIDE:RELATE:USUARIO
  430474 USEFILE@F19HIDE:ACCESS:USUARIOUc
  430540 KILL@F19HIDE:ACCESS:USUARIO
  430560 INIT@F19HIDE:ACCESS:USUARIO
  4305E0 KILL@F28HIDE:RELATE:TIPO_INSTITUCION
  430628 DEFEREDADDRELATIONS@F28HIDE:RELATE:TIPO_INSTITUCION
  430648 INIT@F28HIDE:RELATE:TIPO_INSTITUCION
  430680 USEFILE@F28HIDE:ACCESS:TIPO_INSTITUCIONUc
  43074C KILL@F28HIDE:ACCESS:TIPO_INSTITUCION
  43076C INIT@F28HIDE:ACCESS:TIPO_INSTITUCION
  4307EC KILL@F18HIDE:RELATE:PADRON
  430834 INIT@F18HIDE:RELATE:PADRON
  43086C USEFILE@F18HIDE:ACCESS:PADRONUc
  430B44 KILL@F18HIDE:ACCESS:PADRON
  430B64 INIT@F18HIDE:ACCESS:PADRON
  430BE4 KILL@F20HIDE:RELATE:TIPO_DOC
  430C2C DEFEREDADDRELATIONS@F20HIDE:RELATE:TIPO_DOC
  430C4C INIT@F20HIDE:RELATE:TIPO_DOC
  430C84 USEFILE@F20HIDE:ACCESS:TIPO_DOCUc
  430D50 KILL@F20HIDE:ACCESS:TIPO_DOC
  430D70 INIT@F20HIDE:ACCESS:TIPO_DOC
  430DF0 KILL@F18HIDE:RELATE:SOCIOS
  430E38 DEFEREDADDRELATIONS@F18HIDE:RELATE:SOCIOS
  430E58 INIT@F18HIDE:RELATE:SOCIOS
  430E90 VALIDATEFIELDSERVER@F18HIDE:ACCESS:SOCIOSlUc
  431544 USEFILE@F18HIDE:ACCESS:SOCIOSUc
  4319A0 PRIMEFIELDS@F18HIDE:ACCESS:SOCIOS
  4319D4 KILL@F18HIDE:ACCESS:SOCIOS
  4319F4 INIT@F18HIDE:ACCESS:SOCIOS
  431A74 KILL@F16HIDE:RELATE:PAIS
  431ABC DEFEREDADDRELATIONS@F16HIDE:RELATE:PAIS
  431ADC INIT@F16HIDE:RELATE:PAIS
  431B14 USEFILE@F16HIDE:ACCESS:PAISUc
  431BE0 KILL@F16HIDE:ACCESS:PAIS
  431C00 INIT@F16HIDE:ACCESS:PAIS
  431C80 KILL@F21HIDE:RELATE:LOCALIDAD
  431CC8 DEFEREDADDRELATIONS@F21HIDE:RELATE:LOCALIDAD
  431CE8 INIT@F21HIDE:RELATE:LOCALIDAD
  431D20 VALIDATEFIELDSERVER@F21HIDE:ACCESS:LOCALIDADlUc
  431E00 USEFILE@F21HIDE:ACCESS:LOCALIDADUc
  431F2C KILL@F21HIDE:ACCESS:LOCALIDAD
  431F4C INIT@F21HIDE:ACCESS:LOCALIDAD
  431FCC KILL@F23HIDE:RELATE:INSTITUCION
  432014 DEFEREDADDRELATIONS@F23HIDE:RELATE:INSTITUCION
  432034 INIT@F23HIDE:RELATE:INSTITUCION
  43206C VALIDATEFIELDSERVER@F23HIDE:ACCESS:INSTITUCIONlUc
  4321E8 USEFILE@F23HIDE:ACCESS:INSTITUCIONUc
  432340 KILL@F23HIDE:ACCESS:INSTITUCION
  432360 INIT@F23HIDE:ACCESS:INSTITUCION
  4323E0 KILL@F21HIDE:RELATE:COBERTURA
  432428 DEFEREDADDRELATIONS@F21HIDE:RELATE:COBERTURA
  432448 INIT@F21HIDE:RELATE:COBERTURA
  432480 USEFILE@F21HIDE:ACCESS:COBERTURAUc
  43257C KILL@F21HIDE:ACCESS:COBERTURA
  43259C INIT@F21HIDE:ACCESS:COBERTURA
  43261C KILL@F19HIDE:RELATE:CIRCULO
  432664 DEFEREDADDRELATIONS@F19HIDE:RELATE:CIRCULO
  432684 INIT@F19HIDE:RELATE:CIRCULO
  4326BC USEFILE@F19HIDE:ACCESS:CIRCULOUc
  432788 KILL@F19HIDE:ACCESS:CIRCULO
  4327A8 INIT@F19HIDE:ACCESS:CIRCULO
  432828 PADRON_BC0$PADRON_BC0:FILESINIT@F
  4329BC PADRON_BC0$PADRON_BC0:DCTKILL@F
  432C98 PADRON_BC0$PADRON_BC0:DCTINIT@F
  4334D8 DCTKILL@F
  4334E0 DCTINIT@F
  4334EC _main
  433584 DESTRUCT@F10DICTIONARY
  43358C CONSTRUCT@F10DICTIONARY
  434000 $DEFAULTERRORS
  435408 TYPE$BROWSECLASS
  4357F0 TYPE$BROWSEEIPMANAGER
  435AC4 VMT$BROWSEEIPMANAGER
  435B68 VMT$BROWSECLASS
  435D3C TYPE$STANDARDBEHAVIOR
  435D78 VMT$STANDARDBEHAVIOR
  435DC8 TYPE$STEPLOCATORCLASS
  435E18 VMT$STEPLOCATORCLASS
  435E54 TYPE$STEPLONGCLASS
  435E7C VMT$STEPLONGCLASS
  435E9C TYPE$STEPCLASS
  435EB8 VMT$STEPCLASS
  435EFC TYPE$COLORMAP
  435F28 TCB$COLORMAP
  435F38 TYPE$EDITENTRYCLASS
  435F80 VMT$EDITENTRYCLASS
  436120 STDERRORFILE$TYPE$RECORD
  436138 $STDERRORFILE
  4361B4 TYPE$PNQ
  4361D4 TYPE$DEFAULTERRORS
  436454 TYPE$HISTHANDLERCLASS
  43649C VMT$HISTHANDLERCLASS
  4364CC TYPE$MSGBOXCLASS
  436744 VMT$MSGBOXCLASS
  4367CC TYPE$ERRORCLASS
  436A28 VMT$ERRORCLASS
  436A74 TYPE$STANDARDERRORLOGCLASS
  436AAC VMT$STANDARDERRORLOGCLASS
  436AC4 TYPE$ERRORSTATUSCLASS
  436BB8 VMT$ERRORSTATUSCLASS
  436C94 TYPE$UNTHREADEDFILEOPENERMAP
  436CB8 TCB$UNTHREADEDFILEOPENERMAP
  436CC8 TYPE$FILESMANAGER
  436D0C VMT$FILESMANAGER
  436D18 TYPE$FILEMAPPING_T
  436D44 TYPE$FILEMAPPING_R
  436D74 TYPE$STATUSQ_T
  436DDC TYPE$UNTHREADEDFILEOPENSERVER
  436E38 VMT$UNTHREADEDFILEOPENSERVER
  436E5C TYPE$THREADEDFILEOPENSERVER
  436E9C VMT$THREADEDFILEOPENSERVER
  4370A4 TYPE$FUZZYCLASS
  43714C VMT$FUZZYCLASS
  437188 TYPE$POPUPITEMQUEUE
  4371F8 TYPE$POPUPCLASS
  4372A4 VMT$POPUPCLASS
  437390 TYPE$FIELDQUEUE
  4374D8 TYPE$WINDOWRESIZECLASS
  43771C TYPE$REPORTATTRIBUTEMANAGER
  437738 VMT$REPORTATTRIBUTEMANAGER
  4377E0 TYPE$REPORTTARGETSELECTORCLASS
  43786C VMT$REPORTTARGETSELECTORCLASS
  437900 TYPE$TOOLBARTARGETQUEUE
  43791C $UPDATECHANGETIPS
  437A28 $UPDATEINSERTTIPS
  437A68 $LISTBOXTIPS
  437B24 TYPE$TOOLBARCLASS
  437B3C VMT$TOOLBARCLASS
  437B54 TYPE$TOOLBARUPDATECLASS
  437BDC VMT$TOOLBARUPDATECLASS
  437BF8 TYPE$TOOLBARLISTBOXCLASS
  437C74 VMT$TOOLBARLISTBOXCLASS
  437D1C TYPE$CONSTDESCRIPTORLIST
  437D44 TYPE$CONSTANTCLASS
  437DE4 VMT$CONSTANTCLASS
  437DF0 TYPE$INICLASS
  437E38 VMT$INICLASS
  437EC4 TYPE$BUFFEREDPAIRSCLASS
  437EE8 VMT$BUFFEREDPAIRSCLASS
  437F20 TYPE$FIELDPAIRSCLASS
  437F38 VMT$FIELDPAIRSCLASS
  437F68 TYPE$FILELIST
  437F8C TYPE$HISTORYLIST
  437FC4 TYPE$BUTTONLIST
  437FE8 TYPE$COMPONENTLIST
  438108 WMFINFILE$TYPE$WMFF@:RECORD
  438128 TYPE$QUEUEDC
  43818C TYPE$QUEUEHOLES
  4381A0 TYPE$QUEUEBRUSH
  4381CC TYPE$QUEUEPENS
  4381F8 TYPE$QUEUEFONTS
  438240 TYPE$QUEUEOBJECTS
  43825C TYPE$WMFDOCUMENTPARSER
  4382C0 VMT$WMFDOCUMENTPARSER
  4382CC TYPE$WMFPARSER
  438DE4 VMT$WMFPARSER
  438DF0 TYPE$POINTQUEUE
  438E0C TYPE$SLICEFORMATQUEUE
  438EB4 TYPE$TEXTFORMATQUEUE
  438F6C TYPE$CRITICALSECTION
  438F84 VMT$CRITICALSECTION
  438F90 TYPE$CRITICALPROCEDURE
  438FA8 VMT$CRITICALPROCEDURE
  440F08 TYPE$HIDE:RELATE:MATRICULADOS
  440FAC VMT$HIDE:RELATE:MATRICULADOS
  440FE8 TYPE$HIDE:ACCESS:MATRICULADOS
  4411F8 VMT$HIDE:ACCESS:MATRICULADOS
  4412E8 TYPE$HIDE:RELATE:BANCO_COD_REG
  44138C VMT$HIDE:RELATE:BANCO_COD_REG
  4413C8 TYPE$HIDE:ACCESS:BANCO_COD_REG
  4415D8 VMT$HIDE:ACCESS:BANCO_COD_REG
  4416C8 TYPE$HIDE:RELATE:BANCO
  44176C VMT$HIDE:RELATE:BANCO
  4417A8 TYPE$HIDE:ACCESS:BANCO
  4419B8 VMT$HIDE:ACCESS:BANCO
  441AA8 TYPE$HIDE:RELATE:TIPO_IVA
  441B4C VMT$HIDE:RELATE:TIPO_IVA
  441B88 TYPE$HIDE:ACCESS:TIPO_IVA
  441D98 VMT$HIDE:ACCESS:TIPO_IVA
  441E88 TYPE$HIDE:RELATE:TIPO_TITULO
  441F2C VMT$HIDE:RELATE:TIPO_TITULO
  441F68 TYPE$HIDE:ACCESS:TIPO_TITULO
  442178 VMT$HIDE:ACCESS:TIPO_TITULO
  442268 TYPE$HIDE:RELATE:NIVEL_FORMACION
  44230C VMT$HIDE:RELATE:NIVEL_FORMACION
  442348 TYPE$HIDE:ACCESS:NIVEL_FORMACION
  442558 VMT$HIDE:ACCESS:NIVEL_FORMACION
  442648 TYPE$HIDE:RELATE:ZONA_VIVIENDA
  4426EC VMT$HIDE:RELATE:ZONA_VIVIENDA
  442728 TYPE$HIDE:ACCESS:ZONA_VIVIENDA
  442938 VMT$HIDE:ACCESS:ZONA_VIVIENDA
  442A28 TYPE$HIDE:RELATE:USUARIO
  442ACC VMT$HIDE:RELATE:USUARIO
  442B08 TYPE$HIDE:ACCESS:USUARIO
  442D18 VMT$HIDE:ACCESS:USUARIO
  442E08 TYPE$HIDE:RELATE:TIPO_INSTITUCION
  442EAC VMT$HIDE:RELATE:TIPO_INSTITUCION
  442EE8 TYPE$HIDE:ACCESS:TIPO_INSTITUCION
  4430F8 VMT$HIDE:ACCESS:TIPO_INSTITUCION
  4431E8 TYPE$HIDE:RELATE:PADRON
  44328C VMT$HIDE:RELATE:PADRON
  4432C8 TYPE$HIDE:ACCESS:PADRON
  4434D8 VMT$HIDE:ACCESS:PADRON
  4435C8 TYPE$HIDE:RELATE:TIPO_DOC
  44366C VMT$HIDE:RELATE:TIPO_DOC
  4436A8 TYPE$HIDE:ACCESS:TIPO_DOC
  4438B8 VMT$HIDE:ACCESS:TIPO_DOC
  4439A8 TYPE$HIDE:RELATE:SOCIOS
  443A4C VMT$HIDE:RELATE:SOCIOS
  443A88 TYPE$HIDE:ACCESS:SOCIOS
  443C98 VMT$HIDE:ACCESS:SOCIOS
  443D88 TYPE$HIDE:RELATE:PAIS
  443E2C VMT$HIDE:RELATE:PAIS
  443E68 TYPE$HIDE:ACCESS:PAIS
  444078 VMT$HIDE:ACCESS:PAIS
  444168 TYPE$HIDE:RELATE:LOCALIDAD
  44420C VMT$HIDE:RELATE:LOCALIDAD
  444248 TYPE$HIDE:ACCESS:LOCALIDAD
  444458 VMT$HIDE:ACCESS:LOCALIDAD
  444548 TYPE$HIDE:RELATE:INSTITUCION
  4445EC VMT$HIDE:RELATE:INSTITUCION
  444628 TYPE$HIDE:ACCESS:INSTITUCION
  444838 VMT$HIDE:ACCESS:INSTITUCION
  444928 TYPE$HIDE:RELATE:COBERTURA
  4449CC VMT$HIDE:RELATE:COBERTURA
  444A08 TYPE$HIDE:ACCESS:COBERTURA
  444C18 VMT$HIDE:ACCESS:COBERTURA
  444D08 TYPE$HIDE:RELATE:CIRCULO
  444DAC VMT$HIDE:RELATE:CIRCULO
  444DE8 TYPE$HIDE:ACCESS:CIRCULO
  444FF8 VMT$HIDE:ACCESS:CIRCULO
  4457F8 TYPE$DICTIONARY
  445808 VMT$DICTIONARY
  445814 MATRICULADOS$TYPE$MAT:RECORD
  445854 BANCO_COD_REG$TYPE$BAN3:RECORD
  4458C8 BANCO$TYPE$BAN2:RECORD
  445990 TIPO_IVA$TYPE$TIP7:RECORD
  4459F4 TIPO_TITULO$TYPE$TIP6:RECORD
  445A74 NIVEL_FORMACION$TYPE$NIV:RECORD
  445AD8 ZONA_VIVIENDA$TYPE$ZON:RECORD
  445B20 USUARIO$TYPE$USU:RECORD
  445B98 TIPO_INSTITUCION$TYPE$TIP4:RECORD
  445BFC PADRON$TYPE$PAD1:RECORD
  445FB8 TIPO_DOC$TYPE$TIP3:RECORD
  44600C SOCIOS$TYPE$SOC:RECORD
  446534 PAIS$TYPE$PAI:RECORD
  44657C LOCALIDAD$TYPE$LOC:RECORD
  446614 INSTITUCION$TYPE$INS2:RECORD
  44671C COBERTURA$TYPE$COB:RECORD
  4467B0 CIRCULO$TYPE$CIR:RECORD
  446BFC VMTP$DICTIONARY
  446D44 VMTP$HIDE:RELATE:MATRICULADOS
  446D4C VMTP$HIDE:ACCESS:MATRICULADOS
  446D54 VMTP$HIDE:RELATE:BANCO_COD_REG
  446D5C VMTP$HIDE:ACCESS:BANCO_COD_REG
  446D64 VMTP$HIDE:RELATE:BANCO
  446D6C VMTP$HIDE:ACCESS:BANCO
  446D74 VMTP$HIDE:RELATE:TIPO_IVA
  446D7C VMTP$HIDE:ACCESS:TIPO_IVA
  446D84 VMTP$HIDE:RELATE:TIPO_TITULO
  446D8C VMTP$HIDE:ACCESS:TIPO_TITULO
  446D94 VMTP$HIDE:RELATE:NIVEL_FORMACION
  446D9C VMTP$HIDE:ACCESS:NIVEL_FORMACION
  446DA4 VMTP$HIDE:RELATE:ZONA_VIVIENDA
  446DAC VMTP$HIDE:ACCESS:ZONA_VIVIENDA
  446DB4 VMTP$HIDE:RELATE:USUARIO
  446DBC VMTP$HIDE:ACCESS:USUARIO
  446DC4 VMTP$HIDE:RELATE:TIPO_INSTITUCION
  446DCC VMTP$HIDE:ACCESS:TIPO_INSTITUCION
  446DD4 VMTP$HIDE:RELATE:PADRON
  446DDC VMTP$HIDE:ACCESS:PADRON
  446DE4 VMTP$HIDE:RELATE:TIPO_DOC
  446DEC VMTP$HIDE:ACCESS:TIPO_DOC
  446DF4 VMTP$HIDE:RELATE:SOCIOS
  446DFC VMTP$HIDE:ACCESS:SOCIOS
  446E04 VMTP$HIDE:RELATE:PAIS
  446E0C VMTP$HIDE:ACCESS:PAIS
  446E14 VMTP$HIDE:RELATE:LOCALIDAD
  446E1C VMTP$HIDE:ACCESS:LOCALIDAD
  446E24 VMTP$HIDE:RELATE:INSTITUCION
  446E2C VMTP$HIDE:ACCESS:INSTITUCION
  446E34 VMTP$HIDE:RELATE:COBERTURA
  446E3C VMTP$HIDE:ACCESS:COBERTURA
  446E44 VMTP$HIDE:RELATE:CIRCULO
  446E4C VMTP$HIDE:ACCESS:CIRCULO
  446E54 VMTP$FILESMANAGER
  446E5C VMTP$UNTHREADEDFILEOPENSERVER
  446E64 VMTP$THREADEDFILEOPENSERVER
  446E6C VMTP$CONSTANTCLASS
  446E74 VMTP$INICLASS
  446E7C VMTP$BUFFEREDPAIRSCLASS
  446E84 VMTP$FIELDPAIRSCLASS
  446E8C VMTP$POPUPCLASS
  446E94 VMTP$TOOLBARCLASS
  446E9C VMTP$TOOLBARUPDATECLASS
  446EA4 VMTP$TOOLBARLISTBOXCLASS
  446EAC VMTP$EDITENTRYCLASS
  446EB4 VMTP$BROWSEEIPMANAGER
  446EBC VMTP$BROWSECLASS
  446EC4 VMTP$STANDARDBEHAVIOR
  446ECC VMTP$STEPLOCATORCLASS
  446ED4 VMTP$STEPLONGCLASS
  446EDC VMTP$STEPCLASS
  446EE4 VMTP$HISTHANDLERCLASS
  446EEC VMTP$MSGBOXCLASS
  446EF4 VMTP$ERRORCLASS
  446EFC VMTP$STANDARDERRORLOGCLASS
  446F04 VMTP$ERRORSTATUSCLASS
  446F0C VMTP$FUZZYCLASS
  446F14 VMTP$WMFDOCUMENTPARSER
  446F1C VMTP$WMFPARSER
  446F24 VMTP$REPORTATTRIBUTEMANAGER
  446F2C VMTP$REPORTTARGETSELECTORCLASS
  446F34 VMTP$CRITICALSECTION
  446F3C VMTP$CRITICALPROCEDURE
  446F50 $FUZZYMATCHER
  448574 $COLORMAP
  4485AC $MULTIWINDOW
  4485B0 $TXTWINDOW
  4485B4 $WINDOW
  4485B8 STDERRORFILE$RECORD
  4489B8 $UNTHREADEDFILEOPENERMAP
  4489C0 $CREATEOPENERCRIT
  448AD0 KEYS$WMFINFILE
  448B04 $INIMGR
  448C1C MEMOS$LOCALIDAD
  449008 $MATRICULADOS
  44905C BANCO_COD_REG$BAN3:PK_BANCO_COD_REG
  449080 KEYS$BANCO_COD_REG
  449084 $BANCO_COD_REG
  4490D8 BANCO$BAN2:PK_BANCO
  4490FC BANCO$BAN2:FK_BANCO_COD_RESGISTRO
  449120 KEYS$BANCO
  449128 $BANCO
  44917C TIPO_IVA$TIP7:PK_TIPO_IVA
  4491A0 TIPO_IVA$TIP7:IDX_TIPOIVA_DESCRIPCION
  4491C4 KEYS$TIPO_IVA
  4491CC $TIPO_IVA
  449220 TIPO_TITULO$TIP6:PK_TIPO_TITULO
  449244 TIPO_TITULO$TIP6:FK_TIPO_TITULO_NIVEL_FORMACION
  449268 KEYS$TIPO_TITULO
  449270 $TIPO_TITULO
  4492C4 NIVEL_FORMACION$NIV:PK_NIVEL_FORMACION
  4492E8 KEYS$NIVEL_FORMACION
  4492EC $NIVEL_FORMACION
  449340 ZONA_VIVIENDA$ZON:PK_ZONA_VIVIENDA
  449364 ZONA_VIVIENDA$ZON:IDX_ZONA_VIVIENDA
  449388 KEYS$ZONA_VIVIENDA
  449390 $ZONA_VIVIENDA
  4493E4 USUARIO$USU:PK_USUARIO
  449408 USUARIO$USU:USUARIO_IDX1
  44942C KEYS$USUARIO
  449434 $USUARIO
  449488 TIPO_INSTITUCION$TIP4:PK_T_INSTITUCION
  4494AC TIPO_INSTITUCION$TIP4:IDX_T_INST_DESCRIPCION
  4494D0 KEYS$TIPO_INSTITUCION
  4494D8 $TIPO_INSTITUCION
  44952C PADRON$PAD1:PK_SOCIOS
  449550 PADRON$PAD1:IDX_SOCIOS_DOCUMENTO
  449574 PADRON$PAD1:IDX_SOCIOS_MATRICULA
  449598 PADRON$PAD1:FK_SOCIOS_COLEGIO
  4495BC PADRON$PAD1:FK_SOCIOS_INSTITUCION
  4495E0 PADRON$PAD1:FK_SOCIOS_LOCALIDAD
  449604 PADRON$PAD1:FK_SOCIOS_TIPO_DOC
  449628 PADRON$PAD1:IDX_SOCIOS_ACTA
  44964C PADRON$PAD1:IDX_SOCIOS_BAJA
  449670 PADRON$PAD1:IDX_SOCIOS_LIBRO
  449694 PADRON$PAD1:IDX_SOCIOS_NOMBRE
  4496B8 PADRON$PAD1:FK_MINISTERIO
  4496DC PADRON$PAD1:FK_CENTRO_SALUD
  449700 PADRON$PAD1:FK_TITULO
  449724 KEYS$PADRON
  44975C $PADRON
  4497B0 TIPO_DOC$TIP3:PK_TIPO_DOC
  4497D4 TIPO_DOC$TIP3:IDX_TIPO_DOC_DESCIPCION
  4497F8 KEYS$TIPO_DOC
  449800 $TIPO_DOC
  449854 SOCIOS$SOC:PK_SOCIOS
  449878 SOCIOS$SOC:IDX_SOCIOS_DOCUMENTO
  44989C SOCIOS$SOC:IDX_SOCIOS_MATRICULA
  4498C0 SOCIOS$SOC:FK_SOCIOS_CIRCULO
  4498E4 SOCIOS$SOC:FK_SOCIOS_COBERTURA
  449908 SOCIOS$SOC:FK_SOCIOS_INSTITUCION
  44992C SOCIOS$SOC:FK_SOCIOS_LOCALIDAD
  449950 SOCIOS$SOC:FK_SOCIOS_TIPO_DOC
  449974 SOCIOS$SOC:FK_SOCIOS_USUARIO
  449998 SOCIOS$SOC:FK_SOCIOS_ZONA_VIVENDA
  4499BC SOCIOS$SOC:IDX_SOCIOS_ACTA
  4499E0 SOCIOS$SOC:IDX_SOCIOS_BAJA
  449A04 SOCIOS$SOC:IDX_SOCIOS_LIBRO
  449A28 SOCIOS$SOC:IDX_SOCIOS_NOMBRE
  449A4C SOCIOS$SOC:IDX_SOCIOS_N_VIEJO
  449A70 SOCIOS$SOC:IDX_SOCIOS_PROVISORIO
  449A94 SOCIOS$SOC:IDX_SOCIO_INGRESO
  449AB8 SOCIOS$SOC:FK_SOCIOS_TIPO_TITULO
  449ADC SOCIOS$SOC:IDX_SOCIOS_MINISTERIO
  449B00 SOCIOS$SOC:SOCIOS_CENTRO_SALUD
  449B24 SOCIOS$SOC:IDX_SOCIOS_PROVEEDOR
  449B48 SOCIOS$SOC:FK_SOCIOS_TIPO_IVA
  449B6C SOCIOS$SOC:FK_SOCIOS_BANCO
  449B90 KEYS$SOCIOS
  449BEC $SOCIOS
  449C40 PAIS$PAI:PK_PAIS
  449C64 PAIS$PAI:IDX_PAIS_DESCRIPCION
  449C88 KEYS$PAIS
  449C90 $PAIS
  449CE4 LOCALIDAD$LOC:PK_LOCALIDAD
  449D08 LOCALIDAD$LOC:FK_LOCALIDAD_PAIS
  449D2C LOCALIDAD$LOC:KEY_CP
  449D50 LOCALIDAD$LOC:NOMBRE
  449D74 KEYS$LOCALIDAD
  449D84 $LOCALIDAD
  449DD8 INSTITUCION$INS2:PK_INSTITUCION
  449DFC INSTITUCION$INS2:IDX_INSTITUCION_NOMBRE
  449E20 INSTITUCION$INS2:FK_INSTITUCION_LOCALIDAD
  449E44 INSTITUCION$INS2:FK_INSTITUCION_TIPO
  449E68 INSTITUCION$INS2:IDX_INSTITUCION_NOMBRECORTO
  449E8C KEYS$INSTITUCION
  449EA0 $INSTITUCION
  449EF4 COBERTURA$COB:PK_COBERTURA
  449F18 COBERTURA$COB:IDX_COBERTURA
  449F3C COBERTURA$COB:IDX_MONTO
  449F60 KEYS$COBERTURA
  449F6C $COBERTURA
  449FC0 CIRCULO$CIR:PK_CIRCULO
  449FE4 CIRCULO$CIR:IDX_CIRCULO
  44A008 KEYS$CIRCULO
  44A010 $CIRCULO
  44A28C $EPOC
  44A2E4 $WMFINFILE
  44A3E0 $GLOBALERRORSTATUS
  44B704 $GLOBALREQUEST
  44B708 $GLOBALRESPONSE
  44B70C $VCRREQUEST
  44B710 $DICTIONARY
  44B714 MATRICULADOS$MAT:RECORD
  44B748 BANCO_COD_REG$BAN3:RECORD
  44B784 BANCO$BAN2:RECORD
  44B7CC TIPO_IVA$TIP7:RECORD
  44B7F4 TIPO_TITULO$TIP6:RECORD
  44B83C NIVEL_FORMACION$NIV:RECORD
  44B878 ZONA_VIVIENDA$ZON:RECORD
  44B894 USUARIO$USU:RECORD
  44B8C0 TIPO_INSTITUCION$TIP4:RECORD
  44B8F8 PADRON$PAD1:RECORD
  44BC80 TIPO_DOC$TIP3:RECORD
  44BC9C SOCIOS$SOC:RECORD
  44C0E8 PAIS$PAI:RECORD
  44C104 LOCALIDAD$LOC:RECORD
  44C164 INSTITUCION$INS2:RECORD
  44C254 COBERTURA$COB:RECORD
  44C290 CIRCULO$CIR:RECORD
  44C2DC $RELATE:MATRICULADOS
  44C2E0 $ACCESS:MATRICULADOS
  44C2E4 $RELATE:BANCO_COD_REG
  44C2E8 $ACCESS:BANCO_COD_REG
  44C2EC $RELATE:BANCO
  44C2F0 $ACCESS:BANCO
  44C2F4 $RELATE:TIPO_IVA
  44C2F8 $ACCESS:TIPO_IVA
  44C2FC $RELATE:TIPO_TITULO
  44C300 $ACCESS:TIPO_TITULO
  44C304 $RELATE:NIVEL_FORMACION
  44C308 $ACCESS:NIVEL_FORMACION
  44C30C $RELATE:ZONA_VIVIENDA
  44C310 $ACCESS:ZONA_VIVIENDA
  44C314 $RELATE:USUARIO
  44C318 $ACCESS:USUARIO
  44C31C $RELATE:TIPO_INSTITUCION
  44C320 $ACCESS:TIPO_INSTITUCION
  44C324 $RELATE:PADRON
  44C328 $ACCESS:PADRON
  44C32C $RELATE:TIPO_DOC
  44C330 $ACCESS:TIPO_DOC
  44C334 $RELATE:SOCIOS
  44C338 $ACCESS:SOCIOS
  44C33C $RELATE:PAIS
  44C340 $ACCESS:PAIS
  44C344 $RELATE:LOCALIDAD
  44C348 $ACCESS:LOCALIDAD
  44C34C $RELATE:INSTITUCION
  44C350 $ACCESS:INSTITUCION
  44C354 $RELATE:COBERTURA
  44C358 $ACCESS:COBERTURA
  44C35C $RELATE:CIRCULO
  44C360 $ACCESS:CIRCULO
  44C81C PADRON_BC0$_HIDE:RELATE:MATRICULADOS
  44C820 PADRON_BC0$_HIDE:ACCESS:MATRICULADOS
  44C824 PADRON_BC0$_HIDE:RELATE:BANCO_COD_REG
  44C828 PADRON_BC0$_HIDE:ACCESS:BANCO_COD_REG
  44C82C PADRON_BC0$_HIDE:RELATE:BANCO
  44C830 PADRON_BC0$_HIDE:ACCESS:BANCO
  44C834 PADRON_BC0$_HIDE:RELATE:TIPO_IVA
  44C838 PADRON_BC0$_HIDE:ACCESS:TIPO_IVA
  44C83C PADRON_BC0$_HIDE:RELATE:TIPO_TITULO
  44C840 PADRON_BC0$_HIDE:ACCESS:TIPO_TITULO
  44C844 PADRON_BC0$_HIDE:RELATE:NIVEL_FORMACION
  44C848 PADRON_BC0$_HIDE:ACCESS:NIVEL_FORMACION
  44C84C PADRON_BC0$_HIDE:RELATE:ZONA_VIVIENDA
  44C850 PADRON_BC0$_HIDE:ACCESS:ZONA_VIVIENDA
  44C854 PADRON_BC0$_HIDE:RELATE:USUARIO
  44C858 PADRON_BC0$_HIDE:ACCESS:USUARIO
  44C85C PADRON_BC0$_HIDE:RELATE:TIPO_INSTITUCION
  44C860 PADRON_BC0$_HIDE:ACCESS:TIPO_INSTITUCION
  44C864 PADRON_BC0$_HIDE:RELATE:PADRON
  44C868 PADRON_BC0$_HIDE:ACCESS:PADRON
  44C86C PADRON_BC0$_HIDE:RELATE:TIPO_DOC
  44C870 PADRON_BC0$_HIDE:ACCESS:TIPO_DOC
  44C874 PADRON_BC0$_HIDE:RELATE:SOCIOS
  44C878 PADRON_BC0$_HIDE:ACCESS:SOCIOS
  44C87C PADRON_BC0$_HIDE:RELATE:PAIS
  44C880 PADRON_BC0$_HIDE:ACCESS:PAIS
  44C884 PADRON_BC0$_HIDE:RELATE:LOCALIDAD
  44C888 PADRON_BC0$_HIDE:ACCESS:LOCALIDAD
  44C88C PADRON_BC0$_HIDE:RELATE:INSTITUCION
  44C890 PADRON_BC0$_HIDE:ACCESS:INSTITUCION
  44C894 PADRON_BC0$_HIDE:RELATE:COBERTURA
  44C898 PADRON_BC0$_HIDE:ACCESS:COBERTURA
  44C89C PADRON_BC0$_HIDE:RELATE:CIRCULO
  44C8A0 PADRON_BC0$_HIDE:ACCESS:CIRCULO
  44C8A4 $FILESMANAGER
  44C8BC $SZDBTEXTLOG
  44D1B0 WMFINFILE$WMFF@:RECORD
  45F000 __import_section_start
  460ADC __import_section_end

Imports
ClaASC.dll:ASCII 45F0A8
ClaDB4.dll:DBASE4 45F0B8
ClaDOS.dll:DOS 45F0C8
ClaODB.dll:ODBC 45F0D8
ClaRUN.dll:Cla$ACCEPTED 45F478,401000
ClaRUN.dll:Cla$ADDqueue 45F47C
ClaRUN.dll:Cla$ADDqueuekey 45F480,401008
ClaRUN.dll:Cla$ADDqueueptr 45F484
ClaRUN.dll:Cla$AddressUfo 45F488
ClaRUN.dll:Cla$AssignLong2RefUfo 45F48C
ClaRUN.dll:Cla$AssignReal2RefUfo 45F490
ClaRUN.dll:Cla$AssignRefUfo 45F494
ClaRUN.dll:Cla$BEEP 45F498,401010
ClaRUN.dll:Cla$BindG 45F49C
ClaRUN.dll:Cla$BindV 45F4A0
ClaRUN.dll:Cla$CHOICE 45F4A4,401018
ClaRUN.dll:Cla$CLEAR 45F4A8
ClaRUN.dll:Cla$CLEARqueue 45F4AC
ClaRUN.dll:Cla$clearstr 45F4B0
ClaRUN.dll:Cla$ClearType 45F4B4
ClaRUN.dll:Cla$ClearUfo 45F4B8
ClaRUN.dll:Cla$CLOCK 45F4BC,401020
ClaRUN.dll:Cla$CloneUfo 45F4C0
ClaRUN.dll:Cla$CLOSEwindow 45F4C4,401028
ClaRUN.dll:Cla$code 45F4C8
ClaRUN.dll:Cla$COMMIT 45F4CC,401030
ClaRUN.dll:Cla$comparestr 45F4D0
ClaRUN.dll:Cla$CREATE 45F4D4
ClaRUN.dll:Cla$DecAdd 45F4D8
ClaRUN.dll:Cla$DecCompareN 45F4DC
ClaRUN.dll:Cla$DecDistinct 45F4E0
ClaRUN.dll:Cla$DecDistinctR 45F4E4
ClaRUN.dll:Cla$DecDivide 45F4E8
ClaRUN.dll:Cla$DecMul 45F4EC
ClaRUN.dll:Cla$DecSub 45F4F0
ClaRUN.dll:Cla$DecSubR 45F4F4
ClaRUN.dll:Cla$DELETEqueue 45F4F8,401038
ClaRUN.dll:Cla$DELETEREG 45F4FC,401040
ClaRUN.dll:Cla$DESTROY 45F500,401048
ClaRUN.dll:Cla$DISABLE 45F504,401050
ClaRUN.dll:Cla$DISPLAY 45F508,401058
ClaRUN.dll:Cla$DISPOSEqueue 45F50C
ClaRUN.dll:Cla$DISPOSEref 45F510
ClaRUN.dll:Cla$DISPOSEvref 45F514
ClaRUN.dll:Cla$Dlongpower 45F518
ClaRUN.dll:Cla$DPopDec 45F51C
ClaRUN.dll:Cla$DPopLong 45F520
ClaRUN.dll:Cla$DPopReal 45F524
ClaRUN.dll:Cla$DPopUlong 45F528
ClaRUN.dll:Cla$DPushConstant 45F52C
ClaRUN.dll:Cla$DPushDec 45F530
ClaRUN.dll:Cla$DPushLong 45F534
ClaRUN.dll:Cla$DPushULong 45F538
ClaRUN.dll:Cla$DRound 45F53C
ClaRUN.dll:Cla$DStack2Stack 45F540
ClaRUN.dll:Cla$ENABLE 45F544,401060
ClaRUN.dll:Cla$EndEventLoop 45F548
ClaRUN.dll:Cla$EndEventLoops 45F54C
ClaRUN.dll:Cla$ENDPAGE 45F550,401068
ClaRUN.dll:Cla$ERRORCODE 45F554,401070
ClaRUN.dll:Cla$Evaluate 45F558,401078
ClaRUN.dll:Cla$EVENT 45F55C,401080
ClaRUN.dll:Cla$FIELD 45F560,401088
ClaRUN.dll:Cla$FILEERRORCODE 45F564,401090
ClaRUN.dll:Cla$FILEERRORMSG 45F568,401098
ClaRUN.dll:Cla$FileExists 45F56C,4010A0
ClaRUN.dll:Cla$FILE_ADDf 45F570
ClaRUN.dll:Cla$FILE_BUFFER 45F574,4010A8
ClaRUN.dll:Cla$FILE_BUILDf 45F578,4010B0
ClaRUN.dll:Cla$FILE_BYTES 45F57C,4010B8
ClaRUN.dll:CLA$FILE_CALLBACK 45F580,4010C0
ClaRUN.dll:Cla$FILE_CLEAR 45F584
ClaRUN.dll:Cla$FILE_CLOSE 45F588,4010C8
ClaRUN.dll:Cla$FILE_CREATE 45F58C
ClaRUN.dll:Cla$FILE_DELETE 45F590,4010D0
ClaRUN.dll:CLA$FILE_DESTROY 45F594
ClaRUN.dll:Cla$FILE_DUPLICATEk 45F598,4010D8
ClaRUN.dll:Cla$FILE_FLUSH 45F59C,4010E0
ClaRUN.dll:CLA$FILE_FREESTATE 45F5A0,4010E8
ClaRUN.dll:Cla$FILE_GETfk 45F5A4
ClaRUN.dll:Cla$FILE_GETfl 45F5A8
ClaRUN.dll:Cla$FILE_GETflu 45F5AC
ClaRUN.dll:Cla$FILE_GETNULLS 45F5B0,4010F0
ClaRUN.dll:CLA$FILE_GETSTATE 45F5B4,4010F8
ClaRUN.dll:Cla$FILE_GET_PROPERTY 45F5B8
ClaRUN.dll:Cla$FILE_NAME 45F5BC,401100
ClaRUN.dll:Cla$FILE_NEXT 45F5C0,401108
ClaRUN.dll:Cla$FILE_NOMEMO 45F5C4,401110
ClaRUN.dll:Cla$FILE_OPEN 45F5C8,401118
ClaRUN.dll:Cla$FILE_POSITIONf 45F5CC,401120
ClaRUN.dll:Cla$FILE_POSITIONk 45F5D0,401128
ClaRUN.dll:Cla$FILE_PREV 45F5D4,401130
ClaRUN.dll:Cla$FILE_PUTf 45F5D8
ClaRUN.dll:Cla$FILE_RECORDSf 45F5DC,401138
ClaRUN.dll:Cla$FILE_REGETf 45F5E0,401140
ClaRUN.dll:Cla$FILE_REGETk 45F5E4,401148
ClaRUN.dll:Cla$FILE_RESETf 45F5E8,401150
ClaRUN.dll:Cla$FILE_RESETk 45F5EC,401158
ClaRUN.dll:CLA$FILE_RESTORESTATE 45F5F0,401160
ClaRUN.dll:Cla$FILE_SEND 45F5F4,401168
ClaRUN.dll:Cla$FILE_SETk 45F5F8,401170
ClaRUN.dll:Cla$FILE_SETkk 45F5FC,401178
ClaRUN.dll:Cla$FILE_SETNULLS 45F600,401180
ClaRUN.dll:Cla$FILE_SET_PROPERTY 45F604
ClaRUN.dll:Cla$FILE_WATCH 45F608,401188
ClaRUN.dll:Cla$FOCUS 45F60C,401190
ClaRUN.dll:Cla$FREEqueue 45F610
ClaRUN.dll:Cla$FREEqueuea 45F614,401198
ClaRUN.dll:Cla$freestr 45F618
ClaRUN.dll:Cla$FreeUfo 45F61C
ClaRUN.dll:Cla$freewindow 45F620
ClaRUN.dll:Cla$GETINI 45F624,4011A0
ClaRUN.dll:Cla$GETPOSITION 45F628,4011A8
ClaRUN.dll:Cla$GetPropS 45F62C
ClaRUN.dll:Cla$GETqueuekey 45F630,4011B0
ClaRUN.dll:Cla$GETqueueptr 45F634
ClaRUN.dll:Cla$GETREG 45F638,4011B8
ClaRUN.dll:Cla$Group2Ufo 45F63C
ClaRUN.dll:Cla$HALT 45F640,4011C0
ClaRUN.dll:Cla$HIDE 45F644,4011C8
ClaRUN.dll:Cla$init 45F648
ClaRUN.dll:Cla$INSTANCE 45F64C,4011D0
ClaRUN.dll:Cla$IsUfoString 45F650,4011D8
ClaRUN.dll:Cla$KEYCHAR 45F654,4011E0
ClaRUN.dll:Cla$KEYCODE 45F658,4011E8
ClaRUN.dll:Cla$KEY_GET_PROPERTY 45F65C
ClaRUN.dll:Cla$LASTFIELD 45F660,4011F0
ClaRUN.dll:Cla$loadbtdate 45F664
ClaRUN.dll:Cla$LOGOUT 45F668,4011F8
ClaRUN.dll:Cla$longtostr 45F66C
ClaRUN.dll:Cla$Mem2Ufo 45F670
ClaRUN.dll:Cla$MessageBox 45F674,401200
ClaRUN.dll:Cla$MONTH 45F678,401208
ClaRUN.dll:Cla$NewMemB 45F67C
ClaRUN.dll:Cla$NewMemT 45F680
ClaRUN.dll:Cla$NEWqueue 45F684
ClaRUN.dll:Cla$NOTIFICATION 45F688,401210
ClaRUN.dll:Cla$OPENowned 45F68C,401218
ClaRUN.dll:Cla$OPENwindow 45F690,401220
ClaRUN.dll:Cla$paopen 45F694,401228
ClaRUN.dll:Cla$pmopen 45F698,401230
ClaRUN.dll:Cla$POINTERqueue 45F69C,401238
ClaRUN.dll:Cla$PopAString 45F6A0
ClaRUN.dll:Cla$PopBind 45F6A4,401240
ClaRUN.dll:Cla$PopCString 45F6A8
ClaRUN.dll:Cla$PopReal 45F6AC
ClaRUN.dll:Cla$PopString 45F6B0
ClaRUN.dll:Cla$PopTemp 45F6B4
ClaRUN.dll:Cla$POPUP 45F6B8,401248
ClaRUN.dll:Cla$POST 45F6BC,401250
ClaRUN.dll:Cla$PRESSKEY 45F6C0,401258
ClaRUN.dll:Cla$PushAString 45F6C4
ClaRUN.dll:Cla$PushBind 45F6C8,401260
ClaRUN.dll:Cla$PushCString 45F6CC
ClaRUN.dll:Cla$PushLong 45F6D0
ClaRUN.dll:Cla$PushPictDec 45F6D4
ClaRUN.dll:Cla$PushPictLong 45F6D8
ClaRUN.dll:Cla$PushReal 45F6DC
ClaRUN.dll:Cla$PushString 45F6E0
ClaRUN.dll:Cla$PushUfo 45F6E4
ClaRUN.dll:Cla$PUTINI 45F6E8,401268
ClaRUN.dll:Cla$PUTqueue 45F6EC
ClaRUN.dll:Cla$PUTqueuekey 45F6F0,401270
ClaRUN.dll:Cla$PUTREG 45F6F4,401278
ClaRUN.dll:Cla$pwopen 45F6F8,401280
ClaRUN.dll:Cla$realdistinct 45F6FC
ClaRUN.dll:Cla$RECORDSqueue 45F700,401288
ClaRUN.dll:Cla$RefAssignAny 45F704
ClaRUN.dll:Cla$REGISTEREVENT 45F708,401290
ClaRUN.dll:Cla$REGULAR 45F70C,401298
ClaRUN.dll:Cla$ROLLBACK 45F710,4012A0
ClaRUN.dll:Cla$rterr 45F714,4012A8
ClaRUN.dll:Cla$RUN 45F718,4012B0
ClaRUN.dll:Cla$SELECT 45F71C,4012B8
ClaRUN.dll:Cla$SETCURSOR 45F720,4012C0
ClaRUN.dll:Cla$SETKEYCODE 45F724,4012C8
ClaRUN.dll:Cla$SETPOSITION 45F728,4012D0
ClaRUN.dll:Cla$SetPropF 45F72C
ClaRUN.dll:Cla$SetPropS 45F730
ClaRUN.dll:Cla$SetPropV 45F734
ClaRUN.dll:Cla$SETTARGET 45F738,4012D8
ClaRUN.dll:Cla$SORTqueuekey 45F73C,4012E0
ClaRUN.dll:Cla$Stack2DStack 45F740
ClaRUN.dll:Cla$Stack2Ufo 45F744
ClaRUN.dll:Cla$StackCLIP 45F748,4012E8
ClaRUN.dll:Cla$StackCompareN 45F74C
ClaRUN.dll:Cla$StackCompareNEQ 45F750
ClaRUN.dll:Cla$StackCompareR 45F754
ClaRUN.dll:Cla$StackConcat 45F758
ClaRUN.dll:Cla$StackConcatR 45F75C
ClaRUN.dll:Cla$StackDEFORMAT2 45F760
ClaRUN.dll:Cla$StackErrstr 45F764,4012F0
ClaRUN.dll:Cla$StackHeap 45F768
ClaRUN.dll:Cla$StackINSTRING 45F76C,4012F8
ClaRUN.dll:Cla$StackLEFT 45F770,401300
ClaRUN.dll:Cla$StackLen 45F774,401308
ClaRUN.dll:Cla$StackNUMERIC 45F778,401310
ClaRUN.dll:Cla$STACKpop 45F77C
ClaRUN.dll:Cla$StackRotate 45F780
ClaRUN.dll:Cla$StackSUB 45F784,401318
ClaRUN.dll:Cla$StackUPPER 45F788,401320
ClaRUN.dll:Cla$START 45F78C,401328
ClaRUN.dll:Cla$START2 45F790,401330
ClaRUN.dll:Cla$StartEventLoop 45F794
ClaRUN.dll:Cla$storebtdate 45F798
ClaRUN.dll:Cla$storecstr 45F79C
ClaRUN.dll:Cla$storestr 45F7A0
ClaRUN.dll:Cla$String2Ref 45F7A4
ClaRUN.dll:Cla$THREAD 45F7A8,401338
ClaRUN.dll:Cla$THREAD_FILE 45F7AC
ClaRUN.dll:Cla$TODAY 45F7B0,401340
ClaRUN.dll:Cla$Ufo2Real 45F7B4
ClaRUN.dll:Cla$UfoCompareN 45F7B8
ClaRUN.dll:Cla$Ufodistinct 45F7BC
ClaRUN.dll:Cla$UNHIDE 45F7C0,401348
ClaRUN.dll:Cla$UNREGISTEREVENT 45F7C4,401350
ClaRUN.dll:Cla$UPDATE 45F7C8,401358
ClaRUN.dll:Cla$VIEW_RESETvf 45F7CC,401360
ClaRUN.dll:Cla$VIEW_SETvl 45F7D0,401368
ClaRUN.dll:Cla$WHAT 45F7D4,401370
ClaRUN.dll:Cla$WHATqueue 45F7D8,401378
ClaRUN.dll:Cla$WHOqueue 45F7DC,401380
ClaRUN.dll:Cla$YEAR 45F7E0,401388
ClaRUN.dll:Cla$YIELD 45F7E4,401390
ClaRUN.dll:NewCriticalSection 45F7E8,401398
ClaRUN.dll:THR$GetInstance 45F7EC,4013A0
ClaRUN.dll:VIEWDRIVER 45F7F0
ClaRUN.dll:_exit 45F7F4,4013A8
ClaRUN.dll:_fnsplit 45F7F8,4013B0
ClaRUN.dll:_free 45F7FC
ClaRUN.dll:_malloc 45F800
ClaRUN.dll:__sysinit 45F804,4013B8
ClaRUN.dll:__sysstart 45F808,4013C0
ClaTPS.dll:TOPSPEED 45F818
KERNEL32.dll:MulDiv 45F828,4013C8



Entry Point:   423A40