  4013C8      8E5 Code                ABBREAK_TEXT
  401CB0     4A73 Code                ABBROWSE_TEXT
  406724     112F Code                ABEIP_TEXT
  407854     2900 Code                ABERROR_TEXT
  40A154     657B Code                ABFILE_TEXT
  4106D0      159 Code                ABFUZZY_TEXT
  41082C     21CC Code                ABPOPUP_TEXT
  4129F8     27F6 Code                ABQUERY_TEXT
  4151F0     157A Code                ABREPORT_TEXT
  41676C     1D40 Code                ABRESIZE_TEXT
  4184AC       37 Code                ABRPATMG_TEXT
  4184E4      DFD Code                ABRPPSEL_TEXT
  4192E4      6DE Code                ABTOOLBA_TEXT
  4199C4     2B51 Code                ABUTIL_TEXT
  41C518     1CDE Code                ABWINDOW_TEXT
  41E1F8     56E6 Code                ABWMFPAR_TEXT
  4238E0       80 Code                CWSYNCHC_TEXT
  423960       23 Code                IEXE32_TEXT
  423984      AEF Code                INIT_TEXT
  424474       37 Code                INST00_TEXT
  4244AC      85B Code                SUMAR_CANT_CUOTAS001_TEXT
  424D08      616 Code                SUMAR_CANT_CUOTAS002_TEXT
  425320      84B Code                SUMAR_CANT_CUOTAS003_TEXT
  425B6C      81F Code                SUMAR_CANT_CUOTAS004_TEXT
  42638C      616 Code                SUMAR_CANT_CUOTAS005_TEXT
  4269A4      88B Code                SUMAR_CANT_CUOTAS006_TEXT
  427230      557 Code                SUMAR_CANT_CUOTAS007_TEXT
  427788      605 Code                SUMAR_CANT_CUOTAS008_TEXT
  427D90      D21 Code                SUMAR_CANT_CUOTAS009_TEXT
  428AB4     6203 Code                SUMAR_CANT_CUOTAS_BC0_TEXT
  42ECB8     17AF Code                SUMAR_CANT_CUOTAS_BC1_TEXT
  430468       21 Code                SUMAR_CANT_CUOTAS_BC_TEXT
  43048C       B0 Code                SUMAR_CANT_CUOTAS_TEXT
  431000     1290 Initialized Data    $DEFAULTERRORS_DATA
  432290       6F Initialized Data    ABBREAK_CONST
  432300      105 Initialized Data    ABBROWSE_CONST
  432408      AD0 Initialized Data    ABBROWSE_DATA
  432ED8       23 Initialized Data    ABEIP_CONST
  432EFC       B4 Initialized Data    ABEIP_DATA
  432FB0      16F Initialized Data    ABERROR_CONST
  433120      AA4 Initialized Data    ABERROR_DATA
  433BC4       CD Initialized Data    ABFILE_CONST
  433C94      410 Initialized Data    ABFILE_DATA
  4340A4       B4 Initialized Data    ABFUZZY_DATA
  434158       2D Initialized Data    ABPOPUP_CONST
  434188      128 Initialized Data    ABPOPUP_DATA
  4342B0       DE Initialized Data    ABQUERY_CONST
  434390       87 Initialized Data    ABQUERY_DATA
  434418       46 Initialized Data    ABREPORT_CONST
  434460       47 Initialized Data    ABREPORT_DATA
  4344A8       30 Initialized Data    ABRESIZE_CONST
  4344D8      23F Initialized Data    ABRESIZE_DATA
  434718        1 Initialized Data    ABRPATMG_CONST
  43471C       44 Initialized Data    ABRPATMG_DATA
  434760       7F Initialized Data    ABRPPSEL_CONST
  4347E0      11D Initialized Data    ABRPPSEL_DATA
  434900      1A0 Initialized Data    ABTOOLBA_DATA
  434AA0       71 Initialized Data    ABUTIL_CONST
  434B14      261 Initialized Data    ABUTIL_DATA
  434D78       3F Initialized Data    ABWINDOW_DATA
  434DB8      104 Initialized Data    ABWMFPAR_CONST
  434EBC      E61 Initialized Data    ABWMFPAR_DATA
  435D20       48 Initialized Data    CWSYNCHC_DATA
  435D68        E Initialized Data    CWUTIL_CONST
  435D78       36 Initialized Data    CWUTIL_DATA
  435DB0       44 Initialized Data    IEXE32_DATA
  435DF4       BC Initialized Data    SUMAR_CANT_CUOTAS001_CONST
  435EB0      63C Initialized Data    SUMAR_CANT_CUOTAS001_DATA
  4364EC       50 Initialized Data    SUMAR_CANT_CUOTAS002_CONST
  43653C      28C Initialized Data    SUMAR_CANT_CUOTAS002_DATA
  4367C8       73 Initialized Data    SUMAR_CANT_CUOTAS003_CONST
  43683C      63C Initialized Data    SUMAR_CANT_CUOTAS003_DATA
  436E78       37 Initialized Data    SUMAR_CANT_CUOTAS004_CONST
  436EB0      63C Initialized Data    SUMAR_CANT_CUOTAS004_DATA
  4374EC       51 Initialized Data    SUMAR_CANT_CUOTAS005_CONST
  437540      928 Initialized Data    SUMAR_CANT_CUOTAS005_DATA
  437E68       61 Initialized Data    SUMAR_CANT_CUOTAS006_CONST
  437ECC      63C Initialized Data    SUMAR_CANT_CUOTAS006_DATA
  438508       37 Initialized Data    SUMAR_CANT_CUOTAS007_CONST
  438540      63C Initialized Data    SUMAR_CANT_CUOTAS007_DATA
  438B7C       48 Initialized Data    SUMAR_CANT_CUOTAS008_CONST
  438BC4      63C Initialized Data    SUMAR_CANT_CUOTAS008_DATA
  439200       76 Initialized Data    SUMAR_CANT_CUOTAS009_CONST
  439278      C78 Initialized Data    SUMAR_CANT_CUOTAS009_DATA
  439EF0      162 Initialized Data    SUMAR_CANT_CUOTAS_BC0_CONST
  43A054     4D80 Initialized Data    SUMAR_CANT_CUOTAS_BC0_DATA
  43EDD4       4D Initialized Data    SUMAR_CANT_CUOTAS_BC1_CONST
  43EE24     1740 Initialized Data    SUMAR_CANT_CUOTAS_BC1_DATA
  440564      BAB Initialized Data    SUMAR_CANT_CUOTAS_CONST
  441110     1640 Initialized Data    SUMAR_CANT_CUOTAS_DATA
  442750        0 Initialized Data    __CPPINI_CONS
  442750      380 Initialized Data    __CPPINI_CONST
  442AD0        4 Initialized Data    __CPPINI_END
  442AD4        0 Initialized Data    __INIVMT_CONS
  442AD4      330 Initialized Data    __INIVMT_CONST
  442E04        0 Initialized Data    __INIVMT_CONST_END
  442E10     1623 Un-initialized Data $FUZZYMATCHER_BSS
  444434       40 Un-initialized Data ABEIP_BSS
  444474      404 Un-initialized Data ABERROR_BSS
  444878       10 Un-initialized Data ABFILE_BSS
  444888        4 Un-initialized Data ABFUZZY_BSS
  44488C      104 Un-initialized Data ABUTIL_BSS
  444990        0 Un-initialized Data ABWMFPAR_BSS
  444990        0 Un-initialized Data CWUTIL_BSS
  444990      154 Un-initialized Data SUMAR_CANT_CUOTAS_BSS
  445000        8 __T_L_S__DAT
  445008     1DBC __T_L_S__DATA
  446DC4        0 __T_L_S__DATA_END
  446DD0        0 __T_L_S__BS
  446DD0    14130 __T_L_S__BSS
  45AF00        0 __T_L_S__BSS_END

  4013C8 EVALUATELEVEL@F17LEVELMANAGERCLASSs
  401454 RESTORERESETBUFFER@F17LEVELMANAGERCLASSs
  4014CC SAVERESETBUFFER@F17LEVELMANAGERCLASSs
  401564 RESTOREBUFFEROFF@F17LEVELMANAGERCLASS
  4015B8 RESTOREBUFFERON@F17LEVELMANAGERCLASS
  401624 SAVEBUFFER@F17LEVELMANAGERCLASS
  401678 REFRESHFIELDS@F17LEVELMANAGERCLASSs
  4017B0 RESETTOTALS@F17LEVELMANAGERCLASSs
  401884 ASKLEVELOFF@F17LEVELMANAGERCLASSs
  40194C ASKLEVELON@F17LEVELMANAGERCLASSs
  4019B8 ASKLEVEL@F17LEVELMANAGERCLASSUc
  401A78 RESET@F17LEVELMANAGERCLASS
  401C04 ASKBREAK@F17BREAKMANAGERCLASSUc
  401C5C RESET@F17BREAKMANAGERCLASS
  4022CC KILL_@_WINDOWCOMPONENT_@_BROWSECLASS@F15WINDOWCOMPONENT
  4022DC RESET_@_WINDOWCOMPONENT_@_BROWSECLASS@F15WINDOWCOMPONENTUc
  4022F0 RESETREQUIRED_@_WINDOWCOMPONENT_@_BROWSECLASS@F15WINDOWCOMPONENT
  402300 SETALERTS_@_WINDOWCOMPONENT_@_BROWSECLASS@F15WINDOWCOMPONENT
  402314 TAKEEVENT_@_WINDOWCOMPONENT_@_BROWSECLASS@F15WINDOWCOMPONENT
  402328 UPDATE_@_WINDOWCOMPONENT_@_BROWSECLASS@F15WINDOWCOMPONENT
  40233C UPDATEWINDOW_@_WINDOWCOMPONENT_@_BROWSECLASS@F15WINDOWCOMPONENT
  402350 DOSHOWWAITCURSOR@F11BROWSECLASSUc
  402388 SHOWWAITCURSOR@F11BROWSECLASSUc
  40239C SETUSEWAITCURSOR@F11BROWSECLASSUc
  4023A4 UPDATEWINDOW@F11BROWSECLASS
  402584 UPDATEVIEWRECORD@F11BROWSECLASS
  402668 UPDATETOOLBARBUTTONS@F11BROWSECLASS
  4026F0 UPDATETHUMBFIXED@F11BROWSECLASS
  4028A0 UPDATETHUMB@F11BROWSECLASS
  402B44 UPDATERESETS@F11BROWSECLASS
  402B58 UPDATEBUFFER@F11BROWSECLASS
  402B90 TAKEVCRSCROLL@F11BROWSECLASSl
  402C78 TAKESCROLL@F11BROWSECLASSl
  402CFC TAKENEWSELECTION@F11BROWSECLASS
  402D90 TAKELOCATE@F11BROWSECLASS
  402E08 TAKEKEY@F11BROWSECLASS
  4030AC TAKEEVENT@F11BROWSECLASS
  4037BC TAKECHOICECHANGED@F11BROWSECLASS
  403824 TAKEACCEPTEDLOCATOR@F11BROWSECLASS
  403918 GETUSEMRP@F11BROWSECLASS
  40391C SETUSEMRP@F11BROWSECLASSUc
  403920 SETUSEPOPUP@F11BROWSECLASSUc
  403924 SETSORT@F11BROWSECLASSUcUc
  403A60 SETQUEUERECORD@F11BROWSECLASS
  403A80 SETALERTS@F11BROWSECLASS
  403F94 SCROLLPAGE@F11BROWSECLASSl
  404078 SCROLLONE@F11BROWSECLASSl
  4040D8 SCROLLEND@F11BROWSECLASSl
  404150 SAVESORT@F11BROWSECLASS
  404244 RESETTHUMBLIMITS@F11BROWSECLASS
  404380 RESETSORT@F11BROWSECLASSUc
  4043A4 RESETRESETS@F11BROWSECLASS
  4043B8 RESETQUEUE@F11BROWSECLASSUc
  404960 RESETFROMVIEW@F11BROWSECLASS
  404998 RESETFROMFILE@F11BROWSECLASS
  4049BC RESETFROMBUFFER@F11BROWSECLASS
  404A2C RESETFROMASK@F11BROWSECLASSRUcRUc
  404C24 REPLACESORT@F11BROWSECLASSsb12LOCATORCLASS9STEPCLASS
  404CFC RECORDS@F11BROWSECLASS
  404D64 PREVIOUS@F11BROWSECLASS
  404DB0 POSTNEWSELECTION@F11BROWSECLASS
  404E08 NOTIFYUPDATEERROR@F11BROWSECLASS
  404E28 NEXT@F11BROWSECLASS
  404E74 KILL@F11BROWSECLASS
  4050B8 INITSORT@F11BROWSECLASSUc
  40510C INIT@F11BROWSECLASS12ILISTCONTROLBi11BROWSEQUEUE15RELATIONMANAGER13WINDOWMANAGER
  405218 INIT@F11BROWSECLASSlRsbBiBq15RELATIONMANAGER13WINDOWMANAGER
  40527C FETCH@F11BROWSECLASSUc
  405508 CHECKEIP@F11BROWSECLASS
  4055CC ASKRECORD@F11BROWSECLASSUc
  4055E0 ASK@F11BROWSECLASSUc
  4056B0 APPLYRANGE@F11BROWSECLASS
  40571C ADDTOOLBARTARGET@F11BROWSECLASS12TOOLBARCLASS
  405770 ADDSORTORDER@F11BROWSECLASS9STEPCLASSBk
  4057EC ADDLOCATOR@F11BROWSECLASS12LOCATORCLASS
  405808 ADDFIELD@F11BROWSECLASSRlRl
  405868 ADDFIELD@F11BROWSECLASSRuRu
  4058A8 RECORDS_@_BROWSEQUEUE_@_STANDARDBEHAVIOR@F11BROWSEQUEUE
  4058B4 INSERT_@_BROWSEQUEUE_@_STANDARDBEHAVIOR@F11BROWSEQUEUE
  4058C0 INSERT_@_BROWSEQUEUE_@_STANDARDBEHAVIOR@F11BROWSEQUEUEl
  4058CC FETCH_@_BROWSEQUEUE_@_STANDARDBEHAVIOR@F11BROWSEQUEUEl
  4058D8 UPDATE_@_BROWSEQUEUE_@_STANDARDBEHAVIOR@F11BROWSEQUEUE
  4058E4 DELETE_@_BROWSEQUEUE_@_STANDARDBEHAVIOR@F11BROWSEQUEUE
  4058F0 FREE_@_BROWSEQUEUE_@_STANDARDBEHAVIOR@F11BROWSEQUEUE
  4058FC WHO_@_BROWSEQUEUE_@_STANDARDBEHAVIOR@F11BROWSEQUEUEl
  40590C GETVIEWPOSITION_@_BROWSEQUEUE_@_STANDARDBEHAVIOR@F11BROWSEQUEUE
  405924 SETVIEWPOSITION_@_BROWSEQUEUE_@_STANDARDBEHAVIOR@F11BROWSEQUEUEsb
  40595C CHOICE_@_ILISTCONTROL_@_STANDARDBEHAVIOR@F12ILISTCONTROL
  405968 GETCONTROL_@_ILISTCONTROL_@_STANDARDBEHAVIOR@F12ILISTCONTROL
  40596C GETITEMS_@_ILISTCONTROL_@_STANDARDBEHAVIOR@F12ILISTCONTROL
  4059A0 GETVISIBLE_@_ILISTCONTROL_@_STANDARDBEHAVIOR@F12ILISTCONTROL
  4059D4 SETCHOICE_@_ILISTCONTROL_@_STANDARDBEHAVIOR@F12ILISTCONTROLl
  405A28 SETCONTROL_@_ILISTCONTROL_@_STANDARDBEHAVIOR@F12ILISTCONTROLl
  405A2C GETSELECTEDITEM_@_ILISTCONTROL_@_STANDARDBEHAVIOR@F12ILISTCONTROL
  405A88 INIT@F16STANDARDBEHAVIORBqRsbl
  405AA0 TAKENEWSELECTION@F16BROWSEEIPMANAGER
  405B38 TAKECOMPLETED@F16BROWSEEIPMANAGERUc
  405D20 KILL@F16BROWSEEIPMANAGER
  405D54 INIT@F16BROWSEEIPMANAGER
  406118 CLEARCOLUMN@F16BROWSEEIPMANAGER
  406160 TAKEKEY@F16STEPLOCATORCLASS
  40638C SET@F16STEPLOCATORCLASS
  406390 INIT@F16STEPLOCATORCLASSlRuUc
  4063B8 UPDATEWINDOW@F12LOCATORCLASS
  4063C0 TAKEACCEPTED@F12LOCATORCLASS
  4063C4 SETSHADOW@F12LOCATORCLASSsb
  4063E0 SETENABLED@F12LOCATORCLASSUc
  406424 SETALERTS@F12LOCATORCLASSl
  406428 SETLOCATORFIELD@F12LOCATORCLASSRu
  40647C RESET@F12LOCATORCLASS
  406480 INIT@F12LOCATORCLASSlRuUc11BROWSECLASS
  4064B4 INIT@F12LOCATORCLASSlRuUc
  4064D0 GETSHADOW@F12LOCATORCLASS
  4064EC DESTRUCT@F12LOCATORCLASS
  406500 SETLIMIT@F13STEPLONGCLASSuu
  4065EC GETVALUE@F13STEPLONGCLASSUc
  40664C GETPERCENTILE@F13STEPLONGCLASSu
  4066F4 SETLIMITNEEDED@F9STEPCLASS
  4066F8 SETLIMIT@F9STEPCLASSuu
  4066FC KILL@F9STEPCLASS
  406700 INIT@F9STEPCLASSUc
  406704 GETVALUE@F9STEPCLASSUc
  406720 GETPERCENTILE@F9STEPCLASSu
  406724 TAKENEWSELECTION@F10EIPMANAGER
  40679C TAKEFOCUSLOSS@F10EIPMANAGER
  4067F0 TAKEFIELDEVENT@F10EIPMANAGER
  406940 TAKEEVENT@F10EIPMANAGER
  4069D0 TAKECOMPLETED@F10EIPMANAGERUc
  406A1C TAKEACTION@F10EIPMANAGERl
  406D24 TAKEACCEPTALL@F10EIPMANAGER
  406E70 RUN@F10EIPMANAGERUc
  406F08 RESETCOLUMN@F10EIPMANAGER
  406FD0 GETEDIT@F10EIPMANAGER
  40702C NEXT@F10EIPMANAGER
  407108 KILL@F10EIPMANAGER
  407290 INITCONTROLS@F10EIPMANAGER
  40749C INIT@F10EIPMANAGER
  407508 CLEARCOLUMN@F10EIPMANAGER
  407550 ADDCONTROL@F10EIPMANAGER9EDITCLASSlUc
  4075AC CREATECONTROL@F14EDITENTRYCLASS
  4075D0 RESETCONTROL@F9EDITCLASS
  4075D4 GETFEQ@F9EDITCLASS
  4075D8 TAKEEVENT@F9EDITCLASSl
  407620 TAKEACCEPTED@F9EDITCLASSUc
  407638 SETREADONLY@F9EDITCLASSUc
  407694 SETALERTS@F9EDITCLASS
  407794 KILL@F9EDITCLASS
  4077C4 INIT@F9EDITCLASSllRu
  407970 KILL_@_WINDOWCOMPONENT_@_HISTHANDLERCLASS@F15WINDOWCOMPONENT
  407974 RESET_@_WINDOWCOMPONENT_@_HISTHANDLERCLASS@F15WINDOWCOMPONENTUc
  407978 RESETREQUIRED_@_WINDOWCOMPONENT_@_HISTHANDLERCLASS@F15WINDOWCOMPONENT
  40797C SETALERTS_@_WINDOWCOMPONENT_@_HISTHANDLERCLASS@F15WINDOWCOMPONENT
  407980 TAKEEVENT_@_WINDOWCOMPONENT_@_HISTHANDLERCLASS@F15WINDOWCOMPONENT
  407988 UPDATE_@_WINDOWCOMPONENT_@_HISTHANDLERCLASS@F15WINDOWCOMPONENT
  40798C UPDATEWINDOW_@_WINDOWCOMPONENT_@_HISTHANDLERCLASS@F15WINDOWCOMPONENT
  4079A0 VLBPROC@F16HISTHANDLERCLASSls
  407A4C TAKEEVENT@F16HISTHANDLERCLASS
  407B14 INIT@F16HISTHANDLERCLASSBw10ERRORCLASS16ERRORHISTORYLIST
  407B20 _VLBPROC@F16HISTHANDLERCLASSls
  407B30 TAKEACCEPTED@F11MSGBOXCLASS
  407B6C SETUPADDITIONALFEQS@F11MSGBOXCLASS
  407BF4 KILL@F11MSGBOXCLASS
  407C34 INIT@F11MSGBOXCLASS
  407EE4 INIT@F11MSGBOXCLASSBw10ERRORCLASSOsbllll
  407F7C FETCHSTDBUTTON@F11MSGBOXCLASSs
  407FB0 GETALLSTATUSVARIABLES@F10ERRORCLASS16ERRORSTATUSGROUP
  407FE0 GETERRORBUFFERFATALITY@F10ERRORCLASS
  408010 GETERRORBUFFERTITLE@F10ERRORCLASS
  408048 GETERRORBUFFERID@F10ERRORCLASS
  40806C SETMESSAGETEXT@F10ERRORCLASSsb
  4080BC SETKEYNAME@F10ERRORCLASSsb
  40810C SETFIELDNAME@F10ERRORCLASSsb
  40815C SETFILENAME@F10ERRORCLASSsb
  4081AC STOREERRORENTRY@F10ERRORCLASSUs
  4082DC GETHISTORYRESETONVIEW@F10ERRORCLASS
  408328 SETHISTORYRESETONVIEW@F10ERRORCLASSUc
  408370 GETHISTORYVIEWLEVEL@F10ERRORCLASS
  4083BC SETHISTORYVIEWLEVEL@F10ERRORCLASSl
  408404 GETHISTORYTHRESHOLD@F10ERRORCLASS
  408450 SETHISTORYTHRESHOLD@F10ERRORCLASSl
  408498 GETLOGERRORS@F10ERRORCLASS
  4084E4 GETSILENT@F10ERRORCLASS
  408530 SETDEFAULTCATEGORY@F10ERRORCLASSsa
  408578 GETDEFAULTCATEGORY@F10ERRORCLASS
  4085C4 VIEWHISTORY@F10ERRORCLASS
  4085F0 THROWMESSAGE@F10ERRORCLASSssb
  408640 THROWFILE@F10ERRORCLASSssb
  40868C THROW@F10ERRORCLASSs
  4086A0 TAKEUSER@F10ERRORCLASS
  4086FC TAKEPROGRAM@F10ERRORCLASS
  408704 TAKEOTHER@F10ERRORCLASS
  40870C TAKENOTIFY@F10ERRORCLASS
  408758 TAKEFATAL@F10ERRORCLASS
  4087E4 TAKEERROR@F10ERRORCLASSs
  4089E8 TAKEBENIGN@F10ERRORCLASS
  4089EC SUBSSTRING@F10ERRORCLASS
  408DA0 SETPROCEDURENAME@F10ERRORCLASSOsb
  408E50 GETERRORENTRY@F10ERRORCLASSUs15ERRORENTRYGROUPl
  408EF4 GETERRORENTRY@F10ERRORCLASSUs15ERRORENTRYGROUP
  408F28 SETID@F10ERRORCLASSUsl
  408F60 SETID@F10ERRORCLASSUs
  408F7C SETKEY@F10ERRORCLASSsb
  408FB8 SETFILE@F10ERRORCLASSsb
  408FF4 SETFIELD@F10ERRORCLASSsb
  409030 SETERRORS@F10ERRORCLASS
  4090B4 SETERRORLOG@F10ERRORCLASS17ERRORLOGINTERFACE
  409154 SETCATEGORY@F10ERRORCLASSssa
  4091A0 RESETHISTORY@F10ERRORCLASS
  4091C8 REMOVEERROR@F10ERRORCLASSUs
  409208 MESSAGEBOX@F10ERRORCLASSUcsbOsbOsblll
  4092A0 MSG@F10ERRORCLASSsbOsbOsblll
  4095EC MESSAGE@F10ERRORCLASSsll
  409650 KILL@F10ERRORCLASS
  4096F4 INIT@F10ERRORCLASS16ERRORSTATUSCLASS
  409750 INIT@F10ERRORCLASS
  409824 HISTORYMSG@F10ERRORCLASSsblll
  4099E4 GETPROCEDURENAME@F10ERRORCLASS
  409AB8 GETCATEGORY@F10ERRORCLASSs
  409B40 ADDHISTORY@F10ERRORCLASS
  409B70 ADDERRORS@F10ERRORCLASS10ERRORBLOCK
  409D1C ADDERROR@F10ERRORCLASSUsRsbRsbUcsa
  409DC8 DESTRUCT@F10ERRORCLASS
  409DE4 CONSTRUCT@F10ERRORCLASS
  409DFC DESTRUCT@F16ERRORSTATUSCLASS
  409E30 CONSTRUCT@F16ERRORSTATUSCLASS
  409F68 CLOSE_@_ERRORLOGINTERFACE_@_STANDARDERRORLOGCLASS@F17ERRORLOGINTERFACEUc
  409F70 OPEN_@_ERRORLOGINTERFACE_@_STANDARDERRORLOGCLASS@F17ERRORLOGINTERFACEUc
  409F78 TAKE_@_ERRORLOGINTERFACE_@_STANDARDERRORLOGCLASS@F17ERRORLOGINTERFACEsb
  40A01C CLOSE@F21STANDARDERRORLOGCLASSUc
  40A098 OPEN@F21STANDARDERRORLOGCLASSUc
  40A140 DESTRUCT@F21STANDARDERRORLOGCLASS
  40A14C CONSTRUCT@F21STANDARDERRORLOGCLASS
  40A398 REMOVERELATIONFILEMAPPING@F12FILESMANAGER15RELATIONMANAGER
  40A3B8 REMOVERELATIONFILEMAPPING@F12FILESMANAGERl
  40A3D4 REMOVEFILEMAPPING@F12FILESMANAGER11FILEMANAGER
  40A3F0 REMOVEFILEMAPPING@F12FILESMANAGERl
  40A40C NOTEUSAGE@F12FILESMANAGER11FILEMANAGERUc
  40A4E4 NOTEOPEN@F12FILESMANAGER11FILEMANAGER
  40A528 NOTECLOSE@F12FILESMANAGER11FILEMANAGER
  40A5B8 GETRELATIONFILEMAPPING@F12FILESMANAGERl
  40A5F0 GETFILEMAPPING@F12FILESMANAGERl
  40A628 GETFILEID@F12FILESMANAGERBf
  40A640 FINDRECORD@F12FILESMANAGER11FILEMANAGER
  40A6EC ADDFILEMAPPING@F12FILESMANAGER15RELATIONMANAGER
  40A748 ADDFILEMAPPING@F12FILESMANAGER11FILEMANAGER
  40A7A4 DESTRUCT@F12FILESMANAGER
  40A7E4 CONSTRUCT@F12FILESMANAGER
  40AF3C OPENFILE_@_IFILEOPENSERVER_@_UNTHREADEDFILEOPENSERVER@F15IFILEOPENSERVERl
  40AFCC CLOSEFILE_@_IFILEOPENSERVER_@_UNTHREADEDFILEOPENSERVER@F15IFILEOPENSERVER
  40B04C LINK_@_IFILEOPENSERVER_@_UNTHREADEDFILEOPENSERVER@F15IFILEOPENSERVER
  40B09C RELEASE_@_IFILEOPENSERVER_@_UNTHREADEDFILEOPENSERVER@F15IFILEOPENSERVER
  40B128 INIT@F24UNTHREADEDFILEOPENSERVERBf
  40B13C DESTRUCT@F24UNTHREADEDFILEOPENSERVER
  40B160 CONSTRUCT@F24UNTHREADEDFILEOPENSERVER
  40B190 OPENFILE_@_IFILEOPENSERVER_@_THREADEDFILEOPENSERVER@F15IFILEOPENSERVERl
  40B1BC CLOSEFILE_@_IFILEOPENSERVER_@_THREADEDFILEOPENSERVER@F15IFILEOPENSERVER
  40B1CC LINK_@_IFILEOPENSERVER_@_THREADEDFILEOPENSERVER@F15IFILEOPENSERVER
  40B1D8 RELEASE_@_IFILEOPENSERVER_@_THREADEDFILEOPENSERVER@F15IFILEOPENSERVER
  40B1E4 RELEASE@F14FILEOPENSERVER
  40B210 LINK@F14FILEOPENSERVER
  40B214 INIT@F14FILEOPENSERVERBf
  40B218 DESTRUCT@F14FILEOPENSERVER
  40B220 CONSTRUCT@F14FILEOPENSERVER
  40B22C VALIDATERECORD@F11VIEWMANAGER
  40B230 UNUSEVIEW@F11VIEWMANAGER
  40B2C8 USEVIEW@F11VIEWMANAGER
  40B38C SETSORT@F11VIEWMANAGERUc
  40B3B8 SETORDER@F11VIEWMANAGERsb
  40B448 SETFREEELEMENT@F11VIEWMANAGER
  40B4C4 SETFILTER@F11VIEWMANAGERsbsb
  40B600 SETFILTER@F11VIEWMANAGERsb
  40B648 SAVEBUFFERS@F11VIEWMANAGER
  40B6F8 RESTOREBUFFERS@F11VIEWMANAGER
  40B760 RESET@F11VIEWMANAGER
  40B76C RESET@F11VIEWMANAGERUc
  40B7B4 PRIMERECORD@F11VIEWMANAGERUc
  40B8F8 PREVIOUS@F11VIEWMANAGER
  40B95C OPEN@F11VIEWMANAGER
  40B9D8 NEXT@F11VIEWMANAGER
  40BA3C LIMITMAJORCOMPONENTS@F11VIEWMANAGERRu
  40BAF8 KILL@F11VIEWMANAGER
  40BC50 GETFIELDASCENDING@F11VIEWMANAGERRu
  40BFB4 INIT@F11VIEWMANAGERBi15RELATIONMANAGER9SORTORDER
  40C014 GETFREEELEMENTPOSITION@F11VIEWMANAGER
  40C06C GETFREEELEMENTNAME@F11VIEWMANAGER
  40C0C0 GETFREEELEMENTASCENDING@F11VIEWMANAGER
  40C118 CLEARFILESRECORD@F11VIEWMANAGER
  40C1D0 CLOSE@F11VIEWMANAGERUc
  40C1EC CLOSE@F11VIEWMANAGER
  40C1F8 APPLYRANGE@F11VIEWMANAGER
  40C3C4 APPLYORDER@F11VIEWMANAGER
  40C41C APPLYFILTER@F11VIEWMANAGER
  40C980 APPENDORDER@F11VIEWMANAGERsb
  40CA60 ADDSORTORDER@F11VIEWMANAGERBk
  40CB2C ADDRANGE@F11VIEWMANAGERRuRu
  40CB88 DESTRUCT@F11VIEWMANAGER
  40CB9C DEFEREDADDRELATIONS@F15RELATIONMANAGER
  40CBA0 UPDATESECONDARY@F15RELATIONMANAGERBk18BUFFEREDPAIRSCLASSUc
  40CD30 UPDATE@F15RELATIONMANAGERUc
  40CF44 INSERT@F15RELATIONMANAGER
  40D09C SETQUICKSCAN@F15RELATIONMANAGERUcUc
  40D1A8 SAVE@F15RELATIONMANAGER
  40D1F0 FORCEOPEN@F15RELATIONMANAGERUc
  40D200 OPEN@F15RELATIONMANAGERUc
  40D228 OPENCLOSESERVER@F15RELATIONMANAGERUcUc
  40D3AC LOGOUTINSERT@F15RELATIONMANAGER
  40D440 LOGOUTUPDATE@F15RELATIONMANAGER
  40D4AC LOGOUTPRIME@F15RELATIONMANAGER
  40D58C LOGOUTDELETE@F15RELATIONMANAGER
  40D608 KILL@F15RELATIONMANAGER
  40D68C INIT@F15RELATIONMANAGER11FILEMANAGERUc
  40D6C4 DELETESECONDARY@F15RELATIONMANAGERBk18BUFFEREDPAIRSCLASSUcUc
  40D95C DELETE@F15RELATIONMANAGERUc
  40DBA8 CLOSE@F15RELATIONMANAGERUc
  40DBB4 CASCADEUPDATES@F15RELATIONMANAGER
  40DC90 CANCELAUTOINC@F15RELATIONMANAGER
  40DCA4 ADDRELATIONLINK@F15RELATIONMANAGERRlRl
  40DD0C ADDRELATION@F15RELATIONMANAGER15RELATIONMANAGERUcUcBk
  40DD6C ADDRELATION@F15RELATIONMANAGER15RELATIONMANAGER
  40DD98 DEFEREDRELATIONS@F15RELATIONMANAGER
  40DDC0 CONSTRUCT@F15RELATIONMANAGER
  40DDC8 FUNCTIONCALLED_@_FILECALLBACKINTERFACE_@_FILEMANAGER@F21FILECALLBACKINTERFACEl6PARAMSRscRsc
  40DE74 FUNCTIONDONE_@_FILECALLBACKINTERFACE_@_FILEMANAGER@F21FILECALLBACKINTERFACEl6PARAMSRscRsc
  40DFC0 POSTCREATE@F11FILEMANAGERRscRsc
  40DFC8 PRECREATE@F11FILEMANAGERRscRsc
  40DFD0 POSTFETCH@F11FILEMANAGERlBksbllRscRsc
  40DFF4 PREFETCH@F11FILEMANAGERlBksbllRscRsc
  40E018 POSTUPDATE@F11FILEMANAGERRscRsc
  40E020 PREUPDATE@F11FILEMANAGERllRscRsc
  40E028 POSTINSERT@F11FILEMANAGERRscRsc
  40E030 PREINSERT@F11FILEMANAGERllRscRsc
  40E038 POSTDELETE@F11FILEMANAGERRscRsc
  40E040 PREDELETE@F11FILEMANAGERRscRsc
  40E048 FUNCTIONDONE@F11FILEMANAGERl6PARAMSRscRsc
  40E17C FUNCTIONCALLED@F11FILEMANAGERl6PARAMSRscRsc
  40E2E0 GETHASAUTOINC@F11FILEMANAGER
  40E2E8 GETAUTOINCDONE@F11FILEMANAGER
  40E2F0 GETMRPSIZE@F11FILEMANAGER
  40E2F8 SETMRPSIZE@F11FILEMANAGERUc
  40E300 GETUSEMRP@F11FILEMANAGER
  40E308 SETUSEMRP@F11FILEMANAGERUc
  40E310 DELETED@F11FILEMANAGER
  40E314 DELETERECORD@F11FILEMANAGERUc
  40E368 VALIDATERECORD@F11FILEMANAGERPl
  40E420 VALIDATEFIELDS@F11FILEMANAGERllPl
  40E4DC VALIDATEFIELDSERVER@F11FILEMANAGERlUc
  40E548 TRYVALIDATEFIELD@F11FILEMANAGERl
  40E558 VALIDATEFIELD@F11FILEMANAGERl
  40E568 USEFILE@F11FILEMANAGERUc
  40E65C UPDATESERVER@F11FILEMANAGERUc
  40E754 UPDATE@F11FILEMANAGER
  40E760 TRYUPDATE@F11FILEMANAGER
  40E76C TRYREGET@F11FILEMANAGERsb
  40E814 TRYPRIMEAUTOINC@F11FILEMANAGER
  40E820 TRYPREVIOUS@F11FILEMANAGER
  40E830 TRYOPEN@F11FILEMANAGER
  40E840 TRYNEXT@F11FILEMANAGER
  40E850 TRYINSERT@F11FILEMANAGER
  40E85C TRYFETCH@F11FILEMANAGERBk
  40E8A4 THROWMESSAGE@F11FILEMANAGERUssb
  40E8F8 THROW@F11FILEMANAGER
  40E91C THROW@F11FILEMANAGERUs
  40E934 SETKEY@F11FILEMANAGERBk
  40E98C SETERRORS@F11FILEMANAGER10ERRORCLASS
  40E990 SETERROR@F11FILEMANAGERUs
  40E9A8 SAVEFILE@F11FILEMANAGER
  40EAC4 SAVEBUFFER@F11FILEMANAGER
  40EC1C RESTOREFILE@F11FILEMANAGERRUs11FILEMANAGERUc
  40ED4C RESTOREFILE@F11FILEMANAGERRUsUc
  40ED5C RESTOREBUFFER@F11FILEMANAGERRUs11FILEMANAGERUc
  40EECC RESTOREBUFFER@F11FILEMANAGERRUsUc
  40EEDC PRIMERECORD@F11FILEMANAGERUc
  40EFE8 PRIMEFIELDS@F11FILEMANAGER
  40EFEC PRIMEAUTOINCSERVER@F11FILEMANAGERUc
  40F59C PRIMEAUTOINC@F11FILEMANAGER
  40F5A8 PREVIOUS@F11FILEMANAGER
  40F5B8 POSITION@F11FILEMANAGER
  40F638 OPENSERVER@F11FILEMANAGERUcUc
  40F698 OPENFILE@F11FILEMANAGERUc
  40F8B8 OPEN@F11FILEMANAGER
  40F8C8 NEXTSERVER@F11FILEMANAGERUcUc
  40F9E4 NEXT@F11FILEMANAGER
  40F9F4 KILL@F11FILEMANAGER
  40FA38 KEYTOORDER@F11FILEMANAGERBkUc
  40FB84 ISOPENED@F11FILEMANAGER
  40FBA4 INSERTSERVER@F11FILEMANAGERUc
  40FDBC INSERT@F11FILEMANAGER
  40FDC8 INIT@F11FILEMANAGERBf10ERRORCLASS
  40FEA8 INIT@F11FILEMANAGER
  40FEE4 GETOPENED@F11FILEMANAGER
  40FEEC GETNAME@F11FILEMANAGER
  40FF74 GETFIELDNAME@F11FILEMANAGERBkUc
  40FFC4 GETFIELDASCENDING@F11FILEMANAGERBkUc
  40FFF8 GETFIELD@F11FILEMANAGERBkUc
  410034 GETEOF@F11FILEMANAGER
  41003C GETCOMPONENTS@F11FILEMANAGERBk
  410058 FETCH@F11FILEMANAGERBk
  410090 EQUALBUFFER@F11FILEMANAGERRUs
  4101CC CLOSE@F11FILEMANAGER
  410260 CLEARKEY@F11FILEMANAGERBkUcUcUc
  410310 CANCELAUTOINC@F11FILEMANAGER15RELATIONMANAGER
  410380 BINDFIELDS@F11FILEMANAGER
  4103A4 ADDKEY@F11FILEMANAGERBksbUc
  41069C DESTRUCT@F11FILEMANAGER
  4106D0 SETOPTION@F10FUZZYCLASSUcUc
  410734 KILL@F10FUZZYCLASS
  410738 INIT@F10FUZZYCLASS
  41074C CONSTRUCT@F10FUZZYCLASS
  410AC0 TOOLBOX@F10POPUPCLASSsb
  410B4C SETTOOLBOX@F10POPUPCLASSsbUc
  410BB8 SETICON@F10POPUPCLASSsbsb
  410C30 SETITEMENABLE@F10POPUPCLASSsbUc
  410CDC SETITEM@F10POPUPCLASSllsbsb
  410EF8 RESETTOOLBOX@F10POPUPCLASS
  411300 LOCATENAME@F10POPUPCLASSsb
  411384 KILL@F10POPUPCLASS
  4113A0 INIT@F10POPUPCLASS
  4113D4 GETNAME@F10POPUPCLASSl
  4114FC GETMENUTEXT@F10POPUPCLASS
  4117E4 GETLASTSELECTION@F10POPUPCLASS
  4117F4 GETITEMS@F10POPUPCLASSUc
  4118A0 EXECUTEPOPUP@F10POPUPCLASSsbllUc
  411978 EMPTYITEMS@F10POPUPCLASS
  411984 DELETEITEM@F10POPUPCLASSsb
  4119CC CHECKMIMICS@F10POPUPCLASS
  411B8C ASKTOOLBOX@F10POPUPCLASSsb
  412030 ASK@F10POPUPCLASSllUc
  41218C ASK@F10POPUPCLASSll
  41219C ADDSUBMENU@F10POPUPCLASSsbsbsb
  41225C ADDSUBMENU@F10POPUPCLASSsbsb
  4122C4 ADDMENU@F10POPUPCLASSsbUc
  412420 ADDITEMMIMIC@F10POPUPCLASSsblOsb
  412500 ADDITEMEVENT@F10POPUPCLASSsbll
  4125E4 ADDITEM@F10POPUPCLASSsbsbsbUc
  412678 ADDITEM@F10POPUPCLASSsbsb
  4126E8 ADDITEM@F10POPUPCLASSsb
  413140 CLEARQUERY@F10QUERYCLASS
  4131E8 GETQUERIES@F10QUERYCLASS11SECTORQUEUE
  413288 RESTORE@F10QUERYCLASSsb
  413A18 TAKE@F10QUERYCLASS10POPUPCLASS
  413AB8 SAVE@F10QUERYCLASSsb
  413C14 SETQUICKPOPUP@F10QUERYCLASS10POPUPCLASSUs
  4141CC QUOTE@F10QUERYCLASSsb
  4142B0 GETLIMIT@F10QUERYCLASSRscRscRUcUcRsc
  41486C GETFILTER@F10QUERYCLASS
  414D78 MAKEOPERATOR@FsbsbRscRsc
  415144 MAKEOPERATOR@Fsbsb
  41525C TAKEWINDOWEVENT@F13REPORTMANAGER
  41547C TAKERECORD@F13REPORTMANAGER
  41559C TAKENORECORDS@F13REPORTMANAGER
  4155AC TAKECLOSEEVENT@F13REPORTMANAGER
  4157AC TAKEACCEPTED@F13REPORTMANAGER
  4157DC SETDYNAMICCONTROLSATTRIBUTES@F13REPORTMANAGER
  4157E0 SETSTATICCONTROLSATTRIBUTES@F13REPORTMANAGER
  4157E4 PROCESSRESULTFILES@F13REPORTMANAGER15OUTPUTFILEQUEUE
  4157E8 OPENREPORT@F13REPORTMANAGER
  41592C OPEN@F13REPORTMANAGER
  41599C KILL@F13REPORTMANAGER
  415AA0 INIT@F13REPORTMANAGER12PROCESSCLASSBr17PRINTPREVIEWCLASS
  415BD8 NEXT@F13REPORTMANAGER
  415C54 CANCELPRINTREPORT@F13REPORTMANAGER
  415C90 PRINTREPORT@F13REPORTMANAGER
  415F14 ENDREPORT@F13REPORTMANAGER
  415F4C GETTOTALPAGES@F13REPORTMANAGER
  415F58 FETCHPAGE@F13REPORTMANAGERl
  415FA8 ASKPREVIEW@F13REPORTMANAGER
  416070 ASK@F13REPORTMANAGER
  4160C4 GETOPENOUTPUTWHENFINISH@F13REPORTMANAGER
  4160CC SETOPENOUTPUTWHENFINISH@F13REPORTMANAGERUc
  4160D4 GETUSEMRP@F13REPORTMANAGER
  4160DC SETUSEMRP@F13REPORTMANAGERUc
  4160E4 CHILDPROCESSINGEND@F12PROCESSCLASSUs
  4160EC CHILDPROCESSINGSTART@F12PROCESSCLASSUs
  416120 UPDATEDISPLAY@F12PROCESSCLASS
  41619C TAKERECORD@F12PROCESSCLASS
  4161A0 TAKELOCATE@F12PROCESSCLASS
  4161D0 TAKEACCEPTED@F12PROCESSCLASS
  4161D4 SETPROGRESSLIMITS@F12PROCESSCLASSsbsb
  4162AC SETPROGRESSLIMITS@F12PROCESSCLASS
  41637C RESET@F12PROCESSCLASS
  416408 NEXT@F12PROCESSCLASSUc
  41669C KILL@F12PROCESSCLASS
  4166F4 INIT@F12PROCESSCLASSBi15RELATIONMANAGERlPUc9STEPCLASSRu
  41673C INIT@F12PROCESSCLASSBi15RELATIONMANAGERlPUcl
  4168C4 SETPRIORITIES@F17WINDOWRESIZECLASS13POSITIONGROUP
  416910 SETSIZE@F17WINDOWRESIZECLASSl13POSITIONGROUP
  4169C4 GETSIZEINFO@F17WINDOWRESIZECLASSl13POSITIONGROUP
  416AD8 RESTORECONTROLS@F17WINDOWRESIZECLASS
  416B2C TAKERESIZE@F17WINDOWRESIZECLASS
  416B34 SETPOSITION@F17WINDOWRESIZECLASSl13POSITIONGROUP13POSITIONGROUP13POSITIONGROUP13POSITIONGROUP
  417218 SETPARENTDEFAULT@F17WINDOWRESIZECLASS
  417504 SETPARENTDEFAULTS@F17WINDOWRESIZECLASS
  417540 SETPARENTCONTROL@F17WINDOWRESIZECLASSll
  4175B4 RESTOREWINDOW@F17WINDOWRESIZECLASS
  417660 WINDOWRESIZEEND@F17WINDOWRESIZECLASS
  417664 WINDOWRESIZEBEGIN@F17WINDOWRESIZECLASS
  417668 RESIZECHILDREN@F17WINDOWRESIZECLASSl13POSITIONGROUP13POSITIONGROUP
  417830 RESIZE@F17WINDOWRESIZECLASSl
  417B68 RESIZE@F17WINDOWRESIZECLASS
  417B78 RESET@F17WINDOWRESIZECLASS
  417E68 KILL@F17WINDOWRESIZECLASS
  417EF4 INIT@F17WINDOWRESIZECLASSUcUcUc
  418104 GETCURRENTPOS@F17WINDOWRESIZECLASSl13POSITIONGROUP
  418140 GETORIGPOS@F17WINDOWRESIZECLASSl13POSITIONGROUP
  418190 GETRESIZESTRATEGY@F17WINDOWRESIZECLASSsOUc
  418310 GETPOSITIONSTRATEGY@F17WINDOWRESIZECLASSsOUc
  418488 GETPARENTCONTROL@F17WINDOWRESIZECLASSl
  4184AC INIT@F22REPORTATTRIBUTEMANAGERBr
  4184B0 DESTRUCT@F22REPORTATTRIBUTEMANAGER
  4184D0 CONSTRUCT@F22REPORTATTRIBUTEMANAGER
  418B24 DESTRUCT@F25REPORTTARGETSELECTORCLASS
  418B44 CONSTRUCT@F25REPORTTARGETSELECTORCLASS
  418B64 SETDEFAULTOUTPUTGENERATOR@F25REPORTTARGETSELECTORCLASSsb
  418BA8 GETOUTPUTGENERATORINDEX@F25REPORTTARGETSELECTORCLASSsb
  418C88 SETSELECTEDOUTPUTGENERATOR@F25REPORTTARGETSELECTORCLASSsb
  418D3C GETOUTPUTGENERATOR@F25REPORTTARGETSELECTORCLASSsb
  418D94 GETOUTPUTGENERATORNAME@F25REPORTTARGETSELECTORCLASSsUc
  418E10 FILLQUEUE@F25REPORTTARGETSELECTORCLASSBqUc
  418EDC ITEM@F25REPORTTARGETSELECTORCLASSsUc
  418FCC ITEMS@F25REPORTTARGETSELECTORCLASSUc
  41902C ASK@F25REPORTTARGETSELECTORCLASSUcUc
  4192C4 ADDITEM@F25REPORTTARGETSELECTORCLASS22IOUTPUTGENERATORTARGETUc
  4192E4 TAKEEVENT@F12TOOLBARCLASSPl13WINDOWMANAGER
  419310 SETTARGET@F12TOOLBARCLASSl
  4193B8 KILL@F12TOOLBARCLASS
  4193D0 INIT@F12TOOLBARCLASS
  4193F0 DISPLAYBUTTONS@F12TOOLBARCLASS
  419418 ADDTARGET@F12TOOLBARCLASS13TOOLBARTARGETl
  41944C TRYTAKETOOLBAR@F19TOOLBARLISTBOXCLASS
  4194A0 TAKEEVENT@F19TOOLBARLISTBOXCLASSPl13WINDOWMANAGER
  4195E8 TAKETOOLBAR@F19TOOLBARLISTBOXCLASS
  41960C DISPLAYBUTTONS@F19TOOLBARLISTBOXCLASS
  419638 TAKEEVENT@F13TOOLBARTARGETPl13WINDOWMANAGER
  4196B8 DISPLAYBUTTONS@F13TOOLBARTARGET
  41989C SETTIPS@Fsb
  4199C4 UPDATEQUEUE@F8INICLASSsbsbBqRuPuPuPu
  419BE8 UPDATE@F8INICLASSsbsbsb
  419CA4 UPDATE@F8INICLASSsbBw
  419E84 UPDATE@F8INICLASS
  419E88 TRYFETCH@F8INICLASSsbsb
  419F00 REMOVE@F8INICLASSsbsb
  41A068 KILL@F8INICLASS
  41A1A0 INIT@F8INICLASSsbll
  41A2B8 GETSECTORS@F8INICLASSOsbOsbOsb11SECTORQUEUE
  41A4C8 GETSECTOR@F8INICLASSsbsbsb
  41A5B8 GETFAMILY@F8INICLASSsbRscRscRsc
  41A73C FETCHQUEUE@F8INICLASSsbsbBqRuPuPuPu
  41A9B0 FETCHFIELD@F8INICLASSsbsbUc
  41AAF0 FETCH@F8INICLASSsbsbRu
  41ABB4 FETCH@F8INICLASSsbBw
  41AE14 FETCH@F8INICLASSsbsb
  41AEEC FETCH@F8INICLASS
  41AEF0 ADDSECTOR@F8INICLASSsb
  41AFD0 UPDATEWINDOWINFO@F8INICLASSsb10WINDOWINFO
  41B23C FETCHWINDOWINFO@F8INICLASSsb10WINDOWINFO
  41B4B4 UPDATE@F8INICLASSsbsbsbsb
  41B6A0 FETCH@F8INICLASSsbsbsbsb
  41B8C4 DESTRUCT@F8INICLASS
  41B8E0 CONSTRUCT@F8INICLASS
  41B8F4 KILL@F18BUFFEREDPAIRSCLASS
  41B970 INIT@F18BUFFEREDPAIRSCLASS
  41B990 EQUALRIGHTBUFFER@F18BUFFEREDPAIRSCLASSUc
  41BA20 EQUALLEFTBUFFER@F18BUFFEREDPAIRSCLASSUc
  41BAAC EQUALRIGHTBUFFER@F18BUFFEREDPAIRSCLASS
  41BAB8 EQUALLEFTBUFFER@F18BUFFEREDPAIRSCLASS
  41BAC4 ASSIGNRIGHTTOBUFFER@F18BUFFEREDPAIRSCLASS
  41BB0C ASSIGNLEFTTOBUFFER@F18BUFFEREDPAIRSCLASS
  41BB50 ASSIGNBUFFERTORIGHT@F18BUFFEREDPAIRSCLASS
  41BB98 ASSIGNBUFFERTOLEFT@F18BUFFEREDPAIRSCLASS
  41BBDC ADDPAIR@F18BUFFEREDPAIRSCLASSRuRu
  41BC7C INIT@F15FIELDPAIRSCLASS
  41BC98 KILL@F15FIELDPAIRSCLASS
  41BCFC EQUALLEFTRIGHT@F15FIELDPAIRSCLASS
  41BD4C EQUAL@F15FIELDPAIRSCLASS
  41BD54 CLEARRIGHT@F15FIELDPAIRSCLASS
  41BD90 CLEARLEFT@F15FIELDPAIRSCLASS
  41BDC8 ASSIGNRIGHTTOLEFT@F15FIELDPAIRSCLASS
  41BE0C ASSIGNLEFTTORIGHT@F15FIELDPAIRSCLASS
  41BE50 ADDITEM@F15FIELDPAIRSCLASSRu
  41BE94 ADDPAIR@F15FIELDPAIRSCLASSRuRu
  41BED8 NEXT@F13CONSTANTCLASS
  41C094 SET@F13CONSTANTCLASSRsb
  41C0E8 RESET@F13CONSTANTCLASS
  41C138 KILL@F13CONSTANTCLASS
  41C198 INIT@F13CONSTANTCLASSUc
  41C1DC GETCSTRING@F13CONSTANTCLASS
  41C25C GETPSTRING@F13CONSTANTCLASS
  41C2E8 GETLONG@F13CONSTANTCLASS
  41C30C GETUSHORT@F13CONSTANTCLASS
  41C334 GETSHORT@F13CONSTANTCLASS
  41C33C GETBYTE@F13CONSTANTCLASS
  41C350 ADDITEM@F13CONSTANTCLASSUcRu
  41C38C CONSTRUCT@F13CONSTANTCLASS
  41C3A4 REMOVEDOLLAR@Fsb
  41C478 ADDDOLLAR@Fsb
  41C5FC SAVEONINSERTACTION@F13WINDOWMANAGER
  41C6A0 SAVEONCHANGEACTION@F13WINDOWMANAGER
  41C7B8 DELETEACTION@F13WINDOWMANAGER
  41C974 CHANGEACTION@F13WINDOWMANAGER
  41CCE4 INSERTACTION@F13WINDOWMANAGER
  41CED4 TAKEDISABLEBUTTON@F13WINDOWMANAGERlUc
  41CEFC UPDATE@F13WINDOWMANAGER
  41CF38 TAKEWINDOWEVENT@F13WINDOWMANAGER
  41D160 TAKESELECTED@F13WINDOWMANAGER
  41D164 TAKEREJECTED@F13WINDOWMANAGER
  41D1A0 TAKENOTIFY@F13WINDOWMANAGERlll
  41D1A4 TAKENEWSELECTION@F13WINDOWMANAGER
  41D224 TAKEFIELDEVENT@F13WINDOWMANAGER
  41D228 TAKEEVENT@F13WINDOWMANAGER
  41D3DC TAKECLOSEEVENT@F13WINDOWMANAGER
  41D580 TAKECOMPLETED@F13WINDOWMANAGER
  41D658 TAKEACCEPTED@F13WINDOWMANAGER
  41D744 SETRESPONSE@F13WINDOWMANAGERUc
  41D790 SETALERTS@F13WINDOWMANAGER
  41D840 SAVEHISTORY@F13WINDOWMANAGER
  41D8E8 RUN@F13WINDOWMANAGERUsUc
  41D8EC RUN@F13WINDOWMANAGER
  41D938 RESTOREFIELD@F13WINDOWMANAGERl
  41DA0C RESETBUFFERS@F13WINDOWMANAGERUc
  41DA70 RESET@F13WINDOWMANAGERUc
  41DAF8 PRIMEUPDATE@F13WINDOWMANAGER
  41DC3C PRIMEFIELDS@F13WINDOWMANAGER
  41DC40 POSTCOMPLETED@F13WINDOWMANAGER
  41DCD8 OPEN@F13WINDOWMANAGERBwBw
  41DD20 OPEN@F13WINDOWMANAGER
  41DD64 MODALEVENT@F13WINDOWMANAGER
  41DE48 KILL@F13WINDOWMANAGER
  41DF9C INIT@F13WINDOWMANAGER
  41E018 REMOVEITEM@F13WINDOWMANAGER15WINDOWCOMPONENT
  41E050 ASK@F13WINDOWMANAGER
  41E0B4 ADDITEM@F13WINDOWMANAGER17WINDOWRESIZECLASS
  41E0BC ADDITEM@F13WINDOWMANAGER15WINDOWCOMPONENT
  41E0E8 ADDITEM@F13WINDOWMANAGER12TOOLBARCLASS
  41E0FC ADDITEM@F13WINDOWMANAGERlUc
  41E120 ADDITEM@F13WINDOWMANAGER11BROWSECLASS
  41E148 DISABLECANCELCONTROLS@F13WINDOWMANAGER
  41E1A0 ENABLECANCELCONTROLS@F13WINDOWMANAGER
  41E3CC PROCESSDOCUMENT@F17WMFDOCUMENTPARSER
  41E47C OPENDOCUMENT@F17WMFDOCUMENTPARSER
  41E4E8 CLOSEDOCUMENT@F17WMFDOCUMENTPARSER
  41E528 INIT@F17WMFDOCUMENTPARSER12PREVIEWQUEUE16IREPORTGENERATOR10ERRORCLASS
  41E5C0 GENERATEREPORT@F17WMFDOCUMENTPARSERUc
  41E95C TAKERECORD@F9WMFPARSER
  4231E0 PROCESSFILE@F9WMFPARSER
  423200 PROCESSHEADER@F9WMFPARSER
  4233D4 ADDOBJECT@F9WMFPARSERUc
  423474 CLOSEFILE@F9WMFPARSER
  4234B4 RUN@F9WMFPARSER
  4234BC OPENFILE@F9WMFPARSER
  423580 KILL@F9WMFPARSER
  4235E8 INIT@F9WMFPARSERsb16IREPORTGENERATOR10ERRORCLASS
  4236B4 GETBOXBOTTOM@F9WMFPARSER
  4236BC GETBOXRIGHT@F9WMFPARSER
  4236C4 GETBOXTOP@F9WMFPARSER
  4236CC GETBOXLEFT@F9WMFPARSER
  4236D4 DESTRUCT@F9WMFPARSER
  4237B8 CONSTRUCT@F9WMFPARSER
  4238E0 GETIFACE@F15CRITICALSECTION
  4238E4 DESTRUCT@F15CRITICALSECTION
  4238F8 CONSTRUCT@F15CRITICALSECTION
  42390C KILL@F17CRITICALPROCEDURE
  423930 INIT@F17CRITICALPROCEDURE11ISYNCOBJECT
  423950 DESTRUCT@F17CRITICALPROCEDURE
  423958 CONSTRUCT@F17CRITICALPROCEDURE
  424474 __thr_inst0
  424484 __thr_init_entry
  4244A4 __thr_init_exit
  424BE4 SUMAR_CANT_CUOTAS001$CARGAR_LIBRO_DIARIO@F
  42526C MAIN@F
  425A48 SUMAR_CANT_CUOTAS003$CARGAR_INGRESOS_PAGO_CONV@F
  426268 SUMAR_CANT_CUOTAS004$CARGAR_INGRESOS@F
  42678C SUMAR_CANT_CUOTAS005$BROWSECIRCULO@F
  42710C SUMAR_CANT_CUOTAS006$CARGAR_LIBRO_DIARIO_PAGOS_CUOTAS@F
  427664 SUMAR_CANT_CUOTAS007$CARGAR_CANTIDAD@F
  427C60 SUMAR_CANT_CUOTAS008$CANT_CUOTAS@F
  428860 SUMAR_CANT_CUOTAS009$PASAR_CUIT@F
  428984 SUMAR_CANT_CUOTAS009$CARGAR_PROVEEDORES@F
  4297F0 KILL@F27HIDE:RELATE:NIVEL_FORMACION
  429838 DEFEREDADDRELATIONS@F27HIDE:RELATE:NIVEL_FORMACION
  429858 INIT@F27HIDE:RELATE:NIVEL_FORMACION
  429890 USEFILE@F27HIDE:ACCESS:NIVEL_FORMACIONUc
  429934 KILL@F27HIDE:ACCESS:NIVEL_FORMACION
  429954 INIT@F27HIDE:ACCESS:NIVEL_FORMACION
  4299D4 KILL@F22HIDE:RELATE:SUBCUENTAS
  429A1C DEFEREDADDRELATIONS@F22HIDE:RELATE:SUBCUENTAS
  429A3C INIT@F22HIDE:RELATE:SUBCUENTAS
  429A74 VALIDATEFIELDSERVER@F22HIDE:ACCESS:SUBCUENTASlUc
  429BF0 USEFILE@F22HIDE:ACCESS:SUBCUENTASUc
  429D1C KILL@F22HIDE:ACCESS:SUBCUENTAS
  429D3C INIT@F22HIDE:ACCESS:SUBCUENTAS
  429DBC KILL@F21HIDE:RELATE:LIBDIARIO
  429E04 DEFEREDADDRELATIONS@F21HIDE:RELATE:LIBDIARIO
  429E24 INIT@F21HIDE:RELATE:LIBDIARIO
  429E5C VALIDATEFIELDSERVER@F21HIDE:ACCESS:LIBDIARIOlUc
  429F3C USEFILE@F21HIDE:ACCESS:LIBDIARIOUc
  42A140 KILL@F21HIDE:ACCESS:LIBDIARIO
  42A160 INIT@F21HIDE:ACCESS:LIBDIARIO
  42A1E0 KILL@F20HIDE:RELATE:INGRESOS
  42A228 DEFEREDADDRELATIONS@F20HIDE:RELATE:INGRESOS
  42A248 INIT@F20HIDE:RELATE:INGRESOS
  42A280 VALIDATEFIELDSERVER@F20HIDE:ACCESS:INGRESOSlUc
  42A360 USEFILE@F20HIDE:ACCESS:INGRESOSUc
  42A4E0 KILL@F20HIDE:ACCESS:INGRESOS
  42A500 INIT@F20HIDE:ACCESS:INGRESOS
  42A580 KILL@F19HIDE:RELATE:CUENTAS
  42A5C8 DEFEREDADDRELATIONS@F19HIDE:RELATE:CUENTAS
  42A5E8 INIT@F19HIDE:RELATE:CUENTAS
  42A620 USEFILE@F19HIDE:ACCESS:CUENTASUc
  42A6EC KILL@F19HIDE:ACCESS:CUENTAS
  42A70C INIT@F19HIDE:ACCESS:CUENTAS
  42A78C KILL@F25HIDE:RELATE:ZONA_VIVIENDA
  42A7D4 DEFEREDADDRELATIONS@F25HIDE:RELATE:ZONA_VIVIENDA
  42A7F4 INIT@F25HIDE:RELATE:ZONA_VIVIENDA
  42A82C USEFILE@F25HIDE:ACCESS:ZONA_VIVIENDAUc
  42A8F8 KILL@F25HIDE:ACCESS:ZONA_VIVIENDA
  42A918 INIT@F25HIDE:ACCESS:ZONA_VIVIENDA
  42A998 KILL@F19HIDE:RELATE:USUARIO
  42A9E0 DEFEREDADDRELATIONS@F19HIDE:RELATE:USUARIO
  42AA00 INIT@F19HIDE:RELATE:USUARIO
  42AA38 USEFILE@F19HIDE:ACCESS:USUARIOUc
  42AB04 KILL@F19HIDE:ACCESS:USUARIO
  42AB24 INIT@F19HIDE:ACCESS:USUARIO
  42ABA4 KILL@F28HIDE:RELATE:TIPO_INSTITUCION
  42ABEC DEFEREDADDRELATIONS@F28HIDE:RELATE:TIPO_INSTITUCION
  42AC0C INIT@F28HIDE:RELATE:TIPO_INSTITUCION
  42AC44 USEFILE@F28HIDE:ACCESS:TIPO_INSTITUCIONUc
  42AD10 KILL@F28HIDE:ACCESS:TIPO_INSTITUCION
  42AD30 INIT@F28HIDE:ACCESS:TIPO_INSTITUCION
  42ADB0 KILL@F20HIDE:RELATE:TIPO_DOC
  42ADF8 DEFEREDADDRELATIONS@F20HIDE:RELATE:TIPO_DOC
  42AE18 INIT@F20HIDE:RELATE:TIPO_DOC
  42AE50 USEFILE@F20HIDE:ACCESS:TIPO_DOCUc
  42AF1C KILL@F20HIDE:ACCESS:TIPO_DOC
  42AF3C INIT@F20HIDE:ACCESS:TIPO_DOC
  42AFBC KILL@F18HIDE:RELATE:SOCIOS
  42B004 DEFEREDADDRELATIONS@F18HIDE:RELATE:SOCIOS
  42B02C INIT@F18HIDE:RELATE:SOCIOS
  42B064 VALIDATEFIELDSERVER@F18HIDE:ACCESS:SOCIOSlUc
  42B718 USEFILE@F18HIDE:ACCESS:SOCIOSUc
  42BB74 PRIMEFIELDS@F18HIDE:ACCESS:SOCIOS
  42BBA8 KILL@F18HIDE:ACCESS:SOCIOS
  42BBC8 INIT@F18HIDE:ACCESS:SOCIOS
  42BC48 KILL@F16HIDE:RELATE:PAIS
  42BC90 DEFEREDADDRELATIONS@F16HIDE:RELATE:PAIS
  42BCB0 INIT@F16HIDE:RELATE:PAIS
  42BCE8 USEFILE@F16HIDE:ACCESS:PAISUc
  42BDB4 KILL@F16HIDE:ACCESS:PAIS
  42BDD4 INIT@F16HIDE:ACCESS:PAIS
  42BE54 KILL@F17HIDE:RELATE:PAGOS
  42BE9C DEFEREDADDRELATIONS@F17HIDE:RELATE:PAGOS
  42BEBC INIT@F17HIDE:RELATE:PAGOS
  42BEF4 VALIDATEFIELDSERVER@F17HIDE:ACCESS:PAGOSlUc
  42C1DC USEFILE@F17HIDE:ACCESS:PAGOSUc
  42C388 PRIMEFIELDS@F17HIDE:ACCESS:PAGOS
  42C3A8 KILL@F17HIDE:ACCESS:PAGOS
  42C3C8 INIT@F17HIDE:ACCESS:PAGOS
  42C448 KILL@F21HIDE:RELATE:LOCALIDAD
  42C490 DEFEREDADDRELATIONS@F21HIDE:RELATE:LOCALIDAD
  42C4B0 INIT@F21HIDE:RELATE:LOCALIDAD
  42C4E8 VALIDATEFIELDSERVER@F21HIDE:ACCESS:LOCALIDADlUc
  42C5C8 USEFILE@F21HIDE:ACCESS:LOCALIDADUc
  42C6F4 KILL@F21HIDE:ACCESS:LOCALIDAD
  42C714 INIT@F21HIDE:ACCESS:LOCALIDAD
  42C794 KILL@F23HIDE:RELATE:INSTITUCION
  42C7DC DEFEREDADDRELATIONS@F23HIDE:RELATE:INSTITUCION
  42C7FC INIT@F23HIDE:RELATE:INSTITUCION
  42C834 VALIDATEFIELDSERVER@F23HIDE:ACCESS:INSTITUCIONlUc
  42C9B0 USEFILE@F23HIDE:ACCESS:INSTITUCIONUc
  42CB08 KILL@F23HIDE:ACCESS:INSTITUCION
  42CB28 INIT@F23HIDE:ACCESS:INSTITUCION
  42CBA8 KILL@F19HIDE:RELATE:FACTURA
  42CBF0 DEFEREDADDRELATIONS@F19HIDE:RELATE:FACTURA
  42CC10 INIT@F19HIDE:RELATE:FACTURA
  42CC48 VALIDATEFIELDSERVER@F19HIDE:ACCESS:FACTURAlUc
  42CDC4 USEFILE@F19HIDE:ACCESS:FACTURAUc
  42CFC8 KILL@F19HIDE:ACCESS:FACTURA
  42CFE8 INIT@F19HIDE:ACCESS:FACTURA
  42D068 KILL@F21HIDE:RELATE:COBERTURA
  42D0B0 DEFEREDADDRELATIONS@F21HIDE:RELATE:COBERTURA
  42D0D0 INIT@F21HIDE:RELATE:COBERTURA
  42D108 USEFILE@F21HIDE:ACCESS:COBERTURAUc
  42D204 KILL@F21HIDE:ACCESS:COBERTURA
  42D224 INIT@F21HIDE:ACCESS:COBERTURA
  42D2A4 KILL@F19HIDE:RELATE:RANKING
  42D2EC INIT@F19HIDE:RELATE:RANKING
  42D324 USEFILE@F19HIDE:ACCESS:RANKINGUc
  42D4D0 KILL@F19HIDE:ACCESS:RANKING
  42D4F0 INIT@F19HIDE:ACCESS:RANKING
  42D570 KILL@F25HIDE:RELATE:PAGO_CONVENIO
  42D5B8 DEFEREDADDRELATIONS@F25HIDE:RELATE:PAGO_CONVENIO
  42D5D8 INIT@F25HIDE:RELATE:PAGO_CONVENIO
  42D610 VALIDATEFIELDSERVER@F25HIDE:ACCESS:PAGO_CONVENIOlUc
  42D6F0 USEFILE@F25HIDE:ACCESS:PAGO_CONVENIOUc
  42D8C8 PRIMEFIELDS@F25HIDE:ACCESS:PAGO_CONVENIO
  42D8E8 KILL@F25HIDE:ACCESS:PAGO_CONVENIO
  42D908 INIT@F25HIDE:ACCESS:PAGO_CONVENIO
  42D988 KILL@F18HIDE:RELATE:FONDOS
  42D9D0 DEFEREDADDRELATIONS@F18HIDE:RELATE:FONDOS
  42D9F0 INIT@F18HIDE:RELATE:FONDOS
  42DA28 USEFILE@F18HIDE:ACCESS:FONDOSUc
  42DAF4 KILL@F18HIDE:ACCESS:FONDOS
  42DB14 INIT@F18HIDE:ACCESS:FONDOS
  42DB94 KILL@F19HIDE:RELATE:CIRCULO
  42DBDC DEFEREDADDRELATIONS@F19HIDE:RELATE:CIRCULO
  42DBFC INIT@F19HIDE:RELATE:CIRCULO
  42DC34 USEFILE@F19HIDE:ACCESS:CIRCULOUc
  42DD00 KILL@F19HIDE:ACCESS:CIRCULO
  42DD20 INIT@F19HIDE:ACCESS:CIRCULO
  42DDA0 SUMAR_CANT_CUOTAS_BC0$SUMAR_CANT_CUOTAS_BC0:FILESINIT@F
  42DF80 SUMAR_CANT_CUOTAS_BC0$SUMAR_CANT_CUOTAS_BC0:DCTKILL@F
  42E2E4 SUMAR_CANT_CUOTAS_BC0$SUMAR_CANT_CUOTAS_BC0:DCTINIT@F
  42F030 KILL@F25HIDE:RELATE:BANCO_COD_REG
  42F078 DEFEREDADDRELATIONS@F25HIDE:RELATE:BANCO_COD_REG
  42F098 INIT@F25HIDE:RELATE:BANCO_COD_REG
  42F0D0 USEFILE@F25HIDE:ACCESS:BANCO_COD_REGUc
  42F174 KILL@F25HIDE:ACCESS:BANCO_COD_REG
  42F194 INIT@F25HIDE:ACCESS:BANCO_COD_REG
  42F214 KILL@F17HIDE:RELATE:BANCO
  42F25C DEFEREDADDRELATIONS@F17HIDE:RELATE:BANCO
  42F27C INIT@F17HIDE:RELATE:BANCO
  42F2B4 VALIDATEFIELDSERVER@F17HIDE:ACCESS:BANCOlUc
  42F394 USEFILE@F17HIDE:ACCESS:BANCOUc
  42F460 KILL@F17HIDE:ACCESS:BANCO
  42F480 INIT@F17HIDE:ACCESS:BANCO
  42F500 KILL@F26HIDE:RELATE:TIPO_PROVEEDOR
  42F548 DEFEREDADDRELATIONS@F26HIDE:RELATE:TIPO_PROVEEDOR
  42F568 INIT@F26HIDE:RELATE:TIPO_PROVEEDOR
  42F5A0 USEFILE@F26HIDE:ACCESS:TIPO_PROVEEDORUc
  42F66C KILL@F26HIDE:ACCESS:TIPO_PROVEEDOR
  42F68C INIT@F26HIDE:ACCESS:TIPO_PROVEEDOR
  42F70C KILL@F20HIDE:RELATE:TIPO_IVA
  42F754 DEFEREDADDRELATIONS@F20HIDE:RELATE:TIPO_IVA
  42F774 INIT@F20HIDE:RELATE:TIPO_IVA
  42F7AC USEFILE@F20HIDE:ACCESS:TIPO_IVAUc
  42F878 KILL@F20HIDE:ACCESS:TIPO_IVA
  42F898 INIT@F20HIDE:ACCESS:TIPO_IVA
  42F918 KILL@F23HIDE:RELATE:PROVEEDORES
  42F960 DEFEREDADDRELATIONS@F23HIDE:RELATE:PROVEEDORES
  42F980 INIT@F23HIDE:RELATE:PROVEEDORES
  42F9B8 VALIDATEFIELDSERVER@F23HIDE:ACCESS:PROVEEDORESlUc
  42FB40 USEFILE@F23HIDE:ACCESS:PROVEEDORESUc
  42FCC0 KILL@F23HIDE:ACCESS:PROVEEDORES
  42FCE0 INIT@F23HIDE:ACCESS:PROVEEDORES
  42FD60 KILL@F23HIDE:RELATE:TIPO_TITULO
  42FDA8 DEFEREDADDRELATIONS@F23HIDE:RELATE:TIPO_TITULO
  42FDC8 INIT@F23HIDE:RELATE:TIPO_TITULO
  42FE00 VALIDATEFIELDSERVER@F23HIDE:ACCESS:TIPO_TITULOlUc
  42FEE0 USEFILE@F23HIDE:ACCESS:TIPO_TITULOUc
  42FFAC KILL@F23HIDE:ACCESS:TIPO_TITULO
  42FFCC INIT@F23HIDE:ACCESS:TIPO_TITULO
  43004C SUMAR_CANT_CUOTAS_BC1$SUMAR_CANT_CUOTAS_BC1:FILESINIT@F
  4300D0 SUMAR_CANT_CUOTAS_BC1$SUMAR_CANT_CUOTAS_BC1:DCTKILL@F
  4301C0 SUMAR_CANT_CUOTAS_BC1$SUMAR_CANT_CUOTAS_BC1:DCTINIT@F
  430468 DCTKILL@F
  430474 DCTINIT@F
  43048C _main
  430524 DESTRUCT@F10DICTIONARY
  43052C CONSTRUCT@F10DICTIONARY
  431000 $DEFAULTERRORS
  432408 TYPE$BROWSECLASS
  4327F0 TYPE$BROWSEEIPMANAGER
  432AC4 VMT$BROWSEEIPMANAGER
  432B68 VMT$BROWSECLASS
  432D3C TYPE$STANDARDBEHAVIOR
  432D78 VMT$STANDARDBEHAVIOR
  432DC8 TYPE$STEPLOCATORCLASS
  432E18 VMT$STEPLOCATORCLASS
  432E54 TYPE$STEPLONGCLASS
  432E7C VMT$STEPLONGCLASS
  432E9C TYPE$STEPCLASS
  432EB8 VMT$STEPCLASS
  432EFC TYPE$COLORMAP
  432F28 TCB$COLORMAP
  432F38 TYPE$EDITENTRYCLASS
  432F80 VMT$EDITENTRYCLASS
  433120 STDERRORFILE$TYPE$RECORD
  433138 $STDERRORFILE
  4331B4 TYPE$PNQ
  4331D4 TYPE$DEFAULTERRORS
  433454 TYPE$HISTHANDLERCLASS
  43349C VMT$HISTHANDLERCLASS
  4334CC TYPE$MSGBOXCLASS
  433744 VMT$MSGBOXCLASS
  4337CC TYPE$ERRORCLASS
  433A28 VMT$ERRORCLASS
  433A74 TYPE$STANDARDERRORLOGCLASS
  433AAC VMT$STANDARDERRORLOGCLASS
  433AC4 TYPE$ERRORSTATUSCLASS
  433BB8 VMT$ERRORSTATUSCLASS
  433C94 TYPE$UNTHREADEDFILEOPENERMAP
  433CB8 TCB$UNTHREADEDFILEOPENERMAP
  433CC8 TYPE$FILESMANAGER
  433D0C VMT$FILESMANAGER
  433D18 TYPE$FILEMAPPING_T
  433D44 TYPE$FILEMAPPING_R
  433D74 TYPE$STATUSQ_T
  433DDC TYPE$UNTHREADEDFILEOPENSERVER
  433E38 VMT$UNTHREADEDFILEOPENSERVER
  433E5C TYPE$THREADEDFILEOPENSERVER
  433E9C VMT$THREADEDFILEOPENSERVER
  4340A4 TYPE$FUZZYCLASS
  43414C VMT$FUZZYCLASS
  434188 TYPE$POPUPITEMQUEUE
  4341F8 TYPE$POPUPCLASS
  4342A4 VMT$POPUPCLASS
  434390 TYPE$FIELDQUEUE
  4344D8 TYPE$WINDOWRESIZECLASS
  43471C TYPE$REPORTATTRIBUTEMANAGER
  434738 VMT$REPORTATTRIBUTEMANAGER
  4347E0 TYPE$REPORTTARGETSELECTORCLASS
  43486C VMT$REPORTTARGETSELECTORCLASS
  434900 TYPE$TOOLBARTARGETQUEUE
  43491C $LISTBOXTIPS
  4349D8 TYPE$TOOLBARCLASS
  4349F0 VMT$TOOLBARCLASS
  434A08 TYPE$TOOLBARLISTBOXCLASS
  434A84 VMT$TOOLBARLISTBOXCLASS
  434B2C TYPE$CONSTDESCRIPTORLIST
  434B54 TYPE$CONSTANTCLASS
  434BF4 VMT$CONSTANTCLASS
  434C00 TYPE$INICLASS
  434C48 VMT$INICLASS
  434CD4 TYPE$BUFFEREDPAIRSCLASS
  434CF8 VMT$BUFFEREDPAIRSCLASS
  434D30 TYPE$FIELDPAIRSCLASS
  434D48 VMT$FIELDPAIRSCLASS
  434D78 TYPE$BUTTONLIST
  434D9C TYPE$COMPONENTLIST
  434EBC WMFINFILE$TYPE$WMFF@:RECORD
  434EDC TYPE$QUEUEDC
  434F40 TYPE$QUEUEHOLES
  434F54 TYPE$QUEUEBRUSH
  434F80 TYPE$QUEUEPENS
  434FAC TYPE$QUEUEFONTS
  434FF4 TYPE$QUEUEOBJECTS
  435010 TYPE$WMFDOCUMENTPARSER
  435074 VMT$WMFDOCUMENTPARSER
  435080 TYPE$WMFPARSER
  435B98 VMT$WMFPARSER
  435BA4 TYPE$POINTQUEUE
  435BC0 TYPE$SLICEFORMATQUEUE
  435C68 TYPE$TEXTFORMATQUEUE
  435D20 TYPE$CRITICALSECTION
  435D38 VMT$CRITICALSECTION
  435D44 TYPE$CRITICALPROCEDURE
  435D5C VMT$CRITICALPROCEDURE
  43A054 TYPE$HIDE:RELATE:NIVEL_FORMACION
  43A0F8 VMT$HIDE:RELATE:NIVEL_FORMACION
  43A134 TYPE$HIDE:ACCESS:NIVEL_FORMACION
  43A344 VMT$HIDE:ACCESS:NIVEL_FORMACION
  43A434 TYPE$HIDE:RELATE:SUBCUENTAS
  43A4D8 VMT$HIDE:RELATE:SUBCUENTAS
  43A514 TYPE$HIDE:ACCESS:SUBCUENTAS
  43A724 VMT$HIDE:ACCESS:SUBCUENTAS
  43A814 TYPE$HIDE:RELATE:LIBDIARIO
  43A8B8 VMT$HIDE:RELATE:LIBDIARIO
  43A8F4 TYPE$HIDE:ACCESS:LIBDIARIO
  43AB04 VMT$HIDE:ACCESS:LIBDIARIO
  43ABF4 TYPE$HIDE:RELATE:INGRESOS
  43AC98 VMT$HIDE:RELATE:INGRESOS
  43ACD4 TYPE$HIDE:ACCESS:INGRESOS
  43AEE4 VMT$HIDE:ACCESS:INGRESOS
  43AFD4 TYPE$HIDE:RELATE:CUENTAS
  43B078 VMT$HIDE:RELATE:CUENTAS
  43B0B4 TYPE$HIDE:ACCESS:CUENTAS
  43B2C4 VMT$HIDE:ACCESS:CUENTAS
  43B3B4 TYPE$HIDE:RELATE:ZONA_VIVIENDA
  43B458 VMT$HIDE:RELATE:ZONA_VIVIENDA
  43B494 TYPE$HIDE:ACCESS:ZONA_VIVIENDA
  43B6A4 VMT$HIDE:ACCESS:ZONA_VIVIENDA
  43B794 TYPE$HIDE:RELATE:USUARIO
  43B838 VMT$HIDE:RELATE:USUARIO
  43B874 TYPE$HIDE:ACCESS:USUARIO
  43BA84 VMT$HIDE:ACCESS:USUARIO
  43BB74 TYPE$HIDE:RELATE:TIPO_INSTITUCION
  43BC18 VMT$HIDE:RELATE:TIPO_INSTITUCION
  43BC54 TYPE$HIDE:ACCESS:TIPO_INSTITUCION
  43BE64 VMT$HIDE:ACCESS:TIPO_INSTITUCION
  43BF54 TYPE$HIDE:RELATE:TIPO_DOC
  43BFF8 VMT$HIDE:RELATE:TIPO_DOC
  43C034 TYPE$HIDE:ACCESS:TIPO_DOC
  43C244 VMT$HIDE:ACCESS:TIPO_DOC
  43C334 TYPE$HIDE:RELATE:SOCIOS
  43C3D8 VMT$HIDE:RELATE:SOCIOS
  43C414 TYPE$HIDE:ACCESS:SOCIOS
  43C624 VMT$HIDE:ACCESS:SOCIOS
  43C714 TYPE$HIDE:RELATE:PAIS
  43C7B8 VMT$HIDE:RELATE:PAIS
  43C7F4 TYPE$HIDE:ACCESS:PAIS
  43CA04 VMT$HIDE:ACCESS:PAIS
  43CAF4 TYPE$HIDE:RELATE:PAGOS
  43CB98 VMT$HIDE:RELATE:PAGOS
  43CBD4 TYPE$HIDE:ACCESS:PAGOS
  43CDE4 VMT$HIDE:ACCESS:PAGOS
  43CED4 TYPE$HIDE:RELATE:LOCALIDAD
  43CF78 VMT$HIDE:RELATE:LOCALIDAD
  43CFB4 TYPE$HIDE:ACCESS:LOCALIDAD
  43D1C4 VMT$HIDE:ACCESS:LOCALIDAD
  43D2B4 TYPE$HIDE:RELATE:INSTITUCION
  43D358 VMT$HIDE:RELATE:INSTITUCION
  43D394 TYPE$HIDE:ACCESS:INSTITUCION
  43D5A4 VMT$HIDE:ACCESS:INSTITUCION
  43D694 TYPE$HIDE:RELATE:FACTURA
  43D738 VMT$HIDE:RELATE:FACTURA
  43D774 TYPE$HIDE:ACCESS:FACTURA
  43D984 VMT$HIDE:ACCESS:FACTURA
  43DA74 TYPE$HIDE:RELATE:COBERTURA
  43DB18 VMT$HIDE:RELATE:COBERTURA
  43DB54 TYPE$HIDE:ACCESS:COBERTURA
  43DD64 VMT$HIDE:ACCESS:COBERTURA
  43DE54 TYPE$HIDE:RELATE:RANKING
  43DEF8 VMT$HIDE:RELATE:RANKING
  43DF34 TYPE$HIDE:ACCESS:RANKING
  43E144 VMT$HIDE:ACCESS:RANKING
  43E234 TYPE$HIDE:RELATE:PAGO_CONVENIO
  43E2D8 VMT$HIDE:RELATE:PAGO_CONVENIO
  43E314 TYPE$HIDE:ACCESS:PAGO_CONVENIO
  43E524 VMT$HIDE:ACCESS:PAGO_CONVENIO
  43E614 TYPE$HIDE:RELATE:FONDOS
  43E6B8 VMT$HIDE:RELATE:FONDOS
  43E6F4 TYPE$HIDE:ACCESS:FONDOS
  43E904 VMT$HIDE:ACCESS:FONDOS
  43E9F4 TYPE$HIDE:RELATE:CIRCULO
  43EA98 VMT$HIDE:RELATE:CIRCULO
  43EAD4 TYPE$HIDE:ACCESS:CIRCULO
  43ECE4 VMT$HIDE:ACCESS:CIRCULO
  43EE24 TYPE$HIDE:RELATE:BANCO_COD_REG
  43EEC8 VMT$HIDE:RELATE:BANCO_COD_REG
  43EF04 TYPE$HIDE:ACCESS:BANCO_COD_REG
  43F114 VMT$HIDE:ACCESS:BANCO_COD_REG
  43F204 TYPE$HIDE:RELATE:BANCO
  43F2A8 VMT$HIDE:RELATE:BANCO
  43F2E4 TYPE$HIDE:ACCESS:BANCO
  43F4F4 VMT$HIDE:ACCESS:BANCO
  43F5E4 TYPE$HIDE:RELATE:TIPO_PROVEEDOR
  43F688 VMT$HIDE:RELATE:TIPO_PROVEEDOR
  43F6C4 TYPE$HIDE:ACCESS:TIPO_PROVEEDOR
  43F8D4 VMT$HIDE:ACCESS:TIPO_PROVEEDOR
  43F9C4 TYPE$HIDE:RELATE:TIPO_IVA
  43FA68 VMT$HIDE:RELATE:TIPO_IVA
  43FAA4 TYPE$HIDE:ACCESS:TIPO_IVA
  43FCB4 VMT$HIDE:ACCESS:TIPO_IVA
  43FDA4 TYPE$HIDE:RELATE:PROVEEDORES
  43FE48 VMT$HIDE:RELATE:PROVEEDORES
  43FE84 TYPE$HIDE:ACCESS:PROVEEDORES
  440094 VMT$HIDE:ACCESS:PROVEEDORES
  440184 TYPE$HIDE:RELATE:TIPO_TITULO
  440228 VMT$HIDE:RELATE:TIPO_TITULO
  440264 TYPE$HIDE:ACCESS:TIPO_TITULO
  440474 VMT$HIDE:ACCESS:TIPO_TITULO
  441110 TYPE$DICTIONARY
  441120 VMT$DICTIONARY
  44112C BANCO_COD_REG$TYPE$BAN3:RECORD
  4411A0 BANCO$TYPE$BAN2:RECORD
  441268 TIPO_PROVEEDOR$TYPE$TIPP:RECORD
  4412C8 TIPO_IVA$TYPE$TIP7:RECORD
  44132C PROVEEDORES$TYPE$PRO2:RECORD
  441454 TIPO_TITULO$TYPE$TIP6:RECORD
  4414D4 NIVEL_FORMACION$TYPE$NIV:RECORD
  441538 SUBCUENTAS$TYPE$SUB:RECORD
  4415DC LIBDIARIO$TYPE$LIB:RECORD
  441700 INGRESOS$TYPE$ING:RECORD
  4417E8 CUENTAS$TYPE$CUE:RECORD
  441844 ZONA_VIVIENDA$TYPE$ZON:RECORD
  44188C USUARIO$TYPE$USU:RECORD
  441904 TIPO_INSTITUCION$TYPE$TIP4:RECORD
  441968 TIPO_DOC$TYPE$TIP3:RECORD
  4419BC SOCIOS$TYPE$SOC:RECORD
  441EE8 PAIS$TYPE$PAI:RECORD
  441F30 PAGOS$TYPE$PAG:RECORD
  442078 LOCALIDAD$TYPE$LOC:RECORD
  442110 INSTITUCION$TYPE$INS2:RECORD
  442218 FACTURA$TYPE$FAC:RECORD
  442360 COBERTURA$TYPE$COB:RECORD
  4423F4 RANKING$TYPE$RAN:RECORD
  4424C4 PAGO_CONVENIO$TYPE$PAGCON:RECORD
  44265C FONDOS$TYPE$FON:RECORD
  4426DC CIRCULO$TYPE$CIR:RECORD
  442AD4 VMTP$DICTIONARY
  442B7C VMTP$HIDE:RELATE:NIVEL_FORMACION
  442B84 VMTP$HIDE:ACCESS:NIVEL_FORMACION
  442B8C VMTP$HIDE:RELATE:SUBCUENTAS
  442B94 VMTP$HIDE:ACCESS:SUBCUENTAS
  442B9C VMTP$HIDE:RELATE:LIBDIARIO
  442BA4 VMTP$HIDE:ACCESS:LIBDIARIO
  442BAC VMTP$HIDE:RELATE:INGRESOS
  442BB4 VMTP$HIDE:ACCESS:INGRESOS
  442BBC VMTP$HIDE:RELATE:CUENTAS
  442BC4 VMTP$HIDE:ACCESS:CUENTAS
  442BCC VMTP$HIDE:RELATE:ZONA_VIVIENDA
  442BD4 VMTP$HIDE:ACCESS:ZONA_VIVIENDA
  442BDC VMTP$HIDE:RELATE:USUARIO
  442BE4 VMTP$HIDE:ACCESS:USUARIO
  442BEC VMTP$HIDE:RELATE:TIPO_INSTITUCION
  442BF4 VMTP$HIDE:ACCESS:TIPO_INSTITUCION
  442BFC VMTP$HIDE:RELATE:TIPO_DOC
  442C04 VMTP$HIDE:ACCESS:TIPO_DOC
  442C0C VMTP$HIDE:RELATE:SOCIOS
  442C14 VMTP$HIDE:ACCESS:SOCIOS
  442C1C VMTP$HIDE:RELATE:PAIS
  442C24 VMTP$HIDE:ACCESS:PAIS
  442C2C VMTP$HIDE:RELATE:PAGOS
  442C34 VMTP$HIDE:ACCESS:PAGOS
  442C3C VMTP$HIDE:RELATE:LOCALIDAD
  442C44 VMTP$HIDE:ACCESS:LOCALIDAD
  442C4C VMTP$HIDE:RELATE:INSTITUCION
  442C54 VMTP$HIDE:ACCESS:INSTITUCION
  442C5C VMTP$HIDE:RELATE:FACTURA
  442C64 VMTP$HIDE:ACCESS:FACTURA
  442C6C VMTP$HIDE:RELATE:COBERTURA
  442C74 VMTP$HIDE:ACCESS:COBERTURA
  442C7C VMTP$HIDE:RELATE:RANKING
  442C84 VMTP$HIDE:ACCESS:RANKING
  442C8C VMTP$HIDE:RELATE:PAGO_CONVENIO
  442C94 VMTP$HIDE:ACCESS:PAGO_CONVENIO
  442C9C VMTP$HIDE:RELATE:FONDOS
  442CA4 VMTP$HIDE:ACCESS:FONDOS
  442CAC VMTP$HIDE:RELATE:CIRCULO
  442CB4 VMTP$HIDE:ACCESS:CIRCULO
  442CBC VMTP$HIDE:RELATE:BANCO_COD_REG
  442CC4 VMTP$HIDE:ACCESS:BANCO_COD_REG
  442CCC VMTP$HIDE:RELATE:BANCO
  442CD4 VMTP$HIDE:ACCESS:BANCO
  442CDC VMTP$HIDE:RELATE:TIPO_PROVEEDOR
  442CE4 VMTP$HIDE:ACCESS:TIPO_PROVEEDOR
  442CEC VMTP$HIDE:RELATE:TIPO_IVA
  442CF4 VMTP$HIDE:ACCESS:TIPO_IVA
  442CFC VMTP$HIDE:RELATE:PROVEEDORES
  442D04 VMTP$HIDE:ACCESS:PROVEEDORES
  442D0C VMTP$HIDE:RELATE:TIPO_TITULO
  442D14 VMTP$HIDE:ACCESS:TIPO_TITULO
  442D1C VMTP$FILESMANAGER
  442D24 VMTP$UNTHREADEDFILEOPENSERVER
  442D2C VMTP$THREADEDFILEOPENSERVER
  442D34 VMTP$CONSTANTCLASS
  442D3C VMTP$INICLASS
  442D44 VMTP$BUFFEREDPAIRSCLASS
  442D4C VMTP$FIELDPAIRSCLASS
  442D54 VMTP$POPUPCLASS
  442D5C VMTP$TOOLBARCLASS
  442D64 VMTP$TOOLBARLISTBOXCLASS
  442D6C VMTP$EDITENTRYCLASS
  442D74 VMTP$BROWSEEIPMANAGER
  442D7C VMTP$BROWSECLASS
  442D84 VMTP$STANDARDBEHAVIOR
  442D8C VMTP$STEPLOCATORCLASS
  442D94 VMTP$STEPLONGCLASS
  442D9C VMTP$STEPCLASS
  442DA4 VMTP$HISTHANDLERCLASS
  442DAC VMTP$MSGBOXCLASS
  442DB4 VMTP$ERRORCLASS
  442DBC VMTP$STANDARDERRORLOGCLASS
  442DC4 VMTP$ERRORSTATUSCLASS
  442DCC VMTP$FUZZYCLASS
  442DD4 VMTP$WMFDOCUMENTPARSER
  442DDC VMTP$WMFPARSER
  442DE4 VMTP$REPORTATTRIBUTEMANAGER
  442DEC VMTP$REPORTTARGETSELECTORCLASS
  442DF4 VMTP$CRITICALSECTION
  442DFC VMTP$CRITICALPROCEDURE
  442E10 $FUZZYMATCHER
  444434 $COLORMAP
  44446C $MULTIWINDOW
  444470 $TXTWINDOW
  444474 $WINDOW
  444478 STDERRORFILE$RECORD
  444878 $UNTHREADEDFILEOPENERMAP
  444880 $CREATEOPENERCRIT
  444990 KEYS$WMFINFILE
  4449C4 $INIMGR
  444ADC MEMOS$LOCALIDAD
  444AE0 IDSOCIO | READONLY
  445008 BANCO_COD_REG$BAN3:PK_BANCO_COD_REG
  44502C KEYS$BANCO_COD_REG
  445030 $BANCO_COD_REG
  445084 BANCO$BAN2:PK_BANCO
  4450A8 BANCO$BAN2:FK_BANCO_COD_RESGISTRO
  4450CC KEYS$BANCO
  4450D4 $BANCO
  445128 TIPO_PROVEEDOR$TIPP:PK_TIPO_PROVEEDOR
  44514C TIPO_PROVEEDOR$TIPP:IDX_TIPO_PROVEEDOR_DESCRIPCION
  445170 KEYS$TIPO_PROVEEDOR
  445178 $TIPO_PROVEEDOR
  4451CC TIPO_IVA$TIP7:PK_TIPO_IVA
  4451F0 TIPO_IVA$TIP7:IDX_TIPOIVA_DESCRIPCION
  445214 KEYS$TIPO_IVA
  44521C $TIPO_IVA
  445270 PROVEEDORES$PRO2:PK_PROVEEDOR
  445294 PROVEEDORES$PRO2:FK_PROVEEDORES_TIPOIVA
  4452B8 PROVEEDORES$PRO2:FK_PROVEEDORES_TIPO_PROVEEDOR
  4452DC PROVEEDORES$PRO2:FK_PROVEEDORES_USUARIO
  445300 PROVEEDORES$PRO2:IDX_PROVEEDORES_CUIT
  445324 PROVEEDORES$PRO2:IDX_PROVEEDORES_DESCRIPCION
  445348 KEYS$PROVEEDORES
  445360 $PROVEEDORES
  4453B4 TIPO_TITULO$TIP6:PK_TIPO_TITULO
  4453D8 TIPO_TITULO$TIP6:FK_TIPO_TITULO_NIVEL_FORMACION
  4453FC KEYS$TIPO_TITULO
  445404 $TIPO_TITULO
  445458 NIVEL_FORMACION$NIV:PK_NIVEL_FORMACION
  44547C KEYS$NIVEL_FORMACION
  445480 $NIVEL_FORMACION
  4454D4 SUBCUENTAS$SUB:INTEG_113
  4454F8 SUBCUENTAS$SUB:FK_SUBCUENTAS
  44551C SUBCUENTAS$SUB:IDX_SUBCUENTAS_CONTABLE
  445540 SUBCUENTAS$SUB:FK_SUBCUENTAS_FONDOS
  445564 KEYS$SUBCUENTAS
  445574 $SUBCUENTAS
  4455C8 LIBDIARIO$LIB:PK_LIBDIARIO
  4455EC LIBDIARIO$LIB:FK_LIBDIARIO_SUBCUENTA
  445610 LIBDIARIO$LIB:IDX_LIBDIARIO_FECHA
  445634 LIBDIARIO$LIB:IDX_LIBDIARIO_MES
  445658 LIBDIARIO$LIB:IDX_LIBDIARIO_ANO
  44567C LIBDIARIO$LIB:IDX_LIBDIARIO_PERIODO
  4456A0 LIBDIARIO$LIB:IDX_LIBDIARIO_TRANSACCION
  4456C4 LIBDIARIO$LIB:IDX_LIBDIARIO_UNIQUE_TRANSAC
  4456E8 LIBDIARIO$LIB:IDX_LIBDIARIO_RECIBO
  44570C KEYS$LIBDIARIO
  445730 $LIBDIARIO
  445784 INGRESOS$ING:PK_INGRESOS
  4457A8 INGRESOS$ING:FK_INGRESOS_SUBCUENTA
  4457CC INGRESOS$ING:FK_INGRESOS_USUARIOS
  4457F0 INGRESOS$ING:IDX_INGRESOS_FECHA
  445814 INGRESOS$ING:IDX_INGRESOS_UNIQUE
  445838 INGRESOS$ING:FK_INGRESOS_PROVEEDOR
  44585C KEYS$INGRESOS
  445874 $INGRESOS
  4458C8 CUENTAS$CUE:PK_CUENTAS
  4458EC CUENTAS$CUE:IDX_TIPO
  445910 KEYS$CUENTAS
  445918 $CUENTAS
  44596C ZONA_VIVIENDA$ZON:PK_ZONA_VIVIENDA
  445990 ZONA_VIVIENDA$ZON:IDX_ZONA_VIVIENDA
  4459B4 KEYS$ZONA_VIVIENDA
  4459BC $ZONA_VIVIENDA
  445A10 USUARIO$USU:PK_USUARIO
  445A34 USUARIO$USU:USUARIO_IDX1
  445A58 KEYS$USUARIO
  445A60 $USUARIO
  445AB4 TIPO_INSTITUCION$TIP4:PK_T_INSTITUCION
  445AD8 TIPO_INSTITUCION$TIP4:IDX_T_INST_DESCRIPCION
  445AFC KEYS$TIPO_INSTITUCION
  445B04 $TIPO_INSTITUCION
  445B58 TIPO_DOC$TIP3:PK_TIPO_DOC
  445B7C TIPO_DOC$TIP3:IDX_TIPO_DOC_DESCIPCION
  445BA0 KEYS$TIPO_DOC
  445BA8 $TIPO_DOC
  445BFC SOCIOS$SOC:PK_SOCIOS
  445C20 SOCIOS$SOC:IDX_SOCIOS_DOCUMENTO
  445C44 SOCIOS$SOC:IDX_SOCIOS_MATRICULA
  445C68 SOCIOS$SOC:FK_SOCIOS_CIRCULO
  445C8C SOCIOS$SOC:FK_SOCIOS_COBERTURA
  445CB0 SOCIOS$SOC:FK_SOCIOS_INSTITUCION
  445CD4 SOCIOS$SOC:FK_SOCIOS_LOCALIDAD
  445CF8 SOCIOS$SOC:FK_SOCIOS_TIPO_DOC
  445D1C SOCIOS$SOC:FK_SOCIOS_USUARIO
  445D40 SOCIOS$SOC:FK_SOCIOS_ZONA_VIVENDA
  445D64 SOCIOS$SOC:IDX_SOCIOS_ACTA
  445D88 SOCIOS$SOC:IDX_SOCIOS_BAJA
  445DAC SOCIOS$SOC:IDX_SOCIOS_LIBRO
  445DD0 SOCIOS$SOC:IDX_SOCIOS_NOMBRE
  445DF4 SOCIOS$SOC:IDX_SOCIOS_N_VIEJO
  445E18 SOCIOS$SOC:IDX_SOCIOS_PROVISORIO
  445E3C SOCIOS$SOC:IDX_SOCIO_INGRESO
  445E60 SOCIOS$SOC:FK_SOCIOS_TIPO_TITULO
  445E84 SOCIOS$SOC:IDX_SOCIOS_MINISTERIO
  445EA8 SOCIOS$SOC:SOCIOS_CENTRO_SALUD
  445ECC SOCIOS$SOC:IDX_SOCIOS_PROVEEDOR
  445EF0 SOCIOS$SOC:FK_SOCIOS_TIPO_IVA
  445F14 SOCIOS$SOC:FK_SOCIOS_BANCO
  445F38 KEYS$SOCIOS
  445F94 $SOCIOS
  445FE8 PAIS$PAI:PK_PAIS
  44600C PAIS$PAI:IDX_PAIS_DESCRIPCION
  446030 KEYS$PAIS
  446038 $PAIS
  44608C PAGOS$PAG:FK_PAGOS_FACTURA
  4460B0 PAGOS$PAG:PK_PAGOS
  4460D4 PAGOS$PAG:FK_PAGOS_SOCIOS
  4460F8 PAGOS$PAG:FK_PAGOS_USUARIO
  44611C PAGOS$PAG:IDX_FECHA
  446140 PAGOS$PAG:IDX_PERIODO
  446164 PAGOS$PAG:FK_PAGOS_SUBCUENTA
  446188 KEYS$PAGOS
  4461A4 $PAGOS
  4461F8 LOCALIDAD$LOC:PK_LOCALIDAD
  44621C LOCALIDAD$LOC:FK_LOCALIDAD_PAIS
  446240 LOCALIDAD$LOC:KEY_CP
  446264 LOCALIDAD$LOC:NOMBRE
  446288 KEYS$LOCALIDAD
  446298 $LOCALIDAD
  4462EC INSTITUCION$INS2:PK_INSTITUCION
  446310 INSTITUCION$INS2:IDX_INSTITUCION_NOMBRE
  446334 INSTITUCION$INS2:FK_INSTITUCION_LOCALIDAD
  446358 INSTITUCION$INS2:FK_INSTITUCION_TIPO
  44637C INSTITUCION$INS2:IDX_INSTITUCION_NOMBRECORTO
  4463A0 KEYS$INSTITUCION
  4463B4 $INSTITUCION
  446408 FACTURA$FAC:PK_FACTURA
  44642C FACTURA$FAC:FK_FACTURA_SOCIO
  446450 FACTURA$FAC:FK_FACTURA_USUARIO
  446474 FACTURA$FAC:IDX_FACTURA_ANO
  446498 FACTURA$FAC:IDX_FACTURA_ESTADO
  4464BC FACTURA$FAC:IDX_FACTURA_FECHA
  4464E0 FACTURA$FAC:IDX_FACTURA_MES
  446504 FACTURA$FAC:IDX_FACTURA_PERIODO
  446528 FACTURA$FAC:IDX_FACTURA_TOTAL
  44654C KEYS$FACTURA
  446570 $FACTURA
  4465C4 COBERTURA$COB:PK_COBERTURA
  4465E8 COBERTURA$COB:IDX_COBERTURA
  44660C COBERTURA$COB:IDX_MONTO
  446630 KEYS$COBERTURA
  44663C $COBERTURA
  446690 RANKING$RAN:PK_RANKING
  4466B4 RANKING$RAN:IDX_C2
  4466D8 RANKING$RAN:IDX_C3
  4466FC RANKING$RAN:IDX_C4
  446720 RANKING$RAN:IDX_C5
  446744 RANKING$RAN:IDX_CANTIDAD
  446768 RANKING$RAN:IDX_IMPORTE
  44678C KEYS$RANKING
  4467A8 $RANKING
  4467FC PAGO_CONVENIO$PAGCON:PK_PAGO_CONVENIO
  446820 PAGO_CONVENIO$PAGCON:FK_PAGO_CONVENIO_SOCIO
  446844 PAGO_CONVENIO$PAGCON:IDX_PAGO_CONVENIO_UNIQUE
  446868 PAGO_CONVENIO$PAGCON:FK_PAGO_CONVENIO_CONVENIO
  44688C PAGO_CONVENIO$PAGCON:FK_PAGO_CONVENIO_USUARIO
  4468B0 PAGO_CONVENIO$PAGCON:IDX_PAGO_CONVENIO_PERIODO
  4468D4 PAGO_CONVENIO$PAGCON:IDX_PAGO_CONVENIO_FECHA
  4468F8 PAGO_CONVENIO$PAGCON:FK_PAGO_CONVENIO_SUBCUENTA
  44691C KEYS$PAGO_CONVENIO
  44693C $PAGO_CONVENIO
  446990 FONDOS$FON:PK_FONDOS
  4469B4 FONDOS$FON:IDX_FONDOS_NOMBRE
  4469D8 KEYS$FONDOS
  4469E0 $FONDOS
  446A34 CIRCULO$CIR:PK_CIRCULO
  446A58 CIRCULO$CIR:IDX_CIRCULO
  446A7C KEYS$CIRCULO
  446A84 $CIRCULO
  446C70 $EPOC
  446CC8 $WMFINFILE
  446DD0 $GLOBALERRORSTATUS
  4480F4 $GLOBALREQUEST
  4480F8 $GLOBALRESPONSE
  4480FC $VCRREQUEST
  448100 $DICTIONARY
  448104 BANCO_COD_REG$BAN3:RECORD
  448140 BANCO$BAN2:RECORD
  448188 TIPO_PROVEEDOR$TIPP:RECORD
  4481C0 TIPO_IVA$TIP7:RECORD
  4481E8 PROVEEDORES$PRO2:RECORD
  448360 TIPO_TITULO$TIP6:RECORD
  4483A8 NIVEL_FORMACION$NIV:RECORD
  4483E4 SUBCUENTAS$SUB:RECORD
  448460 LIBDIARIO$LIB:RECORD
  4484E8 INGRESOS$ING:RECORD
  448584 CUENTAS$CUE:RECORD
  4485F0 ZONA_VIVIENDA$ZON:RECORD
  44860C USUARIO$USU:RECORD
  448638 TIPO_INSTITUCION$TIP4:RECORD
  448670 TIPO_DOC$TIP3:RECORD
  44868C SOCIOS$SOC:RECORD
  448AD8 PAIS$PAI:RECORD
  448AF4 PAGOS$PAG:RECORD
  448B34 LOCALIDAD$LOC:RECORD
  448B94 INSTITUCION$INS2:RECORD
  448C84 FACTURA$FAC:RECORD
  448CE0 COBERTURA$COB:RECORD
  448D1C RANKING$RAN:RECORD
  448F8C PAGO_CONVENIO$PAGCON:RECORD
  448FFC FONDOS$FON:RECORD
  449030 CIRCULO$CIR:RECORD
  44907C $RELATE:BANCO_COD_REG
  449080 $ACCESS:BANCO_COD_REG
  449084 $RELATE:BANCO
  449088 $ACCESS:BANCO
  44908C $RELATE:TIPO_PROVEEDOR
  449090 $ACCESS:TIPO_PROVEEDOR
  449094 $RELATE:TIPO_IVA
  449098 $ACCESS:TIPO_IVA
  44909C $RELATE:PROVEEDORES
  4490A0 $ACCESS:PROVEEDORES
  4490A4 $RELATE:TIPO_TITULO
  4490A8 $ACCESS:TIPO_TITULO
  4490AC $RELATE:NIVEL_FORMACION
  4490B0 $ACCESS:NIVEL_FORMACION
  4490B4 $RELATE:SUBCUENTAS
  4490B8 $ACCESS:SUBCUENTAS
  4490BC $RELATE:LIBDIARIO
  4490C0 $ACCESS:LIBDIARIO
  4490C4 $RELATE:INGRESOS
  4490C8 $ACCESS:INGRESOS
  4490CC $RELATE:CUENTAS
  4490D0 $ACCESS:CUENTAS
  4490D4 $RELATE:ZONA_VIVIENDA
  4490D8 $ACCESS:ZONA_VIVIENDA
  4490DC $RELATE:USUARIO
  4490E0 $ACCESS:USUARIO
  4490E4 $RELATE:TIPO_INSTITUCION
  4490E8 $ACCESS:TIPO_INSTITUCION
  4490EC $RELATE:TIPO_DOC
  4490F0 $ACCESS:TIPO_DOC
  4490F4 $RELATE:SOCIOS
  4490F8 $ACCESS:SOCIOS
  4490FC $RELATE:PAIS
  449100 $ACCESS:PAIS
  449104 $RELATE:PAGOS
  449108 $ACCESS:PAGOS
  44910C $RELATE:LOCALIDAD
  449110 $ACCESS:LOCALIDAD
  449114 $RELATE:INSTITUCION
  449118 $ACCESS:INSTITUCION
  44911C $RELATE:FACTURA
  449120 $ACCESS:FACTURA
  449124 $RELATE:COBERTURA
  449128 $ACCESS:COBERTURA
  44912C $RELATE:RANKING
  449130 $ACCESS:RANKING
  449134 $RELATE:PAGO_CONVENIO
  449138 $ACCESS:PAGO_CONVENIO
  44913C $RELATE:FONDOS
  449140 $ACCESS:FONDOS
  449144 $RELATE:CIRCULO
  449148 $ACCESS:CIRCULO
  449194 SUMAR_CANT_CUOTAS_BC0$_HIDE:RELATE:NIVEL_FORMACION
  449198 SUMAR_CANT_CUOTAS_BC0$_HIDE:ACCESS:NIVEL_FORMACION
  44919C SUMAR_CANT_CUOTAS_BC0$_HIDE:RELATE:SUBCUENTAS
  4491A0 SUMAR_CANT_CUOTAS_BC0$_HIDE:ACCESS:SUBCUENTAS
  4491A4 SUMAR_CANT_CUOTAS_BC0$_HIDE:RELATE:LIBDIARIO
  4491A8 SUMAR_CANT_CUOTAS_BC0$_HIDE:ACCESS:LIBDIARIO
  4491AC SUMAR_CANT_CUOTAS_BC0$_HIDE:RELATE:INGRESOS
  4491B0 SUMAR_CANT_CUOTAS_BC0$_HIDE:ACCESS:INGRESOS
  4491B4 SUMAR_CANT_CUOTAS_BC0$_HIDE:RELATE:CUENTAS
  4491B8 SUMAR_CANT_CUOTAS_BC0$_HIDE:ACCESS:CUENTAS
  4491BC SUMAR_CANT_CUOTAS_BC0$_HIDE:RELATE:ZONA_VIVIENDA
  4491C0 SUMAR_CANT_CUOTAS_BC0$_HIDE:ACCESS:ZONA_VIVIENDA
  4491C4 SUMAR_CANT_CUOTAS_BC0$_HIDE:RELATE:USUARIO
  4491C8 SUMAR_CANT_CUOTAS_BC0$_HIDE:ACCESS:USUARIO
  4491CC SUMAR_CANT_CUOTAS_BC0$_HIDE:RELATE:TIPO_INSTITUCION
  4491D0 SUMAR_CANT_CUOTAS_BC0$_HIDE:ACCESS:TIPO_INSTITUCION
  4491D4 SUMAR_CANT_CUOTAS_BC0$_HIDE:RELATE:TIPO_DOC
  4491D8 SUMAR_CANT_CUOTAS_BC0$_HIDE:ACCESS:TIPO_DOC
  4491DC SUMAR_CANT_CUOTAS_BC0$_HIDE:RELATE:SOCIOS
  4491E0 SUMAR_CANT_CUOTAS_BC0$_HIDE:ACCESS:SOCIOS
  4491E4 SUMAR_CANT_CUOTAS_BC0$_HIDE:RELATE:PAIS
  4491E8 SUMAR_CANT_CUOTAS_BC0$_HIDE:ACCESS:PAIS
  4491EC SUMAR_CANT_CUOTAS_BC0$_HIDE:RELATE:PAGOS
  4491F0 SUMAR_CANT_CUOTAS_BC0$_HIDE:ACCESS:PAGOS
  4491F4 SUMAR_CANT_CUOTAS_BC0$_HIDE:RELATE:LOCALIDAD
  4491F8 SUMAR_CANT_CUOTAS_BC0$_HIDE:ACCESS:LOCALIDAD
  4491FC SUMAR_CANT_CUOTAS_BC0$_HIDE:RELATE:INSTITUCION
  449200 SUMAR_CANT_CUOTAS_BC0$_HIDE:ACCESS:INSTITUCION
  449204 SUMAR_CANT_CUOTAS_BC0$_HIDE:RELATE:FACTURA
  449208 SUMAR_CANT_CUOTAS_BC0$_HIDE:ACCESS:FACTURA
  44920C SUMAR_CANT_CUOTAS_BC0$_HIDE:RELATE:COBERTURA
  449210 SUMAR_CANT_CUOTAS_BC0$_HIDE:ACCESS:COBERTURA
  449214 SUMAR_CANT_CUOTAS_BC0$_HIDE:RELATE:RANKING
  449218 SUMAR_CANT_CUOTAS_BC0$_HIDE:ACCESS:RANKING
  44921C SUMAR_CANT_CUOTAS_BC0$_HIDE:RELATE:PAGO_CONVENIO
  449220 SUMAR_CANT_CUOTAS_BC0$_HIDE:ACCESS:PAGO_CONVENIO
  449224 SUMAR_CANT_CUOTAS_BC0$_HIDE:RELATE:FONDOS
  449228 SUMAR_CANT_CUOTAS_BC0$_HIDE:ACCESS:FONDOS
  44922C SUMAR_CANT_CUOTAS_BC0$_HIDE:RELATE:CIRCULO
  449230 SUMAR_CANT_CUOTAS_BC0$_HIDE:ACCESS:CIRCULO
  449234 SUMAR_CANT_CUOTAS_BC1$_HIDE:RELATE:BANCO_COD_REG
  449238 SUMAR_CANT_CUOTAS_BC1$_HIDE:ACCESS:BANCO_COD_REG
  44923C SUMAR_CANT_CUOTAS_BC1$_HIDE:RELATE:BANCO
  449240 SUMAR_CANT_CUOTAS_BC1$_HIDE:ACCESS:BANCO
  449244 SUMAR_CANT_CUOTAS_BC1$_HIDE:RELATE:TIPO_PROVEEDOR
  449248 SUMAR_CANT_CUOTAS_BC1$_HIDE:ACCESS:TIPO_PROVEEDOR
  44924C SUMAR_CANT_CUOTAS_BC1$_HIDE:RELATE:TIPO_IVA
  449250 SUMAR_CANT_CUOTAS_BC1$_HIDE:ACCESS:TIPO_IVA
  449254 SUMAR_CANT_CUOTAS_BC1$_HIDE:RELATE:PROVEEDORES
  449258 SUMAR_CANT_CUOTAS_BC1$_HIDE:ACCESS:PROVEEDORES
  44925C SUMAR_CANT_CUOTAS_BC1$_HIDE:RELATE:TIPO_TITULO
  449260 SUMAR_CANT_CUOTAS_BC1$_HIDE:ACCESS:TIPO_TITULO
  449264 $FILESMANAGER
  44927C $SZDBTEXTLOG
  449B70 WMFINFILE$WMFF@:RECORD
  45B000 __import_section_start
  45CA68 __import_section_end

Imports
ClaASC.dll:ASCII 45B080
ClaDOS.dll:DOS 45B090
ClaODB.dll:ODBC 45B0A0
ClaRUN.dll:Cla$ACCEPTED 45B440,401000
ClaRUN.dll:Cla$ADDqueue 45B444
ClaRUN.dll:Cla$ADDqueuekey 45B448,401008
ClaRUN.dll:Cla$ADDqueueptr 45B44C
ClaRUN.dll:Cla$AddressUfo 45B450
ClaRUN.dll:Cla$AssignLong2RefUfo 45B454
ClaRUN.dll:Cla$AssignReal2RefUfo 45B458
ClaRUN.dll:Cla$AssignRefUfo 45B45C
ClaRUN.dll:Cla$BEEP 45B460,401010
ClaRUN.dll:Cla$BindG 45B464
ClaRUN.dll:Cla$BindV 45B468
ClaRUN.dll:Cla$CHOICE 45B46C,401018
ClaRUN.dll:Cla$CLEAR 45B470
ClaRUN.dll:Cla$CLEARqueue 45B474
ClaRUN.dll:Cla$clearstr 45B478
ClaRUN.dll:Cla$ClearType 45B47C
ClaRUN.dll:Cla$ClearUfo 45B480
ClaRUN.dll:Cla$CLOCK 45B484,401020
ClaRUN.dll:Cla$CloneUfo 45B488
ClaRUN.dll:Cla$CLOSEwindow 45B48C,401028
ClaRUN.dll:Cla$code 45B490
ClaRUN.dll:Cla$COMMIT 45B494,401030
ClaRUN.dll:Cla$comparestr 45B498
ClaRUN.dll:Cla$CREATE 45B49C
ClaRUN.dll:Cla$DecAdd 45B4A0
ClaRUN.dll:Cla$DecCompareN 45B4A4
ClaRUN.dll:Cla$DecDistinct 45B4A8
ClaRUN.dll:Cla$DecDistinctR 45B4AC
ClaRUN.dll:Cla$DecDivide 45B4B0
ClaRUN.dll:Cla$DecMul 45B4B4
ClaRUN.dll:Cla$DecSub 45B4B8
ClaRUN.dll:Cla$DecSubR 45B4BC
ClaRUN.dll:Cla$DELETEqueue 45B4C0,401038
ClaRUN.dll:Cla$DELETEREG 45B4C4,401040
ClaRUN.dll:Cla$DESTROY 45B4C8,401048
ClaRUN.dll:Cla$DISABLE 45B4CC,401050
ClaRUN.dll:Cla$DISPLAY 45B4D0,401058
ClaRUN.dll:Cla$DISPOSEqueue 45B4D4
ClaRUN.dll:Cla$DISPOSEref 45B4D8
ClaRUN.dll:Cla$DISPOSEvref 45B4DC
ClaRUN.dll:Cla$Dlongpower 45B4E0
ClaRUN.dll:Cla$DPopDec 45B4E4
ClaRUN.dll:Cla$DPopLong 45B4E8
ClaRUN.dll:Cla$DPopReal 45B4EC
ClaRUN.dll:Cla$DPopUlong 45B4F0
ClaRUN.dll:Cla$DPushConstant 45B4F4
ClaRUN.dll:Cla$DPushDec 45B4F8
ClaRUN.dll:Cla$DPushLong 45B4FC
ClaRUN.dll:Cla$DPushULong 45B500
ClaRUN.dll:Cla$DRound 45B504
ClaRUN.dll:Cla$DStack2Stack 45B508
ClaRUN.dll:Cla$ENABLE 45B50C,401060
ClaRUN.dll:Cla$EndEventLoop 45B510
ClaRUN.dll:Cla$EndEventLoops 45B514
ClaRUN.dll:Cla$ENDPAGE 45B518,401068
ClaRUN.dll:Cla$ERRORCODE 45B51C,401070
ClaRUN.dll:Cla$Evaluate 45B520,401078
ClaRUN.dll:Cla$EVENT 45B524,401080
ClaRUN.dll:Cla$FIELD 45B528,401088
ClaRUN.dll:Cla$FILEERRORCODE 45B52C,401090
ClaRUN.dll:Cla$FILEERRORMSG 45B530,401098
ClaRUN.dll:Cla$FileExists 45B534,4010A0
ClaRUN.dll:Cla$FILE_ADDf 45B538
ClaRUN.dll:Cla$FILE_BUFFER 45B53C,4010A8
ClaRUN.dll:Cla$FILE_BUILDf 45B540,4010B0
ClaRUN.dll:Cla$FILE_BYTES 45B544,4010B8
ClaRUN.dll:CLA$FILE_CALLBACK 45B548,4010C0
ClaRUN.dll:Cla$FILE_CLEAR 45B54C
ClaRUN.dll:Cla$FILE_CLOSE 45B550,4010C8
ClaRUN.dll:Cla$FILE_CREATE 45B554
ClaRUN.dll:Cla$FILE_DELETE 45B558,4010D0
ClaRUN.dll:CLA$FILE_DESTROY 45B55C
ClaRUN.dll:Cla$FILE_DUPLICATEk 45B560,4010D8
ClaRUN.dll:Cla$FILE_FLUSH 45B564,4010E0
ClaRUN.dll:CLA$FILE_FREESTATE 45B568,4010E8
ClaRUN.dll:Cla$FILE_GETfk 45B56C
ClaRUN.dll:Cla$FILE_GETfl 45B570
ClaRUN.dll:Cla$FILE_GETflu 45B574
ClaRUN.dll:Cla$FILE_GETNULLS 45B578,4010F0
ClaRUN.dll:CLA$FILE_GETSTATE 45B57C,4010F8
ClaRUN.dll:Cla$FILE_GET_PROPERTY 45B580
ClaRUN.dll:Cla$FILE_NAME 45B584,401100
ClaRUN.dll:Cla$FILE_NEXT 45B588,401108
ClaRUN.dll:Cla$FILE_NOMEMO 45B58C,401110
ClaRUN.dll:Cla$FILE_OPEN 45B590,401118
ClaRUN.dll:Cla$FILE_POSITIONf 45B594,401120
ClaRUN.dll:Cla$FILE_POSITIONk 45B598,401128
ClaRUN.dll:Cla$FILE_PREV 45B59C,401130
ClaRUN.dll:Cla$FILE_PUTf 45B5A0
ClaRUN.dll:Cla$FILE_RECORDSf 45B5A4,401138
ClaRUN.dll:Cla$FILE_REGETf 45B5A8,401140
ClaRUN.dll:Cla$FILE_REGETk 45B5AC,401148
ClaRUN.dll:Cla$FILE_RESETf 45B5B0,401150
ClaRUN.dll:Cla$FILE_RESETk 45B5B4,401158
ClaRUN.dll:CLA$FILE_RESTORESTATE 45B5B8,401160
ClaRUN.dll:Cla$FILE_SEND 45B5BC,401168
ClaRUN.dll:Cla$FILE_SETk 45B5C0,401170
ClaRUN.dll:Cla$FILE_SETkk 45B5C4,401178
ClaRUN.dll:Cla$FILE_SETNULLS 45B5C8,401180
ClaRUN.dll:Cla$FILE_SET_PROPERTY 45B5CC
ClaRUN.dll:Cla$FILE_STREAM 45B5D0,401188
ClaRUN.dll:Cla$FILE_WATCH 45B5D4,401190
ClaRUN.dll:Cla$FOCUS 45B5D8,401198
ClaRUN.dll:Cla$FREEqueue 45B5DC
ClaRUN.dll:Cla$FREEqueuea 45B5E0,4011A0
ClaRUN.dll:Cla$freestr 45B5E4
ClaRUN.dll:Cla$FreeUfo 45B5E8
ClaRUN.dll:Cla$freewindow 45B5EC
ClaRUN.dll:Cla$GETINI 45B5F0,4011A8
ClaRUN.dll:Cla$GETPOSITION 45B5F4,4011B0
ClaRUN.dll:Cla$GetPropS 45B5F8
ClaRUN.dll:Cla$GETqueuekey 45B5FC,4011B8
ClaRUN.dll:Cla$GETqueueptr 45B600
ClaRUN.dll:Cla$GETREG 45B604,4011C0
ClaRUN.dll:Cla$Group2Ufo 45B608
ClaRUN.dll:Cla$HALT 45B60C,4011C8
ClaRUN.dll:Cla$HIDE 45B610,4011D0
ClaRUN.dll:Cla$init 45B614
ClaRUN.dll:Cla$INSTANCE 45B618,4011D8
ClaRUN.dll:Cla$IsUfoString 45B61C,4011E0
ClaRUN.dll:Cla$KEYCHAR 45B620,4011E8
ClaRUN.dll:Cla$KEYCODE 45B624,4011F0
ClaRUN.dll:Cla$KEY_GET_PROPERTY 45B628
ClaRUN.dll:Cla$LASTFIELD 45B62C,4011F8
ClaRUN.dll:Cla$loadbtdate 45B630
ClaRUN.dll:Cla$loadbttime 45B634
ClaRUN.dll:Cla$LOGOUT 45B638,401200
ClaRUN.dll:Cla$longtostr 45B63C
ClaRUN.dll:Cla$Mem2Ufo 45B640
ClaRUN.dll:Cla$MessageBox 45B644,401208
ClaRUN.dll:Cla$NewMemB 45B648
ClaRUN.dll:Cla$NewMemT 45B64C
ClaRUN.dll:Cla$NEWqueue 45B650
ClaRUN.dll:Cla$NOTIFICATION 45B654,401210
ClaRUN.dll:Cla$OPENowned 45B658,401218
ClaRUN.dll:Cla$OPENwindow 45B65C,401220
ClaRUN.dll:Cla$paopen 45B660,401228
ClaRUN.dll:Cla$ploaddec 45B664
ClaRUN.dll:Cla$pmopen 45B668,401230
ClaRUN.dll:Cla$POINTERqueue 45B66C,401238
ClaRUN.dll:Cla$PopAString 45B670
ClaRUN.dll:Cla$PopBind 45B674,401240
ClaRUN.dll:Cla$PopCString 45B678
ClaRUN.dll:Cla$PopReal 45B67C
ClaRUN.dll:Cla$PopString 45B680
ClaRUN.dll:Cla$PopTemp 45B684
ClaRUN.dll:Cla$POPUP 45B688,401248
ClaRUN.dll:Cla$POST 45B68C,401250
ClaRUN.dll:Cla$PRESSKEY 45B690,401258
ClaRUN.dll:Cla$PushAString 45B694
ClaRUN.dll:Cla$PushBind 45B698,401260
ClaRUN.dll:Cla$PushCString 45B69C
ClaRUN.dll:Cla$PushLong 45B6A0
ClaRUN.dll:Cla$PushPictLong 45B6A4
ClaRUN.dll:Cla$PushString 45B6A8
ClaRUN.dll:Cla$PushUfo 45B6AC
ClaRUN.dll:Cla$PUTINI 45B6B0,401268
ClaRUN.dll:Cla$PUTqueue 45B6B4
ClaRUN.dll:Cla$PUTqueuekey 45B6B8,401270
ClaRUN.dll:Cla$PUTREG 45B6BC,401278
ClaRUN.dll:Cla$pwopen 45B6C0,401280
ClaRUN.dll:Cla$realdistinct 45B6C4
ClaRUN.dll:Cla$RECORDSqueue 45B6C8,401288
ClaRUN.dll:Cla$RefAssignAny 45B6CC
ClaRUN.dll:Cla$REGISTEREVENT 45B6D0,401290
ClaRUN.dll:Cla$REGULAR 45B6D4,401298
ClaRUN.dll:Cla$ROLLBACK 45B6D8,4012A0
ClaRUN.dll:Cla$rterr 45B6DC,4012A8
ClaRUN.dll:Cla$RUN 45B6E0,4012B0
ClaRUN.dll:Cla$SELECT 45B6E4,4012B8
ClaRUN.dll:Cla$SETCURSOR 45B6E8,4012C0
ClaRUN.dll:Cla$SETKEYCODE 45B6EC,4012C8
ClaRUN.dll:Cla$SETPOSITION 45B6F0,4012D0
ClaRUN.dll:Cla$SetPropF 45B6F4
ClaRUN.dll:Cla$SetPropS 45B6F8
ClaRUN.dll:Cla$SetPropV 45B6FC
ClaRUN.dll:Cla$SETTARGET 45B700,4012D8
ClaRUN.dll:Cla$SORTqueuekey 45B704,4012E0
ClaRUN.dll:Cla$Stack2DStack 45B708
ClaRUN.dll:Cla$Stack2Ufo 45B70C
ClaRUN.dll:Cla$StackCLIP 45B710,4012E8
ClaRUN.dll:Cla$StackCompareN 45B714
ClaRUN.dll:Cla$StackCompareNEQ 45B718
ClaRUN.dll:Cla$StackCompareR 45B71C
ClaRUN.dll:Cla$StackConcat 45B720
ClaRUN.dll:Cla$StackConcatR 45B724
ClaRUN.dll:Cla$StackDEFORMAT2 45B728
ClaRUN.dll:Cla$StackErrstr 45B72C,4012F0
ClaRUN.dll:Cla$StackHeap 45B730
ClaRUN.dll:Cla$StackINSTRING 45B734,4012F8
ClaRUN.dll:Cla$StackLEFT 45B738,401300
ClaRUN.dll:Cla$StackLen 45B73C,401308
ClaRUN.dll:Cla$StackNUMERIC 45B740,401310
ClaRUN.dll:Cla$STACKpop 45B744
ClaRUN.dll:Cla$StackRotate 45B748
ClaRUN.dll:Cla$StackSUB 45B74C,401318
ClaRUN.dll:Cla$StackUPPER 45B750,401320
ClaRUN.dll:Cla$START 45B754,401328
ClaRUN.dll:Cla$START2 45B758,401330
ClaRUN.dll:Cla$StartEventLoop 45B75C
ClaRUN.dll:Cla$storebtdate 45B760
ClaRUN.dll:Cla$storebttime 45B764
ClaRUN.dll:Cla$storecstr 45B768
ClaRUN.dll:Cla$storestr 45B76C
ClaRUN.dll:Cla$String2Ref 45B770
ClaRUN.dll:Cla$THREAD 45B774,401338
ClaRUN.dll:Cla$THREAD_FILE 45B778
ClaRUN.dll:Cla$TODAY 45B77C,401340
ClaRUN.dll:Cla$Ufo2Real 45B780
ClaRUN.dll:Cla$UfoCompareN 45B784
ClaRUN.dll:Cla$Ufodistinct 45B788
ClaRUN.dll:Cla$UNHIDE 45B78C,401348
ClaRUN.dll:Cla$UNREGISTEREVENT 45B790,401350
ClaRUN.dll:Cla$UPDATE 45B794,401358
ClaRUN.dll:Cla$VIEW_RESETvf 45B798,401360
ClaRUN.dll:Cla$VIEW_SETvl 45B79C,401368
ClaRUN.dll:Cla$WHAT 45B7A0,401370
ClaRUN.dll:Cla$WHATqueue 45B7A4,401378
ClaRUN.dll:Cla$WHOqueue 45B7A8,401380
ClaRUN.dll:Cla$YIELD 45B7AC,401388
ClaRUN.dll:NewCriticalSection 45B7B0,401390
ClaRUN.dll:THR$GetInstance 45B7B4,401398
ClaRUN.dll:VIEWDRIVER 45B7B8
ClaRUN.dll:_exit 45B7BC,4013A0
ClaRUN.dll:_fnsplit 45B7C0,4013A8
ClaRUN.dll:_free 45B7C4
ClaRUN.dll:_malloc 45B7C8
ClaRUN.dll:__sysinit 45B7CC,4013B0
ClaRUN.dll:__sysstart 45B7D0,4013B8
KERNEL32.dll:MulDiv 45B7E0,4013C0



Entry Point:   423960